Archive member included because of file (symbol)

C:/Freescale/CW MCU v10.6/MCU/ARM_GCC_Support/ewl/lib/armv6-m\libc.a(sscanf.o)
                              ./Sources/TFC/TFC_Terminal.o (sscanf)
C:/Freescale/CW MCU v10.6/MCU/ARM_GCC_Support/ewl/lib/armv6-m\libc.a(vsprintf.o)
                              ./Sources/TFC/TFC_Queue.o (vsprintf)
C:/Freescale/CW MCU v10.6/MCU/ARM_GCC_Support/ewl/lib/armv6-m\libc.a(vsscanf.o)
                              C:/Freescale/CW MCU v10.6/MCU/ARM_GCC_Support/ewl/lib/armv6-m\libc.a(sscanf.o) (vsscanf)
C:/Freescale/CW MCU v10.6/MCU/ARM_GCC_Support/ewl/lib/armv6-m\libc.a(exit.o)
                              ./Project_Settings/Startup_Code/__arm_start.o (exit)
C:/Freescale/CW MCU v10.6/MCU/ARM_GCC_Support/ewl/lib/armv6-m\libc.a(memset.o)
                              ./Project_Settings/Startup_Code/__arm_start.o (memset)
C:/Freescale/CW MCU v10.6/MCU/ARM_GCC_Support/ewl/lib/armv6-m\libc.a(strcmp.o)
                              ./Sources/TFC/TFC_Terminal.o (strcmp)
C:/Freescale/CW MCU v10.6/MCU/ARM_GCC_Support/ewl/lib/armv6-m\libc.a(strcpy.o)
                              ./Sources/TFC/TFC_Terminal.o (strcpy)
C:/Freescale/CW MCU v10.6/MCU/ARM_GCC_Support/ewl/lib/armv6-m\libc.a(strlen.o)
                              ./Sources/TFC/TFC_Queue.o (strlen)
C:/Freescale/CW MCU v10.6/MCU/ARM_GCC_Support/ewl/lib/armv6-m\libc.a(printformat_.o)
                              (__pformatter_)
C:/Freescale/CW MCU v10.6/MCU/ARM_GCC_Support/ewl/lib/armv6-m\libc.a(scanformat_.o)
                              (__sformatter)
C:/Freescale/CW MCU v10.6/MCU/ARM_GCC_Support/ewl/lib/armv6-m\libc.a(ctype_aeabi.o)
                              C:/Freescale/CW MCU v10.6/MCU/ARM_GCC_Support/ewl/lib/armv6-m\libc.a(scanformat_.o) (isspace)
C:/Freescale/CW MCU v10.6/MCU/ARM_GCC_Support/ewl/lib/armv6-m\libc.a(vsnprintf.o)
                              C:/Freescale/CW MCU v10.6/MCU/ARM_GCC_Support/ewl/lib/armv6-m\libc.a(vsprintf.o) (vsnprintf)
C:/Freescale/CW MCU v10.6/MCU/ARM_GCC_Support/ewl/lib/armv6-m\libc.a(__strtoul.o)
                              C:/Freescale/CW MCU v10.6/MCU/ARM_GCC_Support/ewl/lib/armv6-m\libc.a(scanformat_.o) (__strtoul)
C:/Freescale/CW MCU v10.6/MCU/ARM_GCC_Support/ewl/lib/armv6-m\libc.a(__filll_mem.o)
                              C:/Freescale/CW MCU v10.6/MCU/ARM_GCC_Support/ewl/lib/armv6-m\libc.a(memset.o) (__fill_mem)
C:/Freescale/CW MCU v10.6/MCU/ARM_GCC_Support/ewl/lib/armv6-m\libc.a(memchr.o)
                              C:/Freescale/CW MCU v10.6/MCU/ARM_GCC_Support/ewl/lib/armv6-m\libc.a(printformat_.o) (memchr)
C:/Freescale/CW MCU v10.6/MCU/ARM_GCC_Support/ewl/lib/armv6-m\libc.a(memcpy.o)
                              C:/Freescale/CW MCU v10.6/MCU/ARM_GCC_Support/ewl/lib/armv6-m\libc.a(scanformat_.o) (memcpy)
C:/Freescale/CW MCU v10.6/MCU/ARM_GCC_Support/ewl/lib/armv6-m\libc.a(strchr.o)
                              C:/Freescale/CW MCU v10.6/MCU/ARM_GCC_Support/ewl/lib/armv6-m\libc.a(printformat_.o) (strchr)
C:/Freescale/CW MCU v10.6/MCU/ARM_GCC_Support/ewl/lib/armv6-m\libm.a(w_sqrt.o)
                              ./Sources/main.o (sqrt)
C:/Freescale/CW MCU v10.6/MCU/ARM_GCC_Support/ewl/lib/armv6-m\libm.a(e_sqrt.o)
                              C:/Freescale/CW MCU v10.6/MCU/ARM_GCC_Support/ewl/lib/armv6-m\libm.a(w_sqrt.o) (__ieee754_sqrt)
C:/Freescale/CW MCU v10.6/MCU/ARM_GCC_Support/ewl/lib/armv6-m\libm.a(float.o)
                              C:/Freescale/CW MCU v10.6/MCU/ARM_GCC_Support/ewl/lib/armv6-m\libm.a(e_sqrt.o) (__double_nan)
c:/freescale/cw mcu v10.6/cross_tools/arm-none-eabi-gcc-4_7_3/bin/../lib/gcc/arm-none-eabi/4.7.3/armv6-m\libgcc.a(_thumb1_case_sqi.o)
                              C:/Freescale/CW MCU v10.6/MCU/ARM_GCC_Support/ewl/lib/armv6-m\libc.a(__strtoul.o) (__gnu_thumb1_case_sqi)
c:/freescale/cw mcu v10.6/cross_tools/arm-none-eabi-gcc-4_7_3/bin/../lib/gcc/arm-none-eabi/4.7.3/armv6-m\libgcc.a(_thumb1_case_uqi.o)
                              C:/Freescale/CW MCU v10.6/MCU/ARM_GCC_Support/ewl/lib/armv6-m\libc.a(scanformat_.o) (__gnu_thumb1_case_uqi)
c:/freescale/cw mcu v10.6/cross_tools/arm-none-eabi-gcc-4_7_3/bin/../lib/gcc/arm-none-eabi/4.7.3/armv6-m\libgcc.a(_udivsi3.o)
                              ./Sources/TFC/TFC_UART.o (__aeabi_uidiv)
c:/freescale/cw mcu v10.6/cross_tools/arm-none-eabi-gcc-4_7_3/bin/../lib/gcc/arm-none-eabi/4.7.3/armv6-m\libgcc.a(_divsi3.o)
                              ./Sources/TFC/TFC_CrystalClock.o (__aeabi_idiv)
c:/freescale/cw mcu v10.6/cross_tools/arm-none-eabi-gcc-4_7_3/bin/../lib/gcc/arm-none-eabi/4.7.3/armv6-m\libgcc.a(_dvmd_tls.o)
                              c:/freescale/cw mcu v10.6/cross_tools/arm-none-eabi-gcc-4_7_3/bin/../lib/gcc/arm-none-eabi/4.7.3/armv6-m\libgcc.a(_udivsi3.o) (__aeabi_idiv0)
c:/freescale/cw mcu v10.6/cross_tools/arm-none-eabi-gcc-4_7_3/bin/../lib/gcc/arm-none-eabi/4.7.3/armv6-m\libgcc.a(_arm_cmpsf2.o)
                              ./Sources/main.o (__aeabi_fcmpeq)
[...]
Memory Configuration

Name             Origin             Length             Attributes
m_interrupts     0x00000000         0x000000c0         xr
m_cfmprotrom     0x00000400         0x00000010         xr
m_text           0x00000800         0x0001f800         xr
m_data           0x1ffff000         0x00004000         xrw
*default*        0x00000000         0xffffffff

Linker script and memory map

LOAD ./Project_Settings/Startup_Code/kinetis_sysinit.o
LOAD ./Project_Settings/Startup_Code/__arm_start.o
LOAD ./Project_Settings/Startup_Code/__arm_end.o
LOAD ./Sources/TFC/TFC_arm_cm0.o
LOAD ./Sources/TFC/TFC_UART.o
LOAD ./Sources/TFC/TFC_Terminal.o
LOAD ./Sources/TFC/TFC_Servo.o
LOAD ./Sources/TFC/TFC_Queue.o
LOAD ./Sources/TFC/TFC_Motor.o
LOAD ./Sources/TFC/TFC_LineScanCamera.o
LOAD ./Sources/TFC/TFC_CrystalClock.o
LOAD ./Sources/TFC/TFC_BoardSupport.o
LOAD ./Sources/TFC/TFC_ARM_SysTick.o
LOAD ./Sources/TFC/TFC_ADC.o
LOAD ./Sources/TFC/TFC.o
LOAD ./Sources/sa_mtb.o
LOAD ./Sources/main.o
                0x000057b0                __pformatter = __pformatter_
                [0x00005bd8]                __sformatter = __sformatter
START GROUP
LOAD C:/Freescale/CW MCU v10.6/MCU/ARM_GCC_Support/ewl/lib/armv6-m\libc.a
LOAD C:/Freescale/CW MCU v10.6/MCU/ARM_GCC_Support/ewl/lib/armv6-m\libm.a
LOAD c:/freescale/cw mcu v10.6/cross_tools/arm-none-eabi-gcc-4_7_3/bin/../lib/gcc/arm-none-eabi/4.7.3/armv6-m\libgcc.a
LOAD C:/Freescale/CW MCU v10.6/MCU/ARM_GCC_Support/ewl/lib/armv6-m\librt.a
LOAD C:/Freescale/CW MCU v10.6/MCU/ARM_GCC_Support/ewl/lib/armv6-m\libuart.a
END GROUP
                0x20003000                _estack = 0x20003000
                0x20003000                __SP_INIT = _estack
                0x00000400                __heap_size = 0x400
                0x00000400                __stack_size = 0x400

.interrupts     0x00000000       0xc0
                0x00000000                __vector_table = .
                0x00000000                . = ALIGN (0x4)
 *(.vectortable)
 .vectortable   0x00000000       0xc0 ./Project_Settings/Startup_Code/kinetis_sysinit.o
                0x00000000                InterruptVector
                0x000000c0                . = ALIGN (0x4)

.cfmprotect     0x00000400        0x0
                0x00000400                . = ALIGN (0x4)
 *(.cfmconfig)
                0x00000400                . = ALIGN (0x4)

.text           0x00000800     0x65dc
                0x00000800                . = ALIGN (0x4)
 *(.text)
 .text          0x00000800       0x14 c:/freescale/cw mcu v10.6/cross_tools/arm-none-eabi-gcc-4_7_3/bin/../lib/gcc/arm-none-eabi/4.7.3/armv6-m\libgcc.a(_thumb1_case_sqi.o)
                0x00000800                __gnu_thumb1_case_sqi
 .text          0x00000814       0x14 c:/freescale/cw mcu v10.6/cross_tools/arm-none-eabi-gcc-4_7_3/bin/../lib/gcc/arm-none-eabi/4.7.3/armv6-m\libgcc.a(_thumb1_case_uqi.o)
                0x00000814                __gnu_thumb1_case_uqi
 .text          0x00000828       0x9c c:/freescale/cw mcu v10.6/cross_tools/arm-none-eabi-gcc-4_7_3/bin/../lib/gcc/arm-none-eabi/4.7.3/armv6-m\libgcc.a(_udivsi3.o)
                0x00000828                __aeabi_uidiv
                0x00000828                __udivsi3
                0x000008b0                __aeabi_uidivmod
 .text          0x000008c4       0xc0 c:/freescale/cw mcu v10.6/cross_tools/arm-none-eabi-gcc-4_7_3/bin/../lib/gcc/arm-none-eabi/4.7.3/armv6-m\libgcc.a(_divsi3.o)
                0x000008c4                __divsi3
                0x000008c4                __aeabi_idiv
                0x00000970                __aeabi_idivmod
 .text          0x00000984        0x4 c:/freescale/cw mcu v10.6/cross_tools/arm-none-eabi-gcc-4_7_3/bin/../lib/gcc/arm-none-eabi/4.7.3/armv6-m\libgcc.a(_dvmd_tls.o)
                0x00000984                __aeabi_idiv0
                0x00000984                __aeabi_ldiv0
 .text          0x00000988       0x74 c:/freescale/cw mcu v10.6/cross_tools/arm-none-eabi-gcc-4_7_3/bin/../lib/gcc/arm-none-eabi/4.7.3/armv6-m\libgcc.a(_arm_cmpsf2.o)
                0x00000988                __aeabi_cfrcmple
                0x00000990                __aeabi_cfcmpeq
                0x00000990                __aeabi_cfcmple
                0x000009a0                __aeabi_fcmpeq
                0x000009ac                __aeabi_fcmplt
                0x000009c0                __aeabi_fcmple
                0x000009d4                __aeabi_fcmpgt
                0x000009e8                __aeabi_fcmpge
 .text          0x000009fc       0x30 c:/freescale/cw mcu v10.6/cross_tools/arm-none-eabi-gcc-4_7_3/bin/../lib/gcc/arm-none-eabi/4.7.3/armv6-m\libgcc.a(_fixunssfsi.o)
                0x000009fc                __fixunssfsi
                0x000009fc                __aeabi_f2uiz
 .text          0x00000a2c      0x3a4 c:/freescale/cw mcu v10.6/cross_tools/arm-none-eabi-gcc-4_7_3/bin/../lib/gcc/arm-none-eabi/4.7.3/armv6-m\libgcc.a(addsf3.o)
                0x00000a2c                __aeabi_fadd
 .text          0x00000dd0      0x274 c:/freescale/cw mcu v10.6/cross_tools/arm-none-eabi-gcc-4_7_3/bin/../lib/gcc/arm-none-eabi/4.7.3/armv6-m\libgcc.a(divsf3.o)
                0x00000dd0                __aeabi_fdiv
 .text          0x00001044       0x50 c:/freescale/cw mcu v10.6/cross_tools/arm-none-eabi-gcc-4_7_3/bin/../lib/gcc/arm-none-eabi/4.7.3/armv6-m\libgcc.a(eqsf2.o)
                0x00001044                __eqsf2
                0x00001044                __nesf2
 .text          0x00001094       0x90 c:/freescale/cw mcu v10.6/cross_tools/arm-none-eabi-gcc-4_7_3/bin/../lib/gcc/arm-none-eabi/4.7.3/armv6-m\libgcc.a(gesf2.o)
                0x00001094                __gesf2
                0x00001094                __gtsf2
 .text          0x00001124       0x90 c:/freescale/cw mcu v10.6/cross_tools/arm-none-eabi-gcc-4_7_3/bin/../lib/gcc/arm-none-eabi/4.7.3/armv6-m\libgcc.a(lesf2.o)
                0x00001124                __ltsf2
                0x00001124                __lesf2
 .text          0x000011b4      0x260 c:/freescale/cw mcu v10.6/cross_tools/arm-none-eabi-gcc-4_7_3/bin/../lib/gcc/arm-none-eabi/4.7.3/armv6-m\libgcc.a(mulsf3.o)
                0x000011b4                __aeabi_fmul
 .text          0x00001414      0x3ac c:/freescale/cw mcu v10.6/cross_tools/arm-none-eabi-gcc-4_7_3/bin/../lib/gcc/arm-none-eabi/4.7.3/armv6-m\libgcc.a(subsf3.o)
                0x00001414                __aeabi_fsub
 .text          0x000017c0       0x40 c:/freescale/cw mcu v10.6/cross_tools/arm-none-eabi-gcc-4_7_3/bin/../lib/gcc/arm-none-eabi/4.7.3/armv6-m\libgcc.a(fixsfsi.o)
                0x000017c0                __aeabi_f2iz
 .text          0x00001800       0xa8 c:/freescale/cw mcu v10.6/cross_tools/arm-none-eabi-gcc-4_7_3/bin/../lib/gcc/arm-none-eabi/4.7.3/armv6-m\libgcc.a(floatsisf.o)
                0x00001800                __aeabi_i2f
 .text          0x000018a8       0xa8 c:/freescale/cw mcu v10.6/cross_tools/arm-none-eabi-gcc-4_7_3/bin/../lib/gcc/arm-none-eabi/4.7.3/armv6-m\libgcc.a(floatunsisf.o)
                0x000018a8                __aeabi_ui2f
 .text          0x00001950      0x758 c:/freescale/cw mcu v10.6/cross_tools/arm-none-eabi-gcc-4_7_3/bin/../lib/gcc/arm-none-eabi/4.7.3/armv6-m\libgcc.a(adddf3.o)
                0x00001950                __aeabi_dadd
 .text          0x000020a8      0x5b8 c:/freescale/cw mcu v10.6/cross_tools/arm-none-eabi-gcc-4_7_3/bin/../lib/gcc/arm-none-eabi/4.7.3/armv6-m\libgcc.a(divdf3.o)
                0x000020a8                __aeabi_ddiv
 .text          0x00002660      0x4e4 c:/freescale/cw mcu v10.6/cross_tools/arm-none-eabi-gcc-4_7_3/bin/../lib/gcc/arm-none-eabi/4.7.3/armv6-m\libgcc.a(muldf3.o)
                0x00002660                __aeabi_dmul
 .text          0x00002b44       0x64 c:/freescale/cw mcu v10.6/cross_tools/arm-none-eabi-gcc-4_7_3/bin/../lib/gcc/arm-none-eabi/4.7.3/armv6-m\libgcc.a(floatunsidf.o)
                0x00002b44                __aeabi_ui2d
 .text          0x00002ba8       0xa8 c:/freescale/cw mcu v10.6/cross_tools/arm-none-eabi-gcc-4_7_3/bin/../lib/gcc/arm-none-eabi/4.7.3/armv6-m\libgcc.a(extendsfdf2.o)
                0x00002ba8                __aeabi_f2d
 .text          0x00002c50      0x134 c:/freescale/cw mcu v10.6/cross_tools/arm-none-eabi-gcc-4_7_3/bin/../lib/gcc/arm-none-eabi/4.7.3/armv6-m\libgcc.a(truncdfsf2.o)
                0x00002c50                __aeabi_d2f
 .text          0x00002d84       0x3c c:/freescale/cw mcu v10.6/cross_tools/arm-none-eabi-gcc-4_7_3/bin/../lib/gcc/arm-none-eabi/4.7.3/armv6-m\libgcc.a(_clzsi2.o)
                0x00002d84                __clzsi2
 *(.text*)
 .text.Default_Handler
                0x00002dc0        0xc ./Project_Settings/Startup_Code/kinetis_sysinit.o
                0x00002dc0                RTC_Alarm_IRQHandler
                0x00002dc0                I2C0_IRQHandler
                0x00002dc0                HardFault_Handler
                0x00002dc0                PendSV_Handler
                0x00002dc0                NMI_Handler
                0x00002dc0                I2C1_IRQHandler
                0x00002dc0                UART1_IRQHandler
                0x00002dc0                DMA2_IRQHandler
                0x00002dc0                TSI0_IRQHandler
                0x00002dc0                SPI1_IRQHandler
                0x00002dc0                PORTD_IRQHandler
                0x00002dc0                LPTimer_IRQHandler
                0x00002dc0                RTC_Seconds_IRQHandler
                0x00002dc0                MCG_IRQHandler
                0x00002dc0                UART2_IRQHandler
                0x00002dc0                Default_Handler
                0x00002dc0                LLW_IRQHandler
                0x00002dc0                SVC_Handler
                0x00002dc0                USBOTG_IRQHandler
                0x00002dc0                DMA3_IRQHandler
                0x00002dc0                DMA0_IRQHandler
                0x00002dc0                DAC0_IRQHandler
                0x00002dc0                PMC_IRQHandler
                0x00002dc0                SPI0_IRQHandler
                0x00002dc0                FTM0_IRQHandler
                0x00002dc0                PORTA_IRQHandler
                0x00002dc0                MCM_IRQHandler
                0x00002dc0                FTFL_IRQHandler
                0x00002dc0                FTM2_IRQHandler
                0x00002dc0                CMP0_IRQHandler
                0x00002dc0                DMA1_IRQHandler
 .text.__init_hardware
                0x00002dcc       0x2c ./Project_Settings/Startup_Code/kinetis_sysinit.o
                0x00002dcc                __init_hardware
 .text.zero_fill_bss
                0x00002df8       0x24 ./Project_Settings/Startup_Code/__arm_start.o
 .text.__thumb_startup
                0x00002e1c       0x30 ./Project_Settings/Startup_Code/__arm_start.o
                0x00002e1c                __thumb_startup
 .text._ExitProcess
                0x00002e4c        0xc ./Project_Settings/Startup_Code/__arm_end.o
                0x00002e4c                _ExitProcess
 .text.enable_irq
                0x00002e58       0x6c ./Sources/TFC/TFC_arm_cm0.o
                0x00002e58                enable_irq
 .text.disable_irq
                0x00002ec4       0x40 ./Sources/TFC/TFC_arm_cm0.o
                0x00002ec4                disable_irq
 .text.TFC_InitUARTs
                0x00002f04       0xd0 ./Sources/TFC/TFC_UART.o
                0x00002f04                TFC_InitUARTs
 .text.TFC_UART_Process
                0x00002fd4       0x40 ./Sources/TFC/TFC_UART.o
                0x00002fd4                TFC_UART_Process
 .text.UART0_IRQHandler
                0x00003014       0x78 ./Sources/TFC/TFC_UART.o
                0x00003014                UART0_IRQHandler
 .text.uart0_init
                0x0000308c      0x22c ./Sources/TFC/TFC_UART.o
                0x0000308c                uart0_init
 .text.TerminalBootMsg
                0x000032b8       0x6c ./Sources/TFC/TFC_Terminal.o
                0x000032b8                TerminalBootMsg
 .text.TFC_InitTerminal
                0x00003324       0x20 ./Sources/TFC/TFC_Terminal.o
                0x00003324                TFC_InitTerminal
 .text.TerminalCmd_Help
                0x00003344       0xa4 ./Sources/TFC/TFC_Terminal.o
                0x00003344                TerminalCmd_Help
 .text.TerminalCmd_E
                0x000033e8       0x30 ./Sources/TFC/TFC_Terminal.o
                0x000033e8                TerminalCmd_E
 .text.TerminalCmd_D
                0x00003418       0x3c ./Sources/TFC/TFC_Terminal.o
                0x00003418                TerminalCmd_D
 .text.TerminalCmd_GetLineScan
                0x00003454      0x118 ./Sources/TFC/TFC_Terminal.o
                0x00003454                TerminalCmd_GetLineScan
 .text.TerminalCmd_S
                0x0000356c       0xac ./Sources/TFC/TFC_Terminal.o
                0x0000356c                TerminalCmd_S
 .text.TerminalCmd_H
                0x00003618       0xa8 ./Sources/TFC/TFC_Terminal.o
                0x00003618                TerminalCmd_H
 .text.TFC_ProcessTerminal
                0x000036c0      0x2c0 ./Sources/TFC/TFC_Terminal.o
                0x000036c0                TFC_ProcessTerminal
 .text.TFC_SetServo
                0x00003980       0x90 ./Sources/TFC/TFC_Servo.o
                0x00003980                TFC_SetServo
 .text.TFC_SetServoDutyCycle
                0x00003a10       0x68 ./Sources/TFC/TFC_Servo.o
                0x00003a10                TFC_SetServoDutyCycle
 .text.FTM1_IRQHandler
                0x00003a78       0x40 ./Sources/TFC/TFC_Servo.o
                0x00003a78                FTM1_IRQHandler
 .text.TFC_InitServos
                0x00003ab8       0xd4 ./Sources/TFC/TFC_Servo.o
                0x00003ab8                TFC_InitServos
 .text.InitByteQueue
                0x00003b8c       0x6c ./Sources/TFC/TFC_Queue.o
                0x00003b8c                InitByteQueue
 .text.BytesInQueue
                0x00003bf8       0x50 ./Sources/TFC/TFC_Queue.o
                0x00003bf8                BytesInQueue
 .text.ByteEnqueue
                0x00003c48       0x64 ./Sources/TFC/TFC_Queue.o
                0x00003c48                ByteEnqueue
 .text.ByteArrayEnqueue
                0x00003cac       0x58 ./Sources/TFC/TFC_Queue.o
                0x00003cac                ByteArrayEnqueue
 .text.Qprintf  0x00003d04       0x50 ./Sources/TFC/TFC_Queue.o
                0x00003d04                Qprintf
 .text.ByteDequeue
                0x00003d54       0x5c ./Sources/TFC/TFC_Queue.o
                0x00003d54                ByteDequeue
 .text.ForcedByteDequeue
                0x00003db0       0x58 ./Sources/TFC/TFC_Queue.o
                0x00003db0                ForcedByteDequeue
 .text.TFC_InitMotorPWM
                0x00003e08       0xd4 ./Sources/TFC/TFC_Motor.o
                0x00003e08                TFC_InitMotorPWM
 *fill*         0x00003edc        0x4 00
 .text.TFC_SetMotorPWM
                0x00003ee0      0x140 ./Sources/TFC/TFC_Motor.o
                0x00003ee0                TFC_SetMotorPWM
 .text.TFC_InitLineScanCamera
                0x00004020       0xb4 ./Sources/TFC/TFC_LineScanCamera.o
                0x00004020                TFC_InitLineScanCamera
 *fill*         0x000040d4        0x4 00
 .text.TFC_SetLineScanExposureTime
                0x000040d8       0x70 ./Sources/TFC/TFC_LineScanCamera.o
                0x000040d8                TFC_SetLineScanExposureTime
 .text.TFC_InitClock
                0x00004148       0x24 ./Sources/TFC/TFC_CrystalClock.o
                0x00004148                TFC_InitClock
 .text.pll_init
                0x0000416c      0x548 ./Sources/TFC/TFC_CrystalClock.o
                0x0000416c                pll_init
 .text.TFC_InitGPIO
                0x000046b4       0xb4 ./Sources/TFC/TFC_BoardSupport.o
                0x000046b4                TFC_InitGPIO
 .text.TFC_SetBatteryLED_Level
                0x00004768       0x78 ./Sources/TFC/TFC_BoardSupport.o
                0x00004768                TFC_SetBatteryLED_Level
 .text.TFC_InitSysTick
                0x000047e0       0x4c ./Sources/TFC/TFC_ARM_SysTick.o
                0x000047e0                TFC_InitSysTick
 .text.SysTick_Handler
                0x0000482c       0x60 ./Sources/TFC/TFC_ARM_SysTick.o
                0x0000482c                SysTick_Handler
 .text.ADC_Cal  0x0000488c      0x1b4 ./Sources/TFC/TFC_ADC.o
                0x0000488c                ADC_Cal
 .text.ADC_Config_Alt
                0x00004a40       0x60 ./Sources/TFC/TFC_ADC.o
                0x00004a40                ADC_Config_Alt
 .text.InitADC0
                0x00004aa0       0x90 ./Sources/TFC/TFC_ADC.o
                0x00004aa0                InitADC0
 .text.TFC_InitADCs
                0x00004b30       0x70 ./Sources/TFC/TFC_ADC.o
                0x00004b30                TFC_InitADCs
 .text.PIT_IRQHandler
                0x00004ba0       0x40 ./Sources/TFC/TFC_ADC.o
                0x00004ba0                PIT_IRQHandler
 .text.ADC0_IRQHandler
                0x00004be0      0x224 ./Sources/TFC/TFC_ADC.o
                0x00004be0                ADC0_IRQHandler
 .text.TFC_Init
                0x00004e04       0x44 ./Sources/TFC/TFC.o
                0x00004e04                TFC_Init
 .text.TFC_Task
                0x00004e48       0x10 ./Sources/TFC/TFC.o
                0x00004e48                TFC_Task
 .text.Delaycamera
                0x00004e58       0x2c ./Sources/main.o
                0x00004e58                Delaycamera
 .text.Linecheck
                0x00004e84      0x2d4 ./Sources/main.o
                0x00004e84                Linecheck
 .text.pid      0x00005158      0x258 ./Sources/main.o
                0x00005158                pid
 .text.fwd      0x000053b0       0x34 ./Sources/main.o
                0x000053b0                fwd
 .text.main     0x000053e4      0x118 ./Sources/main.o
                0x000053e4                main
 .text.sscanf   0x000054fc       0x18 C:/Freescale/CW MCU v10.6/MCU/ARM_GCC_Support/ewl/lib/armv6-m\libc.a(sscanf.o)
                0x000054fc                sscanf
 .text.vsprintf
                0x00005514       0x12 C:/Freescale/CW MCU v10.6/MCU/ARM_GCC_Support/ewl/lib/armv6-m\libc.a(vsprintf.o)
                0x00005514                vsprintf
 .text.__StringRead
                0x00005526       0x3c C:/Freescale/CW MCU v10.6/MCU/ARM_GCC_Support/ewl/lib/armv6-m\libc.a(vsscanf.o)
                0x00005526                __StringRead
 *fill*         0x00005562        0x2 00
 .text.vsscanf  0x00005564       0x30 C:/Freescale/CW MCU v10.6/MCU/ARM_GCC_Support/ewl/lib/armv6-m\libc.a(vsscanf.o)
                0x00005564                vsscanf
 .text.exit     0x00005594       0x38 C:/Freescale/CW MCU v10.6/MCU/ARM_GCC_Support/ewl/lib/armv6-m\libc.a(exit.o)
                0x00005594                exit
 .text.memset   0x000055cc        0xc C:/Freescale/CW MCU v10.6/MCU/ARM_GCC_Support/ewl/lib/armv6-m\libc.a(memset.o)
                0x000055cc                memset
 .text.strcmp   0x000055d8       0x1c C:/Freescale/CW MCU v10.6/MCU/ARM_GCC_Support/ewl/lib/armv6-m\libc.a(strcmp.o)
                0x000055d8                strcmp
 .text.strcpy   0x000055f4       0x10 C:/Freescale/CW MCU v10.6/MCU/ARM_GCC_Support/ewl/lib/armv6-m\libc.a(strcpy.o)
                0x000055f4                strcpy
 .text.strlen   0x00005604       0x10 C:/Freescale/CW MCU v10.6/MCU/ARM_GCC_Support/ewl/lib/armv6-m\libc.a(strlen.o)
                0x00005604                strlen
 .text.long2str.isra.0
                0x00005614      0x19c C:/Freescale/CW MCU v10.6/MCU/ARM_GCC_Support/ewl/lib/armv6-m\libc.a(printformat_.o)
 .text.__pformatter_
                0x000057b0      0x428 C:/Freescale/CW MCU v10.6/MCU/ARM_GCC_Support/ewl/lib/armv6-m\libc.a(printformat_.o)
                0x000057b0                __pformatter_
 .text.__sformatter
                0x00005bd8      0x698 C:/Freescale/CW MCU v10.6/MCU/ARM_GCC_Support/ewl/lib/armv6-m\libc.a(scanformat_.o)
                0x00005bd8                __sformatter
 .text.isalpha  0x00006270       0x20 C:/Freescale/CW MCU v10.6/MCU/ARM_GCC_Support/ewl/lib/armv6-m\libc.a(ctype_aeabi.o)
                0x00006270                isalpha
 .text.isspace  0x00006290       0x20 C:/Freescale/CW MCU v10.6/MCU/ARM_GCC_Support/ewl/lib/armv6-m\libc.a(ctype_aeabi.o)
                0x00006290                isspace
 .text.toupper  0x000062b0        0xe C:/Freescale/CW MCU v10.6/MCU/ARM_GCC_Support/ewl/lib/armv6-m\libc.a(ctype_aeabi.o)
                0x000062b0                toupper
 .text.__StringWrite
                0x000062be       0x26 C:/Freescale/CW MCU v10.6/MCU/ARM_GCC_Support/ewl/lib/armv6-m\libc.a(vsnprintf.o)
                0x000062be                __StringWrite
 .text.vsnprintf
                0x000062e4       0x38 C:/Freescale/CW MCU v10.6/MCU/ARM_GCC_Support/ewl/lib/armv6-m\libc.a(vsnprintf.o)
                0x000062e4                vsnprintf
 .text.__strtoul
                0x0000631c      0x1ce C:/Freescale/CW MCU v10.6/MCU/ARM_GCC_Support/ewl/lib/armv6-m\libc.a(__strtoul.o)
                0x0000631c                __strtoul
 .text.__fill_mem
                0x000064ea       0x7e C:/Freescale/CW MCU v10.6/MCU/ARM_GCC_Support/ewl/lib/armv6-m\libc.a(__filll_mem.o)
                0x000064ea                __fill_mem
 .text.memchr   0x00006568       0x1a C:/Freescale/CW MCU v10.6/MCU/ARM_GCC_Support/ewl/lib/armv6-m\libc.a(memchr.o)
                0x00006568                memchr
 .text.memcpy   0x00006582       0x12 C:/Freescale/CW MCU v10.6/MCU/ARM_GCC_Support/ewl/lib/armv6-m\libc.a(memcpy.o)
                0x00006582                memcpy
 .text.strchr   0x00006594       0x1e C:/Freescale/CW MCU v10.6/MCU/ARM_GCC_Support/ewl/lib/armv6-m\libc.a(strchr.o)
                0x00006594                strchr
 .text.sqrt     0x000065b2        0x8 C:/Freescale/CW MCU v10.6/MCU/ARM_GCC_Support/ewl/lib/armv6-m\libm.a(w_sqrt.o)
                0x000065b2                sqrt
 *fill*         0x000065ba        0x2 00
 .text.__ieee754_sqrt
                0x000065bc      0x17c C:/Freescale/CW MCU v10.6/MCU/ARM_GCC_Support/ewl/lib/armv6-m\libm.a(e_sqrt.o)
                0x000065bc                __ieee754_sqrt
 .text.__init_cpp
                0x00006738       0x48 C:/Freescale/CW MCU v10.6/MCU/ARM_GCC_Support/ewl/lib/armv6-m\librt.a(gcc_ctor_dtor.o)
                0x00006738                __init_cpp
 .text.__fini_cpp
                0x00006780       0x34 C:/Freescale/CW MCU v10.6/MCU/ARM_GCC_Support/ewl/lib/armv6-m\librt.a(gcc_ctor_dtor.o)
                0x00006780                __fini_cpp
 .text.__copy_rom_section
                0x000067b4       0x48 C:/Freescale/CW MCU v10.6/MCU/ARM_GCC_Support/ewl/lib/armv6-m\librt.a(ROMCopy.o)
                0x000067b4                __copy_rom_section
 .text.__copy_rom_sections_to_ram
                0x000067fc       0x34 C:/Freescale/CW MCU v10.6/MCU/ARM_GCC_Support/ewl/lib/armv6-m\librt.a(ROMCopy.o)
                0x000067fc                __copy_rom_sections_to_ram
 .text.__destroy_global_chain
                0x00006830       0x1c C:/Freescale/CW MCU v10.6/MCU/ARM_GCC_Support/ewl/lib/armv6-m\librt.a(__arm_eabi_init.o)
                0x00006830                __destroy_global_chain
 .text.__init_registers
                0x0000684c       0x1c C:/Freescale/CW MCU v10.6/MCU/ARM_GCC_Support/ewl/lib/armv6-m\librt.a(__arm_eabi_init.o)
                0x0000684c                __init_registers
 .text.__init_user
                0x00006868        0x4 C:/Freescale/CW MCU v10.6/MCU/ARM_GCC_Support/ewl/lib/armv6-m\librt.a(__arm_eabi_init.o)
                0x00006868                __init_user
 *(.rodata)
 .rodata        0x0000686c      0x364 ./Sources/TFC/TFC_Terminal.o
 .rodata        0x00006bd0       0x40 c:/freescale/cw mcu v10.6/cross_tools/arm-none-eabi-gcc-4_7_3/bin/../lib/gcc/arm-none-eabi/4.7.3/armv6-m\libgcc.a(divsf3.o)
 .rodata        0x00006c10       0x40 c:/freescale/cw mcu v10.6/cross_tools/arm-none-eabi-gcc-4_7_3/bin/../lib/gcc/arm-none-eabi/4.7.3/armv6-m\libgcc.a(mulsf3.o)
 .rodata        0x00006c50       0x40 c:/freescale/cw mcu v10.6/cross_tools/arm-none-eabi-gcc-4_7_3/bin/../lib/gcc/arm-none-eabi/4.7.3/armv6-m\libgcc.a(divdf3.o)
 .rodata        0x00006c90       0x40 c:/freescale/cw mcu v10.6/cross_tools/arm-none-eabi-gcc-4_7_3/bin/../lib/gcc/arm-none-eabi/4.7.3/armv6-m\libgcc.a(muldf3.o)
 *(.rodata*)
 .rodata.str1.1
                0x00006cd0        0x1 C:/Freescale/CW MCU v10.6/MCU/ARM_GCC_Support/ewl/lib/armv6-m\libc.a(printformat_.o)
 .rodata.CSWTCH.20
                0x00006cd1        0x5 C:/Freescale/CW MCU v10.6/MCU/ARM_GCC_Support/ewl/lib/armv6-m\libc.a(printformat_.o)
 .rodata.CSWTCH.21
                0x00006cd6        0x5 C:/Freescale/CW MCU v10.6/MCU/ARM_GCC_Support/ewl/lib/armv6-m\libc.a(printformat_.o)
 .rodata.__aeabi_ctype_table_C
                0x00006cdb      0x101 C:/Freescale/CW MCU v10.6/MCU/ARM_GCC_Support/ewl/lib/armv6-m\libc.a(ctype_aeabi.o)
                0x00006cdb                __aeabi_ctype_table_C
 *(.glue_7)
 .glue_7        0x00000000        0x0 linker stubs
 *(.glue_7t)
 .glue_7t       0x00000000        0x0 linker stubs
 *(.eh_frame)
 *(.init)
 *(.fini)
                0x00006ddc                . = ALIGN (0x4)
                0x00006ddc                _etext = .

.vfp11_veneer   0x00006ddc        0x0
 .vfp11_veneer  0x00000000        0x0 linker stubs

.v4_bx          0x00006ddc        0x0
 .v4_bx         0x00000000        0x0 linker stubs

.iplt           0x00006ddc        0x0
 .iplt          0x00000000        0x0 ./Project_Settings/Startup_Code/kinetis_sysinit.o

.rel.dyn        0x00006ddc        0x0
 .rel.iplt      0x00000000        0x0 ./Project_Settings/Startup_Code/kinetis_sysinit.o

.ARM.extab
 *(.ARM.extab* .gnu.linkonce.armextab.*)

.ARM            0x00006ddc        0x0
                0x00006ddc                __exidx_start = .
 *(.ARM.exidx*)
                0x00006ddc                __exidx_end = .

.ctors          0x00006ddc        0x0
                0x00006ddc                __CTOR_LIST__ = .
 *crtbegin.o(.ctors)
 *(EXCLUDE_FILE(*crtend.o) .ctors)
 *(SORT(.ctors.*))
 *(.ctors)
                0x00006ddc                __CTOR_END__ = .

.dtors          0x00006ddc        0x0
                0x00006ddc                __DTOR_LIST__ = .
 *crtbegin.o(.dtors)
 *(EXCLUDE_FILE(*crtend.o) .dtors)
 *(SORT(.dtors.*))
 *(.dtors)
                0x00006ddc                __DTOR_END__ = .

.preinit_array  0x00006ddc        0x0
                0x00006ddc                PROVIDE (__preinit_array_start, .)
 *(.preinit_array*)
                0x00006ddc                PROVIDE (__preinit_array_end, .)

.init_array     0x00006ddc        0x0
                0x00006ddc                PROVIDE (__init_array_start, .)
 *(SORT(.init_array.*))
 *(.init_array*)
                0x00006ddc                PROVIDE (__init_array_end, .)

.fini_array     0x00006ddc        0x0
                0x00006ddc                PROVIDE (__fini_array_start, .)
 *(SORT(.fini_array.*))
 *(.fini_array*)
                0x00006ddc                PROVIDE (__fini_array_end, .)
                0x00006ddc                ___ROM_AT = .

.mtb            0x1ffff000        0x0
                0x1ffff000                . = ALIGN (0x8)
                0x1ffff000                _mtb_start = .
 *(.mtb_buf)
                0x1ffff000                . = ALIGN (0x8)
                0x1ffff000                _mtb_end = .

.data           0x1ffff000       0x64 load address 0x00006ddc
                0x1ffff000                . = ALIGN (0x4)
                0x1ffff000                _sdata = .
 *(.data)
 *(.data*)
 .data.MyTerminalCallbackRecords
                0x1ffff000       0x48 ./Sources/TFC/TFC_Terminal.o
                0x1ffff000                MyTerminalCallbackRecords
 .data.ccen     0x1ffff048        0x4 ./Sources/main.o
                0x1ffff048                ccen
 .data.kp       0x1ffff04c        0x4 ./Sources/main.o
                0x1ffff04c                kp
 .data.kd       0x1ffff050        0x4 ./Sources/main.o
                0x1ffff050                kd
 .data.k        0x1ffff054        0x4 ./Sources/main.o
                0x1ffff054                k
 .data.r        0x1ffff058        0x4 ./Sources/main.o
                0x1ffff058                r
 .data.__double_nan
                0x1ffff05c        0x8 C:/Freescale/CW MCU v10.6/MCU/ARM_GCC_Support/ewl/lib/armv6-m\libm.a(float.o)
                0x1ffff05c                __double_nan
                0x1ffff064                . = ALIGN (0x4)
                0x1ffff064                _edata = .
                0x00000064                ___data_size = (_edata - _sdata)

.igot.plt       0x1ffff064        0x0 load address 0x00006e40
 .igot.plt      0x00000000        0x0 ./Project_Settings/Startup_Code/kinetis_sysinit.o
                0x1ffff064                . = ALIGN (0x4)

.bss            0x1ffff064     0x12d0 load address 0x00006e40
                0x1ffff064                __START_BSS = .
                0x1ffff064                PROVIDE (__bss_start__, __START_BSS)
 *(.bss)
 *(.bss*)
 .bss.argv      0x1ffff064        0x4 ./Project_Settings/Startup_Code/__arm_start.o
 .bss.StringBuffer
                0x1ffff068      0x100 ./Sources/TFC/TFC_Queue.o
 .bss.LineScanImageReady
                0x1ffff168        0x1 ./Sources/TFC/TFC_LineScanCamera.o
                0x1ffff168                LineScanImageReady
 *fill*         0x1ffff169        0x3 00
 .bss.DelayTimerTick
                0x1ffff16c        0x4 ./Sources/TFC/TFC_ARM_SysTick.o
 .bss.CurrentADC_State
                0x1ffff170        0x1 ./Sources/TFC/TFC_ADC.o
 .bss.CurrentLineScanPixel
                0x1ffff171        0x1 ./Sources/TFC/TFC_ADC.o
                0x1ffff171                CurrentLineScanPixel
 .bss.CurrentLineScanChannel
                0x1ffff172        0x1 ./Sources/TFC/TFC_ADC.o
                0x1ffff172                CurrentLineScanChannel
 *fill*         0x1ffff173        0x1 00
 .bss.mean      0x1ffff174        0x4 ./Sources/main.o
                0x1ffff174                mean
 .bss.sd        0x1ffff178        0x4 ./Sources/main.o
                0x1ffff178                sd
 .bss.sum       0x1ffff17c        0x4 ./Sources/main.o
                0x1ffff17c                sum
 .bss.temp1     0x1ffff180        0x4 ./Sources/main.o
                0x1ffff180                temp1
 .bss.flag      0x1ffff184        0x4 ./Sources/main.o
                0x1ffff184                flag
 .bss.pos       0x1ffff188        0x4 ./Sources/main.o
                0x1ffff188                pos
 .bss.spos      0x1ffff18c        0x4 ./Sources/main.o
                0x1ffff18c                spos
 .bss.cen       0x1ffff190        0x4 ./Sources/main.o
                0x1ffff190                cen
 .bss.lw        0x1ffff194        0x4 ./Sources/main.o
                0x1ffff194                lw
 .bss.l         0x1ffff198        0x4 ./Sources/main.o
                0x1ffff198                l
 .bss.lly       0x1ffff19c        0x4 ./Sources/main.o
                0x1ffff19c                lly
 .bss.difference
                0x1ffff1a0        0x4 ./Sources/main.o
                0x1ffff1a0                difference
 .bss.derivative
                0x1ffff1a4        0x4 ./Sources/main.o
                0x1ffff1a4                derivative
 .bss.proportional
                0x1ffff1a8        0x4 ./Sources/main.o
                0x1ffff1a8                proportional
 .bss.integral  0x1ffff1ac        0x4 ./Sources/main.o
                0x1ffff1ac                integral
 .bss.integrald
                0x1ffff1b0        0x4 ./Sources/main.o
                0x1ffff1b0                integrald
 .bss.rate      0x1ffff1b4        0x4 ./Sources/main.o
                0x1ffff1b4                rate
 .bss.prevposition
                0x1ffff1b8        0x4 ./Sources/main.o
                0x1ffff1b8                prevposition
 .bss.control   0x1ffff1bc        0x4 ./Sources/main.o
                0x1ffff1bc                control
 .bss.ki        0x1ffff1c0        0x4 ./Sources/main.o
                0x1ffff1c0                ki
 .bss.__stdio_exit
                0x1ffff1c4        0x4 C:/Freescale/CW MCU v10.6/MCU/ARM_GCC_Support/ewl/lib/armv6-m\libc.a(exit.o)
                0x1ffff1c4                __stdio_exit
 .bss.__console_exit
                0x1ffff1c8        0x4 C:/Freescale/CW MCU v10.6/MCU/ARM_GCC_Support/ewl/lib/armv6-m\libc.a(exit.o)
                0x1ffff1c8                __console_exit
 .bss.__S_romp  0x1ffff1cc        0xc C:/Freescale/CW MCU v10.6/MCU/ARM_GCC_Support/ewl/lib/armv6-m\librt.a(ROMCopy.o)
 .bss.__global_destructor_chain
                0x1ffff1d8        0x4 C:/Freescale/CW MCU v10.6/MCU/ARM_GCC_Support/ewl/lib/armv6-m\librt.a(__arm_eabi_init.o)
                0x1ffff1d8                __global_destructor_chain
 *(COMMON)
 COMMON         0x1ffff1dc      0x898 ./Sources/TFC/TFC_UART.o
                0x1ffff1dc                SDA_SERIAL_INCOMING_QUEUE
                0x1ffff1e8                SDA_SERIAL_OUTGOING_QUEUE
                0x1ffff1f4                SDA_SERIAL_INCOMING_QUEUE_Storage
                0x1ffff274                SDA_SERIAL_OUTGOING_QUEUE_Storage
 COMMON         0x1ffffa74       0x86 ./Sources/TFC/TFC_Terminal.o
                0x1ffffa74                CmdFound
                0x1ffffa75                NextCharIn
                0x1ffffa78                TerminalLineBuf
                0x1ffffab8                TerminalArgs
                0x1ffffad8                TerminalCmdBuf
                0x1ffffaf9                TerminalPos
 COMMON         0x1ffffafa        0x1 ./Sources/TFC/TFC_Servo.o
                0x1ffffafa                ServoTickVar
 *fill*         0x1ffffafb        0x1 00
 COMMON         0x1ffffafc      0x414 ./Sources/TFC/TFC_LineScanCamera.o
                0x1ffffafc                LineScanWorkingBuffer
                0x1ffffb00                LineScanImage1
                0x1ffffb04                LineScanImage0Buffer
                0x1ffffd04                LineScanImage0WorkingBuffer
                0x1ffffd08                LineScanImage1Buffer
                0x1fffff08                LineScanImage0
                0x1fffff0c                LineScanImage1WorkingBuffer
 COMMON         0x1fffff10       0x10 ./Sources/TFC/TFC_ARM_SysTick.o
                0x1fffff10                TFC_Ticker
 COMMON         0x1fffff20        0x6 ./Sources/TFC/TFC_ADC.o
                0x1fffff20                PotADC_Value
                0x1fffff24                BatSenseADC_Value
 *fill*         0x1fffff26        0x2 00
 COMMON         0x1fffff28      0x408 ./Sources/main.o
                0x1fffff28                Result
                0x20000128                p
                0x2000012c                thr
                0x20000130                comp
 COMMON         0x20000330        0x4 C:/Freescale/CW MCU v10.6/MCU/ARM_GCC_Support/ewl/lib/armv6-m\libc.a(errno.o)
                0x20000330                errno
                0x20000334                . = ALIGN (0x4)
                0x20000334                __END_BSS = .
                0x20000334                PROVIDE (__bss_end__, __END_BSS)
                0x00006e40                _romp_at = (___ROM_AT + SIZEOF (.data))

.romp           0x20000334       0x18 load address 0x00006e40
                0x00006e40                __S_romp = _romp_at
                0x20000334        0x4 LONG 0x6ddc ___ROM_AT
                0x20000338        0x4 LONG 0x1ffff000 _sdata
                0x2000033c        0x4 LONG 0x64 ___data_size
                0x20000340        0x4 LONG 0x0
                0x20000344        0x4 LONG 0x0
                0x20000348        0x4 LONG 0x0

._user_heap_stack
                0x2000034c      0x800 load address 0x00006e58
                0x2000034c                . = ALIGN (0x4)
                0x2000034c                PROVIDE (end, .)
                0x2000034c                PROVIDE (_end, .)
                0x2000034c                __heap_addr = .
                0x2000074c                . = (. + __heap_size)
 *fill*         0x2000034c      0x400 00
                0x20000b4c                . = (. + __stack_size)
 *fill*         0x2000074c      0x400 00
                0x20000b4c                . = ALIGN (0x4)

.ARM.attributes
                0x00000000       0x31
 *(.ARM.attributes)
 .ARM.attributes
                0x00000000       0x31 ./Project_Settings/Startup_Code/kinetis_sysinit.o
 .ARM.attributes
                0x00000031       0x31 ./Project_Settings/Startup_Code/__arm_start.o
 .ARM.attributes
                0x00000062       0x31 ./Project_Settings/Startup_Code/__arm_end.o
 .ARM.attributes
                0x00000093       0x31 ./Sources/TFC/TFC_arm_cm0.o
 .ARM.attributes
                0x000000c4       0x31 ./Sources/TFC/TFC_UART.o
 .ARM.attributes
                0x000000f5       0x31 ./Sources/TFC/TFC_Terminal.o
 .ARM.attributes
                0x00000126       0x31 ./Sources/TFC/TFC_Servo.o
 .ARM.attributes
                0x00000157       0x31 ./Sources/TFC/TFC_Queue.o
 .ARM.attributes
                0x00000188       0x31 ./Sources/TFC/TFC_Motor.o
 .ARM.attributes
                0x000001b9       0x31 ./Sources/TFC/TFC_LineScanCamera.o
 .ARM.attributes
                0x000001ea       0x31 ./Sources/TFC/TFC_CrystalClock.o
 .ARM.attributes
                0x0000021b       0x31 ./Sources/TFC/TFC_BoardSupport.o
 .ARM.attributes
                0x0000024c       0x31 ./Sources/TFC/TFC_ARM_SysTick.o
 .ARM.attributes
                0x0000027d       0x31 ./Sources/TFC/TFC_ADC.o
 .ARM.attributes
                0x000002ae       0x31 ./Sources/TFC/TFC.o
 .ARM.attributes
                0x000002df       0x31 ./Sources/main.o
 .ARM.attributes
                0x00000310       0x31 C:/Freescale/CW MCU v10.6/MCU/ARM_GCC_Support/ewl/lib/armv6-m\libc.a(sscanf.o)
 .ARM.attributes
                0x00000341       0x31 C:/Freescale/CW MCU v10.6/MCU/ARM_GCC_Support/ewl/lib/armv6-m\libc.a(vsprintf.o)
 .ARM.attributes
                0x00000372       0x31 C:/Freescale/CW MCU v10.6/MCU/ARM_GCC_Support/ewl/lib/armv6-m\libc.a(vsscanf.o)
 .ARM.attributes
                0x000003a3       0x31 C:/Freescale/CW MCU v10.6/MCU/ARM_GCC_Support/ewl/lib/armv6-m\libc.a(exit.o)
 .ARM.attributes
                0x000003d4       0x31 C:/Freescale/CW MCU v10.6/MCU/ARM_GCC_Support/ewl/lib/armv6-m\libc.a(memset.o)
 .ARM.attributes
                0x00000405       0x31 C:/Freescale/CW MCU v10.6/MCU/ARM_GCC_Support/ewl/lib/armv6-m\libc.a(strcmp.o)
 .ARM.attributes
                0x00000436       0x31 C:/Freescale/CW MCU v10.6/MCU/ARM_GCC_Support/ewl/lib/armv6-m\libc.a(strcpy.o)
 .ARM.attributes
                0x00000467       0x31 C:/Freescale/CW MCU v10.6/MCU/ARM_GCC_Support/ewl/lib/armv6-m\libc.a(strlen.o)
 .ARM.attributes
                0x00000498       0x31 C:/Freescale/CW MCU v10.6/MCU/ARM_GCC_Support/ewl/lib/armv6-m\libc.a(printformat_.o)
 .ARM.attributes
                0x000004c9       0x31 C:/Freescale/CW MCU v10.6/MCU/ARM_GCC_Support/ewl/lib/armv6-m\libc.a(scanformat_.o)
 .ARM.attributes
                0x000004fa       0x31 C:/Freescale/CW MCU v10.6/MCU/ARM_GCC_Support/ewl/lib/armv6-m\libc.a(ctype_aeabi.o)
 .ARM.attributes
                0x0000052b       0x31 C:/Freescale/CW MCU v10.6/MCU/ARM_GCC_Support/ewl/lib/armv6-m\libc.a(vsnprintf.o)
 .ARM.attributes
                0x0000055c       0x31 C:/Freescale/CW MCU v10.6/MCU/ARM_GCC_Support/ewl/lib/armv6-m\libc.a(__strtoul.o)
 .ARM.attributes
                0x0000058d       0x31 C:/Freescale/CW MCU v10.6/MCU/ARM_GCC_Support/ewl/lib/armv6-m\libc.a(__filll_mem.o)
 .ARM.attributes
                0x000005be       0x31 C:/Freescale/CW MCU v10.6/MCU/ARM_GCC_Support/ewl/lib/armv6-m\libc.a(memchr.o)
 .ARM.attributes
                0x000005ef       0x31 C:/Freescale/CW MCU v10.6/MCU/ARM_GCC_Support/ewl/lib/armv6-m\libc.a(memcpy.o)
 .ARM.attributes
                0x00000620       0x31 C:/Freescale/CW MCU v10.6/MCU/ARM_GCC_Support/ewl/lib/armv6-m\libc.a(strchr.o)
 .ARM.attributes
                0x00000651       0x31 C:/Freescale/CW MCU v10.6/MCU/ARM_GCC_Support/ewl/lib/armv6-m\libm.a(w_sqrt.o)
 .ARM.attributes
                0x00000682       0x31 C:/Freescale/CW MCU v10.6/MCU/ARM_GCC_Support/ewl/lib/armv6-m\libm.a(e_sqrt.o)
 .ARM.attributes
                0x000006b3       0x31 C:/Freescale/CW MCU v10.6/MCU/ARM_GCC_Support/ewl/lib/armv6-m\libm.a(float.o)
 .ARM.attributes
                0x000006e4       0x1e c:/freescale/cw mcu v10.6/cross_tools/arm-none-eabi-gcc-4_7_3/bin/../lib/gcc/arm-none-eabi/4.7.3/armv6-m\libgcc.a(_thumb1_case_sqi.o)
 .ARM.attributes
                0x00000702       0x1e c:/freescale/cw mcu v10.6/cross_tools/arm-none-eabi-gcc-4_7_3/bin/../lib/gcc/arm-none-eabi/4.7.3/armv6-m\libgcc.a(_thumb1_case_uqi.o)
 .ARM.attributes
                0x00000720       0x1e c:/freescale/cw mcu v10.6/cross_tools/arm-none-eabi-gcc-4_7_3/bin/../lib/gcc/arm-none-eabi/4.7.3/armv6-m\libgcc.a(_udivsi3.o)
 .ARM.attributes
                0x0000073e       0x1e c:/freescale/cw mcu v10.6/cross_tools/arm-none-eabi-gcc-4_7_3/bin/../lib/gcc/arm-none-eabi/4.7.3/armv6-m\libgcc.a(_divsi3.o)
 .ARM.attributes
                0x0000075c       0x1e c:/freescale/cw mcu v10.6/cross_tools/arm-none-eabi-gcc-4_7_3/bin/../lib/gcc/arm-none-eabi/4.7.3/armv6-m\libgcc.a(_dvmd_tls.o)
 .ARM.attributes
                0x0000077a       0x1e c:/freescale/cw mcu v10.6/cross_tools/arm-none-eabi-gcc-4_7_3/bin/../lib/gcc/arm-none-eabi/4.7.3/armv6-m\libgcc.a(_arm_cmpsf2.o)
 .ARM.attributes
                0x00000798       0x2c c:/freescale/cw mcu v10.6/cross_tools/arm-none-eabi-gcc-4_7_3/bin/../lib/gcc/arm-none-eabi/4.7.3/armv6-m\libgcc.a(_fixunssfsi.o)
 .ARM.attributes
                0x000007c4       0x2c c:/freescale/cw mcu v10.6/cross_tools/arm-none-eabi-gcc-4_7_3/bin/../lib/gcc/arm-none-eabi/4.7.3/armv6-m\libgcc.a(addsf3.o)
 .ARM.attributes
                0x000007f0       0x2c c:/freescale/cw mcu v10.6/cross_tools/arm-none-eabi-gcc-4_7_3/bin/../lib/gcc/arm-none-eabi/4.7.3/armv6-m\libgcc.a(divsf3.o)
 .ARM.attributes
                0x0000081c       0x2c c:/freescale/cw mcu v10.6/cross_tools/arm-none-eabi-gcc-4_7_3/bin/../lib/gcc/arm-none-eabi/4.7.3/armv6-m\libgcc.a(eqsf2.o)
 .ARM.attributes
                0x00000848       0x2c c:/freescale/cw mcu v10.6/cross_tools/arm-none-eabi-gcc-4_7_3/bin/../lib/gcc/arm-none-eabi/4.7.3/armv6-m\libgcc.a(gesf2.o)
 .ARM.attributes
                0x00000874       0x2c c:/freescale/cw mcu v10.6/cross_tools/arm-none-eabi-gcc-4_7_3/bin/../lib/gcc/arm-none-eabi/4.7.3/armv6-m\libgcc.a(lesf2.o)
 .ARM.attributes
                0x000008a0       0x2c c:/freescale/cw mcu v10.6/cross_tools/arm-none-eabi-gcc-4_7_3/bin/../lib/gcc/arm-none-eabi/4.7.3/armv6-m\libgcc.a(mulsf3.o)
 .ARM.attributes
                0x000008cc       0x2c c:/freescale/cw mcu v10.6/cross_tools/arm-none-eabi-gcc-4_7_3/bin/../lib/gcc/arm-none-eabi/4.7.3/armv6-m\libgcc.a(subsf3.o)
 .ARM.attributes
                0x000008f8       0x2c c:/freescale/cw mcu v10.6/cross_tools/arm-none-eabi-gcc-4_7_3/bin/../lib/gcc/arm-none-eabi/4.7.3/armv6-m\libgcc.a(fixsfsi.o)
 .ARM.attributes
                0x00000924       0x2c c:/freescale/cw mcu v10.6/cross_tools/arm-none-eabi-gcc-4_7_3/bin/../lib/gcc/arm-none-eabi/4.7.3/armv6-m\libgcc.a(floatsisf.o)
 .ARM.attributes
                0x00000950       0x2c c:/freescale/cw mcu v10.6/cross_tools/arm-none-eabi-gcc-4_7_3/bin/../lib/gcc/arm-none-eabi/4.7.3/armv6-m\libgcc.a(floatunsisf.o)
 .ARM.attributes
                0x0000097c       0x2c c:/freescale/cw mcu v10.6/cross_tools/arm-none-eabi-gcc-4_7_3/bin/../lib/gcc/arm-none-eabi/4.7.3/armv6-m\libgcc.a(adddf3.o)
 .ARM.attributes
                0x000009a8       0x2c c:/freescale/cw mcu v10.6/cross_tools/arm-none-eabi-gcc-4_7_3/bin/../lib/gcc/arm-none-eabi/4.7.3/armv6-m\libgcc.a(divdf3.o)
 .ARM.attributes
                0x000009d4       0x2c c:/freescale/cw mcu v10.6/cross_tools/arm-none-eabi-gcc-4_7_3/bin/../lib/gcc/arm-none-eabi/4.7.3/armv6-m\libgcc.a(muldf3.o)
 .ARM.attributes
                0x00000a00       0x2c c:/freescale/cw mcu v10.6/cross_tools/arm-none-eabi-gcc-4_7_3/bin/../lib/gcc/arm-none-eabi/4.7.3/armv6-m\libgcc.a(floatunsidf.o)
 .ARM.attributes
                0x00000a2c       0x2c c:/freescale/cw mcu v10.6/cross_tools/arm-none-eabi-gcc-4_7_3/bin/../lib/gcc/arm-none-eabi/4.7.3/armv6-m\libgcc.a(extendsfdf2.o)
 .ARM.attributes
                0x00000a58       0x2c c:/freescale/cw mcu v10.6/cross_tools/arm-none-eabi-gcc-4_7_3/bin/../lib/gcc/arm-none-eabi/4.7.3/armv6-m\libgcc.a(truncdfsf2.o)
 .ARM.attributes
                0x00000a84       0x1e c:/freescale/cw mcu v10.6/cross_tools/arm-none-eabi-gcc-4_7_3/bin/../lib/gcc/arm-none-eabi/4.7.3/armv6-m\libgcc.a(_clzsi2.o)
 .ARM.attributes
                0x00000aa2       0x31 C:/Freescale/CW MCU v10.6/MCU/ARM_GCC_Support/ewl/lib/armv6-m\librt.a(gcc_ctor_dtor.o)
 .ARM.attributes
                0x00000ad3       0x31 C:/Freescale/CW MCU v10.6/MCU/ARM_GCC_Support/ewl/lib/armv6-m\librt.a(ROMCopy.o)
 .ARM.attributes
                0x00000b04       0x31 C:/Freescale/CW MCU v10.6/MCU/ARM_GCC_Support/ewl/lib/armv6-m\librt.a(__arm_eabi_init.o)
 .ARM.attributes
                0x00000b35       0x31 C:/Freescale/CW MCU v10.6/MCU/ARM_GCC_Support/ewl/lib/armv6-m\libc.a(errno.o)
OUTPUT(FRDM-TRC.elf elf32-littlearm)

.debug_info     0x00000000     0x7909
 .debug_info    0x00000000      0x447 ./Project_Settings/Startup_Code/kinetis_sysinit.o
 .debug_info    0x00000447      0x12a ./Project_Settings/Startup_Code/__arm_start.o
 .debug_info    0x00000571       0x54 ./Project_Settings/Startup_Code/__arm_end.o
 .debug_info    0x000005c5      0x3cb ./Sources/TFC/TFC_arm_cm0.o
 .debug_info    0x00000990      0x84b ./Sources/TFC/TFC_UART.o
 .debug_info    0x000011db      0x494 ./Sources/TFC/TFC_Terminal.o
 .debug_info    0x0000166f      0x614 ./Sources/TFC/TFC_Servo.o
 .debug_info    0x00001c83      0x302 ./Sources/TFC/TFC_Queue.o
 .debug_info    0x00001f85      0x495 ./Sources/TFC/TFC_Motor.o
 .debug_info    0x0000241a      0x5c7 ./Sources/TFC/TFC_LineScanCamera.o
 .debug_info    0x000029e1      0xda8 ./Sources/TFC/TFC_CrystalClock.o
 .debug_info    0x00003789      0x426 ./Sources/TFC/TFC_BoardSupport.o
 .debug_info    0x00003baf      0x19c ./Sources/TFC/TFC_ARM_SysTick.o
 .debug_info    0x00003d4b      0xb37 ./Sources/TFC/TFC_ADC.o
 .debug_info    0x00004882      0x128 ./Sources/TFC/TFC.o
 .debug_info    0x000049aa      0x4f6 ./Sources/main.o
 .debug_info    0x00004ea0      0x118 C:/Freescale/CW MCU v10.6/MCU/ARM_GCC_Support/ewl/lib/armv6-m\libc.a(sscanf.o)
 .debug_info    0x00004fb8      0x12a C:/Freescale/CW MCU v10.6/MCU/ARM_GCC_Support/ewl/lib/armv6-m\libc.a(vsprintf.o)
 .debug_info    0x000050e2      0x253 C:/Freescale/CW MCU v10.6/MCU/ARM_GCC_Support/ewl/lib/armv6-m\libc.a(vsscanf.o)
 .debug_info    0x00005335       0xe8 C:/Freescale/CW MCU v10.6/MCU/ARM_GCC_Support/ewl/lib/armv6-m\libc.a(exit.o)
 .debug_info    0x0000541d       0xec C:/Freescale/CW MCU v10.6/MCU/ARM_GCC_Support/ewl/lib/armv6-m\libc.a(memset.o)
 .debug_info    0x00005509      0x114 C:/Freescale/CW MCU v10.6/MCU/ARM_GCC_Support/ewl/lib/armv6-m\libc.a(strcmp.o)
 .debug_info    0x0000561d      0x109 C:/Freescale/CW MCU v10.6/MCU/ARM_GCC_Support/ewl/lib/armv6-m\libc.a(strcpy.o)
 .debug_info    0x00005726       0xea C:/Freescale/CW MCU v10.6/MCU/ARM_GCC_Support/ewl/lib/armv6-m\libc.a(strlen.o)
 .debug_info    0x00005810      0x50d C:/Freescale/CW MCU v10.6/MCU/ARM_GCC_Support/ewl/lib/armv6-m\libc.a(printformat_.o)
 .debug_info    0x00005d1d      0x568 C:/Freescale/CW MCU v10.6/MCU/ARM_GCC_Support/ewl/lib/armv6-m\libc.a(scanformat_.o)
 .debug_info    0x00006285      0x313 C:/Freescale/CW MCU v10.6/MCU/ARM_GCC_Support/ewl/lib/armv6-m\libc.a(ctype_aeabi.o)
 .debug_info    0x00006598      0x205 C:/Freescale/CW MCU v10.6/MCU/ARM_GCC_Support/ewl/lib/armv6-m\libc.a(vsnprintf.o)
 .debug_info    0x0000679d      0x1d6 C:/Freescale/CW MCU v10.6/MCU/ARM_GCC_Support/ewl/lib/armv6-m\libc.a(__strtoul.o)
 .debug_info    0x00006973      0x137 C:/Freescale/CW MCU v10.6/MCU/ARM_GCC_Support/ewl/lib/armv6-m\libc.a(__filll_mem.o)
 .debug_info    0x00006aaa      0x121 C:/Freescale/CW MCU v10.6/MCU/ARM_GCC_Support/ewl/lib/armv6-m\libc.a(memchr.o)
 .debug_info    0x00006bcb      0x10f C:/Freescale/CW MCU v10.6/MCU/ARM_GCC_Support/ewl/lib/armv6-m\libc.a(memcpy.o)
 .debug_info    0x00006cda      0x10b C:/Freescale/CW MCU v10.6/MCU/ARM_GCC_Support/ewl/lib/armv6-m\libc.a(strchr.o)
 .debug_info    0x00006de5       0xb3 C:/Freescale/CW MCU v10.6/MCU/ARM_GCC_Support/ewl/lib/armv6-m\libm.a(w_sqrt.o)
 .debug_info    0x00006e98      0x266 C:/Freescale/CW MCU v10.6/MCU/ARM_GCC_Support/ewl/lib/armv6-m\libm.a(e_sqrt.o)
 .debug_info    0x000070fe      0x1e4 C:/Freescale/CW MCU v10.6/MCU/ARM_GCC_Support/ewl/lib/armv6-m\libm.a(float.o)
 .debug_info    0x000072e2      0x136 C:/Freescale/CW MCU v10.6/MCU/ARM_GCC_Support/ewl/lib/armv6-m\librt.a(gcc_ctor_dtor.o)
 .debug_info    0x00007418      0x19b C:/Freescale/CW MCU v10.6/MCU/ARM_GCC_Support/ewl/lib/armv6-m\librt.a(ROMCopy.o)
 .debug_info    0x000075b3      0x2b9 C:/Freescale/CW MCU v10.6/MCU/ARM_GCC_Support/ewl/lib/armv6-m\librt.a(__arm_eabi_init.o)
 .debug_info    0x0000786c       0x9d C:/Freescale/CW MCU v10.6/MCU/ARM_GCC_Support/ewl/lib/armv6-m\libc.a(errno.o)

.debug_abbrev   0x00000000     0x23d1
 .debug_abbrev  0x00000000       0xe7 ./Project_Settings/Startup_Code/kinetis_sysinit.o
 .debug_abbrev  0x000000e7       0x92 ./Project_Settings/Startup_Code/__arm_start.o
 .debug_abbrev  0x00000179       0x4c ./Project_Settings/Startup_Code/__arm_end.o
 .debug_abbrev  0x000001c5      0x102 ./Sources/TFC/TFC_arm_cm0.o
 .debug_abbrev  0x000002c7      0x180 ./Sources/TFC/TFC_UART.o
 .debug_abbrev  0x00000447      0x143 ./Sources/TFC/TFC_Terminal.o
 .debug_abbrev  0x0000058a      0x116 ./Sources/TFC/TFC_Servo.o
 .debug_abbrev  0x000006a0      0x107 ./Sources/TFC/TFC_Queue.o
 .debug_abbrev  0x000007a7       0xef ./Sources/TFC/TFC_Motor.o
 .debug_abbrev  0x00000896      0x10f ./Sources/TFC/TFC_LineScanCamera.o
 .debug_abbrev  0x000009a5      0x1a0 ./Sources/TFC/TFC_CrystalClock.o
 .debug_abbrev  0x00000b45      0x106 ./Sources/TFC/TFC_BoardSupport.o
 .debug_abbrev  0x00000c4b       0xfb ./Sources/TFC/TFC_ARM_SysTick.o
 .debug_abbrev  0x00000d46      0x1d5 ./Sources/TFC/TFC_ADC.o
 .debug_abbrev  0x00000f1b       0x83 ./Sources/TFC/TFC.o
 .debug_abbrev  0x00000f9e      0x169 ./Sources/main.o
 .debug_abbrev  0x00001107       0xb1 C:/Freescale/CW MCU v10.6/MCU/ARM_GCC_Support/ewl/lib/armv6-m\libc.a(sscanf.o)
 .debug_abbrev  0x000011b8       0x9d C:/Freescale/CW MCU v10.6/MCU/ARM_GCC_Support/ewl/lib/armv6-m\libc.a(vsprintf.o)
 .debug_abbrev  0x00001255      0x15f C:/Freescale/CW MCU v10.6/MCU/ARM_GCC_Support/ewl/lib/armv6-m\libc.a(vsscanf.o)
 .debug_abbrev  0x000013b4       0x7a C:/Freescale/CW MCU v10.6/MCU/ARM_GCC_Support/ewl/lib/armv6-m\libc.a(exit.o)
 .debug_abbrev  0x0000142e       0x62 C:/Freescale/CW MCU v10.6/MCU/ARM_GCC_Support/ewl/lib/armv6-m\libc.a(memset.o)
 .debug_abbrev  0x00001490       0x89 C:/Freescale/CW MCU v10.6/MCU/ARM_GCC_Support/ewl/lib/armv6-m\libc.a(strcmp.o)
 .debug_abbrev  0x00001519       0x78 C:/Freescale/CW MCU v10.6/MCU/ARM_GCC_Support/ewl/lib/armv6-m\libc.a(strcpy.o)
 .debug_abbrev  0x00001591       0x7a C:/Freescale/CW MCU v10.6/MCU/ARM_GCC_Support/ewl/lib/armv6-m\libc.a(strlen.o)
 .debug_abbrev  0x0000160b      0x200 C:/Freescale/CW MCU v10.6/MCU/ARM_GCC_Support/ewl/lib/armv6-m\libc.a(printformat_.o)
 .debug_abbrev  0x0000180b      0x1f0 C:/Freescale/CW MCU v10.6/MCU/ARM_GCC_Support/ewl/lib/armv6-m\libc.a(scanformat_.o)
 .debug_abbrev  0x000019fb       0x9e C:/Freescale/CW MCU v10.6/MCU/ARM_GCC_Support/ewl/lib/armv6-m\libc.a(ctype_aeabi.o)
 .debug_abbrev  0x00001a99       0xf0 C:/Freescale/CW MCU v10.6/MCU/ARM_GCC_Support/ewl/lib/armv6-m\libc.a(vsnprintf.o)
 .debug_abbrev  0x00001b89       0xc2 C:/Freescale/CW MCU v10.6/MCU/ARM_GCC_Support/ewl/lib/armv6-m\libc.a(__strtoul.o)
 .debug_abbrev  0x00001c4b       0x78 C:/Freescale/CW MCU v10.6/MCU/ARM_GCC_Support/ewl/lib/armv6-m\libc.a(__filll_mem.o)
 .debug_abbrev  0x00001cc3       0x95 C:/Freescale/CW MCU v10.6/MCU/ARM_GCC_Support/ewl/lib/armv6-m\libc.a(memchr.o)
 .debug_abbrev  0x00001d58       0x95 C:/Freescale/CW MCU v10.6/MCU/ARM_GCC_Support/ewl/lib/armv6-m\libc.a(memcpy.o)
 .debug_abbrev  0x00001ded       0x7a C:/Freescale/CW MCU v10.6/MCU/ARM_GCC_Support/ewl/lib/armv6-m\libc.a(strchr.o)
 .debug_abbrev  0x00001e67       0x59 C:/Freescale/CW MCU v10.6/MCU/ARM_GCC_Support/ewl/lib/armv6-m\libm.a(w_sqrt.o)
 .debug_abbrev  0x00001ec0      0x10b C:/Freescale/CW MCU v10.6/MCU/ARM_GCC_Support/ewl/lib/armv6-m\libm.a(e_sqrt.o)
 .debug_abbrev  0x00001fcb       0x56 C:/Freescale/CW MCU v10.6/MCU/ARM_GCC_Support/ewl/lib/armv6-m\libm.a(float.o)
 .debug_abbrev  0x00002021       0x99 C:/Freescale/CW MCU v10.6/MCU/ARM_GCC_Support/ewl/lib/armv6-m\librt.a(gcc_ctor_dtor.o)
 .debug_abbrev  0x000020ba      0x120 C:/Freescale/CW MCU v10.6/MCU/ARM_GCC_Support/ewl/lib/armv6-m\librt.a(ROMCopy.o)
 .debug_abbrev  0x000021da      0x1b3 C:/Freescale/CW MCU v10.6/MCU/ARM_GCC_Support/ewl/lib/armv6-m\librt.a(__arm_eabi_init.o)
 .debug_abbrev  0x0000238d       0x44 C:/Freescale/CW MCU v10.6/MCU/ARM_GCC_Support/ewl/lib/armv6-m\libc.a(errno.o)

.debug_loc      0x00000000     0x402b
 .debug_loc     0x00000000       0x58 ./Project_Settings/Startup_Code/kinetis_sysinit.o
 .debug_loc     0x00000058       0x2c ./Project_Settings/Startup_Code/__arm_start.o
 .debug_loc     0x00000084       0x38 ./Project_Settings/Startup_Code/__arm_end.o
 .debug_loc     0x000000bc      0x138 ./Sources/TFC/TFC_arm_cm0.o
 .debug_loc     0x000001f4      0x170 ./Sources/TFC/TFC_UART.o
 .debug_loc     0x00000364      0x218 ./Sources/TFC/TFC_Terminal.o
 .debug_loc     0x0000057c       0xc8 ./Sources/TFC/TFC_Servo.o
 .debug_loc     0x00000644      0x194 ./Sources/TFC/TFC_Queue.o
 .debug_loc     0x000007d8       0x64 ./Sources/TFC/TFC_Motor.o
 .debug_loc     0x0000083c       0x64 ./Sources/TFC/TFC_LineScanCamera.o
 .debug_loc     0x000008a0      0x614 ./Sources/TFC/TFC_CrystalClock.o
 .debug_loc     0x00000eb4       0x9c ./Sources/TFC/TFC_BoardSupport.o
 .debug_loc     0x00000f50       0xa8 ./Sources/TFC/TFC_ARM_SysTick.o
 .debug_loc     0x00000ff8      0x1d4 ./Sources/TFC/TFC_ADC.o
 .debug_loc     0x000011cc       0x58 ./Sources/TFC/TFC.o
 .debug_loc     0x00001224      0x12c ./Sources/main.o
 .debug_loc     0x00001350       0x3f C:/Freescale/CW MCU v10.6/MCU/ARM_GCC_Support/ewl/lib/armv6-m\libc.a(sscanf.o)
 .debug_loc     0x0000138f       0x64 C:/Freescale/CW MCU v10.6/MCU/ARM_GCC_Support/ewl/lib/armv6-m\libc.a(vsprintf.o)
 .debug_loc     0x000013f3      0x16c C:/Freescale/CW MCU v10.6/MCU/ARM_GCC_Support/ewl/lib/armv6-m\libc.a(vsscanf.o)
 .debug_loc     0x0000155f       0x3e C:/Freescale/CW MCU v10.6/MCU/ARM_GCC_Support/ewl/lib/armv6-m\libc.a(exit.o)
 .debug_loc     0x0000159d       0x6f C:/Freescale/CW MCU v10.6/MCU/ARM_GCC_Support/ewl/lib/armv6-m\libc.a(memset.o)
 .debug_loc     0x0000160c       0x64 C:/Freescale/CW MCU v10.6/MCU/ARM_GCC_Support/ewl/lib/armv6-m\libc.a(strcmp.o)
 .debug_loc     0x00001670       0x20 C:/Freescale/CW MCU v10.6/MCU/ARM_GCC_Support/ewl/lib/armv6-m\libc.a(strcpy.o)
 .debug_loc     0x00001690       0x33 C:/Freescale/CW MCU v10.6/MCU/ARM_GCC_Support/ewl/lib/armv6-m\libc.a(strlen.o)
 .debug_loc     0x000016c3     0x104b C:/Freescale/CW MCU v10.6/MCU/ARM_GCC_Support/ewl/lib/armv6-m\libc.a(printformat_.o)
 .debug_loc     0x0000270e      0x9d8 C:/Freescale/CW MCU v10.6/MCU/ARM_GCC_Support/ewl/lib/armv6-m\libc.a(scanformat_.o)
 .debug_loc     0x000030e6      0x30d C:/Freescale/CW MCU v10.6/MCU/ARM_GCC_Support/ewl/lib/armv6-m\libc.a(ctype_aeabi.o)
 .debug_loc     0x000033f3      0x105 C:/Freescale/CW MCU v10.6/MCU/ARM_GCC_Support/ewl/lib/armv6-m\libc.a(vsnprintf.o)
 .debug_loc     0x000034f8      0x305 C:/Freescale/CW MCU v10.6/MCU/ARM_GCC_Support/ewl/lib/armv6-m\libc.a(__strtoul.o)
 .debug_loc     0x000037fd      0x14a C:/Freescale/CW MCU v10.6/MCU/ARM_GCC_Support/ewl/lib/armv6-m\libc.a(__filll_mem.o)
 .debug_loc     0x00003947       0x77 C:/Freescale/CW MCU v10.6/MCU/ARM_GCC_Support/ewl/lib/armv6-m\libc.a(memchr.o)
 .debug_loc     0x000039be       0x59 C:/Freescale/CW MCU v10.6/MCU/ARM_GCC_Support/ewl/lib/armv6-m\libc.a(memcpy.o)
 .debug_loc     0x00003a17       0xaf C:/Freescale/CW MCU v10.6/MCU/ARM_GCC_Support/ewl/lib/armv6-m\libc.a(strchr.o)
 .debug_loc     0x00003ac6       0x38 C:/Freescale/CW MCU v10.6/MCU/ARM_GCC_Support/ewl/lib/armv6-m\libm.a(w_sqrt.o)
 .debug_loc     0x00003afe      0x220 C:/Freescale/CW MCU v10.6/MCU/ARM_GCC_Support/ewl/lib/armv6-m\libm.a(e_sqrt.o)
 .debug_loc     0x00003d1e       0x9d C:/Freescale/CW MCU v10.6/MCU/ARM_GCC_Support/ewl/lib/armv6-m\librt.a(gcc_ctor_dtor.o)
 .debug_loc     0x00003dbb       0xd9 C:/Freescale/CW MCU v10.6/MCU/ARM_GCC_Support/ewl/lib/armv6-m\librt.a(ROMCopy.o)
 .debug_loc     0x00003e94      0x197 C:/Freescale/CW MCU v10.6/MCU/ARM_GCC_Support/ewl/lib/armv6-m\librt.a(__arm_eabi_init.o)

.debug_aranges  0x00000000      0x838
 .debug_aranges
                0x00000000       0x28 ./Project_Settings/Startup_Code/kinetis_sysinit.o
 .debug_aranges
                0x00000028       0x30 ./Project_Settings/Startup_Code/__arm_start.o
 .debug_aranges
                0x00000058       0x20 ./Project_Settings/Startup_Code/__arm_end.o
 .debug_aranges
                0x00000078       0x48 ./Sources/TFC/TFC_arm_cm0.o
 .debug_aranges
                0x000000c0       0x50 ./Sources/TFC/TFC_UART.o
 .debug_aranges
                0x00000110       0x68 ./Sources/TFC/TFC_Terminal.o
 .debug_aranges
                0x00000178       0x38 ./Sources/TFC/TFC_Servo.o
 .debug_aranges
                0x000001b0       0x50 ./Sources/TFC/TFC_Queue.o
 .debug_aranges
                0x00000200       0x28 ./Sources/TFC/TFC_Motor.o
 .debug_aranges
                0x00000228       0x28 ./Sources/TFC/TFC_LineScanCamera.o
 .debug_aranges
                0x00000250       0xf8 ./Sources/TFC/TFC_CrystalClock.o
 .debug_aranges
                0x00000348       0x30 ./Sources/TFC/TFC_BoardSupport.o
 .debug_aranges
                0x00000378       0x30 ./Sources/TFC/TFC_ARM_SysTick.o
 .debug_aranges
                0x000003a8       0x60 ./Sources/TFC/TFC_ADC.o
 .debug_aranges
                0x00000408       0x28 ./Sources/TFC/TFC.o
 .debug_aranges
                0x00000430       0x48 ./Sources/main.o
 .debug_aranges
                0x00000478       0x20 C:/Freescale/CW MCU v10.6/MCU/ARM_GCC_Support/ewl/lib/armv6-m\libc.a(sscanf.o)
 .debug_aranges
                0x00000498       0x20 C:/Freescale/CW MCU v10.6/MCU/ARM_GCC_Support/ewl/lib/armv6-m\libc.a(vsprintf.o)
 .debug_aranges
                0x000004b8       0x28 C:/Freescale/CW MCU v10.6/MCU/ARM_GCC_Support/ewl/lib/armv6-m\libc.a(vsscanf.o)
 .debug_aranges
                0x000004e0       0x20 C:/Freescale/CW MCU v10.6/MCU/ARM_GCC_Support/ewl/lib/armv6-m\libc.a(exit.o)
 .debug_aranges
                0x00000500       0x20 C:/Freescale/CW MCU v10.6/MCU/ARM_GCC_Support/ewl/lib/armv6-m\libc.a(memset.o)
 .debug_aranges
                0x00000520       0x20 C:/Freescale/CW MCU v10.6/MCU/ARM_GCC_Support/ewl/lib/armv6-m\libc.a(strcmp.o)
 .debug_aranges
                0x00000540       0x20 C:/Freescale/CW MCU v10.6/MCU/ARM_GCC_Support/ewl/lib/armv6-m\libc.a(strcpy.o)
 .debug_aranges
                0x00000560       0x20 C:/Freescale/CW MCU v10.6/MCU/ARM_GCC_Support/ewl/lib/armv6-m\libc.a(strlen.o)
 .debug_aranges
                0x00000580       0x28 C:/Freescale/CW MCU v10.6/MCU/ARM_GCC_Support/ewl/lib/armv6-m\libc.a(printformat_.o)
 .debug_aranges
                0x000005a8       0x20 C:/Freescale/CW MCU v10.6/MCU/ARM_GCC_Support/ewl/lib/armv6-m\libc.a(scanformat_.o)
 .debug_aranges
                0x000005c8       0x88 C:/Freescale/CW MCU v10.6/MCU/ARM_GCC_Support/ewl/lib/armv6-m\libc.a(ctype_aeabi.o)
 .debug_aranges
                0x00000650       0x28 C:/Freescale/CW MCU v10.6/MCU/ARM_GCC_Support/ewl/lib/armv6-m\libc.a(vsnprintf.o)
 .debug_aranges
                0x00000678       0x20 C:/Freescale/CW MCU v10.6/MCU/ARM_GCC_Support/ewl/lib/armv6-m\libc.a(__strtoul.o)
 .debug_aranges
                0x00000698       0x20 C:/Freescale/CW MCU v10.6/MCU/ARM_GCC_Support/ewl/lib/armv6-m\libc.a(__filll_mem.o)
 .debug_aranges
                0x000006b8       0x20 C:/Freescale/CW MCU v10.6/MCU/ARM_GCC_Support/ewl/lib/armv6-m\libc.a(memchr.o)
 .debug_aranges
                0x000006d8       0x20 C:/Freescale/CW MCU v10.6/MCU/ARM_GCC_Support/ewl/lib/armv6-m\libc.a(memcpy.o)
 .debug_aranges
                0x000006f8       0x20 C:/Freescale/CW MCU v10.6/MCU/ARM_GCC_Support/ewl/lib/armv6-m\libc.a(strchr.o)
 .debug_aranges
                0x00000718       0x20 C:/Freescale/CW MCU v10.6/MCU/ARM_GCC_Support/ewl/lib/armv6-m\libm.a(w_sqrt.o)
 .debug_aranges
                0x00000738       0x20 C:/Freescale/CW MCU v10.6/MCU/ARM_GCC_Support/ewl/lib/armv6-m\libm.a(e_sqrt.o)
 .debug_aranges
                0x00000758       0x18 C:/Freescale/CW MCU v10.6/MCU/ARM_GCC_Support/ewl/lib/armv6-m\libm.a(float.o)
 .debug_aranges
                0x00000770       0x28 C:/Freescale/CW MCU v10.6/MCU/ARM_GCC_Support/ewl/lib/armv6-m\librt.a(gcc_ctor_dtor.o)
 .debug_aranges
                0x00000798       0x30 C:/Freescale/CW MCU v10.6/MCU/ARM_GCC_Support/ewl/lib/armv6-m\librt.a(ROMCopy.o)
 .debug_aranges
                0x000007c8       0x58 C:/Freescale/CW MCU v10.6/MCU/ARM_GCC_Support/ewl/lib/armv6-m\librt.a(__arm_eabi_init.o)
 .debug_aranges
                0x00000820       0x18 C:/Freescale/CW MCU v10.6/MCU/ARM_GCC_Support/ewl/lib/armv6-m\libc.a(errno.o)

.debug_macinfo  0x00000000   0x22eab3
 .debug_macinfo
                0x00000000    0x264f0 ./Project_Settings/Startup_Code/kinetis_sysinit.o
 .debug_macinfo
                0x000264f0     0x3e6d ./Project_Settings/Startup_Code/__arm_start.o
 .debug_macinfo
                0x0002a35d     0x3456 ./Project_Settings/Startup_Code/__arm_end.o
 .debug_macinfo
                0x0002d7b3    0x26567 ./Sources/TFC/TFC_arm_cm0.o
 .debug_macinfo
                0x00053d1a    0x275d8 ./Sources/TFC/TFC_UART.o
 .debug_macinfo
                0x0007b2f2    0x2766c ./Sources/TFC/TFC_Terminal.o
 .debug_macinfo
                0x000a295e    0x276a1 ./Sources/TFC/TFC_Servo.o
 .debug_macinfo
                0x000c9fff    0x275d8 ./Sources/TFC/TFC_Queue.o
 .debug_macinfo
                0x000f15d7    0x27685 ./Sources/TFC/TFC_Motor.o
 .debug_macinfo
                0x00118c5c    0x275d8 ./Sources/TFC/TFC_LineScanCamera.o
 .debug_macinfo
                0x00140234    0x276cf ./Sources/TFC/TFC_CrystalClock.o
 .debug_macinfo
                0x00167903    0x275d8 ./Sources/TFC/TFC_BoardSupport.o
 .debug_macinfo
                0x0018eedb    0x275d8 ./Sources/TFC/TFC_ARM_SysTick.o
 .debug_macinfo
                0x001b64b3    0x27e9b ./Sources/TFC/TFC_ADC.o
 .debug_macinfo
                0x001de34e    0x275d8 ./Sources/TFC/TFC.o
 .debug_macinfo
                0x00205926    0x2918d ./Sources/main.o

.debug_line     0x00000000     0x5a8e
 .debug_line    0x00000000      0x215 ./Project_Settings/Startup_Code/kinetis_sysinit.o
 .debug_line    0x00000215      0x298 ./Project_Settings/Startup_Code/__arm_start.o
 .debug_line    0x000004ad      0x266 ./Project_Settings/Startup_Code/__arm_end.o
 .debug_line    0x00000713      0x28c ./Sources/TFC/TFC_arm_cm0.o
 .debug_line    0x0000099f      0x495 ./Sources/TFC/TFC_UART.o
 .debug_line    0x00000e34      0x509 ./Sources/TFC/TFC_Terminal.o
 .debug_line    0x0000133d      0x422 ./Sources/TFC/TFC_Servo.o
 .debug_line    0x0000175f      0x46f ./Sources/TFC/TFC_Queue.o
 .debug_line    0x00001bce      0x416 ./Sources/TFC/TFC_Motor.o
 .debug_line    0x00001fe4      0x3fe ./Sources/TFC/TFC_LineScanCamera.o
 .debug_line    0x000023e2      0xb30 ./Sources/TFC/TFC_CrystalClock.o
 .debug_line    0x00002f12      0x41c ./Sources/TFC/TFC_BoardSupport.o
 .debug_line    0x0000332e      0x410 ./Sources/TFC/TFC_ARM_SysTick.o
 .debug_line    0x0000373e      0x502 ./Sources/TFC/TFC_ADC.o
 .debug_line    0x00003c40      0x3e9 ./Sources/TFC/TFC.o
 .debug_line    0x00004029      0x585 ./Sources/main.o
 .debug_line    0x000045ae       0x92 C:/Freescale/CW MCU v10.6/MCU/ARM_GCC_Support/ewl/lib/armv6-m\libc.a(sscanf.o)
 .debug_line    0x00004640       0x94 C:/Freescale/CW MCU v10.6/MCU/ARM_GCC_Support/ewl/lib/armv6-m\libc.a(vsprintf.o)
 .debug_line    0x000046d4       0xc8 C:/Freescale/CW MCU v10.6/MCU/ARM_GCC_Support/ewl/lib/armv6-m\libc.a(vsscanf.o)
 .debug_line    0x0000479c       0x8d C:/Freescale/CW MCU v10.6/MCU/ARM_GCC_Support/ewl/lib/armv6-m\libc.a(exit.o)
 .debug_line    0x00004829       0x90 C:/Freescale/CW MCU v10.6/MCU/ARM_GCC_Support/ewl/lib/armv6-m\libc.a(memset.o)
 .debug_line    0x000048b9       0x83 C:/Freescale/CW MCU v10.6/MCU/ARM_GCC_Support/ewl/lib/armv6-m\libc.a(strcmp.o)
 .debug_line    0x0000493c       0x7d C:/Freescale/CW MCU v10.6/MCU/ARM_GCC_Support/ewl/lib/armv6-m\libc.a(strcpy.o)
 .debug_line    0x000049b9       0x85 C:/Freescale/CW MCU v10.6/MCU/ARM_GCC_Support/ewl/lib/armv6-m\libc.a(strlen.o)
 .debug_line    0x00004a3e      0x2c3 C:/Freescale/CW MCU v10.6/MCU/ARM_GCC_Support/ewl/lib/armv6-m\libc.a(printformat_.o)
 .debug_line    0x00004d01      0x2be C:/Freescale/CW MCU v10.6/MCU/ARM_GCC_Support/ewl/lib/armv6-m\libc.a(scanformat_.o)
 .debug_line    0x00004fbf      0x1be C:/Freescale/CW MCU v10.6/MCU/ARM_GCC_Support/ewl/lib/armv6-m\libc.a(ctype_aeabi.o)
 .debug_line    0x0000517d       0xd4 C:/Freescale/CW MCU v10.6/MCU/ARM_GCC_Support/ewl/lib/armv6-m\libc.a(vsnprintf.o)
 .debug_line    0x00005251      0x11e C:/Freescale/CW MCU v10.6/MCU/ARM_GCC_Support/ewl/lib/armv6-m\libc.a(__strtoul.o)
 .debug_line    0x0000536f       0xf6 C:/Freescale/CW MCU v10.6/MCU/ARM_GCC_Support/ewl/lib/armv6-m\libc.a(__filll_mem.o)
 .debug_line    0x00005465       0x9f C:/Freescale/CW MCU v10.6/MCU/ARM_GCC_Support/ewl/lib/armv6-m\libc.a(memchr.o)
 .debug_line    0x00005504       0x8b C:/Freescale/CW MCU v10.6/MCU/ARM_GCC_Support/ewl/lib/armv6-m\libc.a(memcpy.o)
 .debug_line    0x0000558f       0x7d C:/Freescale/CW MCU v10.6/MCU/ARM_GCC_Support/ewl/lib/armv6-m\libc.a(strchr.o)
 .debug_line    0x0000560c       0x74 C:/Freescale/CW MCU v10.6/MCU/ARM_GCC_Support/ewl/lib/armv6-m\libm.a(w_sqrt.o)
 .debug_line    0x00005680      0x121 C:/Freescale/CW MCU v10.6/MCU/ARM_GCC_Support/ewl/lib/armv6-m\libm.a(e_sqrt.o)
 .debug_line    0x000057a1       0x60 C:/Freescale/CW MCU v10.6/MCU/ARM_GCC_Support/ewl/lib/armv6-m\libm.a(float.o)
 .debug_line    0x00005801       0x6c C:/Freescale/CW MCU v10.6/MCU/ARM_GCC_Support/ewl/lib/armv6-m\librt.a(gcc_ctor_dtor.o)
 .debug_line    0x0000586d       0xbd C:/Freescale/CW MCU v10.6/MCU/ARM_GCC_Support/ewl/lib/armv6-m\librt.a(ROMCopy.o)
 .debug_line    0x0000592a      0x117 C:/Freescale/CW MCU v10.6/MCU/ARM_GCC_Support/ewl/lib/armv6-m\librt.a(__arm_eabi_init.o)
 .debug_line    0x00005a41       0x4d C:/Freescale/CW MCU v10.6/MCU/ARM_GCC_Support/ewl/lib/armv6-m\libc.a(errno.o)

.debug_str      0x00000000     0x1e1a
 .debug_str     0x00000000      0x296 ./Project_Settings/Startup_Code/kinetis_sysinit.o
                                0x2bd (size before relaxing)
 .debug_str     0x00000296       0x85 ./Project_Settings/Startup_Code/__arm_start.o
                                0x197 (size before relaxing)
 .debug_str     0x0000031b       0x41 ./Project_Settings/Startup_Code/__arm_end.o
                                 0xce (size before relaxing)
 .debug_str     0x0000035c       0xa4 ./Sources/TFC/TFC_arm_cm0.o
                                0x237 (size before relaxing)
 .debug_str     0x00000400      0x423 ./Sources/TFC/TFC_UART.o
                                0x64d (size before relaxing)
 .debug_str     0x00000823      0x1e9 ./Sources/TFC/TFC_Terminal.o
                                0x384 (size before relaxing)
 .debug_str     0x00000a0c       0xb8 ./Sources/TFC/TFC_Servo.o
                                0x52f (size before relaxing)
 .debug_str     0x00000ac4       0xa4 ./Sources/TFC/TFC_Queue.o
                                0x222 (size before relaxing)
 .debug_str     0x00000b68       0x4a ./Sources/TFC/TFC_Motor.o
                                0x2c1 (size before relaxing)
 .debug_str     0x00000bb2      0x133 ./Sources/TFC/TFC_LineScanCamera.o
                                0x3ce (size before relaxing)
 .debug_str     0x00000ce5      0x23f ./Sources/TFC/TFC_CrystalClock.o
                                0x463 (size before relaxing)
 .debug_str     0x00000f24       0x6b ./Sources/TFC/TFC_BoardSupport.o
                                0x2d9 (size before relaxing)
 .debug_str     0x00000f8f       0x9a ./Sources/TFC/TFC_ARM_SysTick.o
                                0x1bd (size before relaxing)
 .debug_str     0x00001029      0x204 ./Sources/TFC/TFC_ADC.o
                                0x78f (size before relaxing)
 .debug_str     0x0000122d       0x27 ./Sources/TFC/TFC.o
                                0x17b (size before relaxing)
 .debug_str     0x00001254       0xaa ./Sources/main.o
                                0x2ca (size before relaxing)
 .debug_str     0x000012fe       0x32 C:/Freescale/CW MCU v10.6/MCU/ARM_GCC_Support/ewl/lib/armv6-m\libc.a(sscanf.o)
                                0x161 (size before relaxing)
 .debug_str     0x00001330       0x25 C:/Freescale/CW MCU v10.6/MCU/ARM_GCC_Support/ewl/lib/armv6-m\libc.a(vsprintf.o)
                                0x167 (size before relaxing)
 .debug_str     0x00001355       0x9c C:/Freescale/CW MCU v10.6/MCU/ARM_GCC_Support/ewl/lib/armv6-m\libc.a(vsscanf.o)
                                0x1e5 (size before relaxing)
 .debug_str     0x000013f1       0x2e C:/Freescale/CW MCU v10.6/MCU/ARM_GCC_Support/ewl/lib/armv6-m\libc.a(exit.o)
                                0x157 (size before relaxing)
 .debug_str     0x0000141f       0x23 C:/Freescale/CW MCU v10.6/MCU/ARM_GCC_Support/ewl/lib/armv6-m\libc.a(memset.o)
                                0x140 (size before relaxing)
 .debug_str     0x00001442       0x26 C:/Freescale/CW MCU v10.6/MCU/ARM_GCC_Support/ewl/lib/armv6-m\libc.a(strcmp.o)
                                0x152 (size before relaxing)
 .debug_str     0x00001468       0x1c C:/Freescale/CW MCU v10.6/MCU/ARM_GCC_Support/ewl/lib/armv6-m\libc.a(strcpy.o)
                                0x142 (size before relaxing)
 .debug_str     0x00001484       0x1c C:/Freescale/CW MCU v10.6/MCU/ARM_GCC_Support/ewl/lib/armv6-m\libc.a(strlen.o)
                                0x140 (size before relaxing)
 .debug_str     0x000014a0      0x21d C:/Freescale/CW MCU v10.6/MCU/ARM_GCC_Support/ewl/lib/armv6-m\libc.a(printformat_.o)
                                0x3b3 (size before relaxing)
 .debug_str     0x000016bd      0x14b C:/Freescale/CW MCU v10.6/MCU/ARM_GCC_Support/ewl/lib/armv6-m\libc.a(scanformat_.o)
                                0x3f9 (size before relaxing)
 .debug_str     0x00001808       0x9d C:/Freescale/CW MCU v10.6/MCU/ARM_GCC_Support/ewl/lib/armv6-m\libc.a(ctype_aeabi.o)
                                0x1bc (size before relaxing)
 .debug_str     0x000018a5       0x7c C:/Freescale/CW MCU v10.6/MCU/ARM_GCC_Support/ewl/lib/armv6-m\libc.a(vsnprintf.o)
                                0x1cc (size before relaxing)
 .debug_str     0x00001921       0x61 C:/Freescale/CW MCU v10.6/MCU/ARM_GCC_Support/ewl/lib/armv6-m\libc.a(__strtoul.o)
                                0x1fb (size before relaxing)
 .debug_str     0x00001982       0x25 C:/Freescale/CW MCU v10.6/MCU/ARM_GCC_Support/ewl/lib/armv6-m\libc.a(__filll_mem.o)
                                0x152 (size before relaxing)
 .debug_str     0x000019a7       0x1c C:/Freescale/CW MCU v10.6/MCU/ARM_GCC_Support/ewl/lib/armv6-m\libc.a(memchr.o)
                                0x148 (size before relaxing)
 .debug_str     0x000019c3       0x1c C:/Freescale/CW MCU v10.6/MCU/ARM_GCC_Support/ewl/lib/armv6-m\libc.a(memcpy.o)
                                0x138 (size before relaxing)
 .debug_str     0x000019df       0x1c C:/Freescale/CW MCU v10.6/MCU/ARM_GCC_Support/ewl/lib/armv6-m\libc.a(strchr.o)
                                0x137 (size before relaxing)
 .debug_str     0x000019fb       0x18 C:/Freescale/CW MCU v10.6/MCU/ARM_GCC_Support/ewl/lib/armv6-m\libm.a(w_sqrt.o)
                                0x12b (size before relaxing)
 .debug_str     0x00001a13       0x42 C:/Freescale/CW MCU v10.6/MCU/ARM_GCC_Support/ewl/lib/armv6-m\libm.a(e_sqrt.o)
                                0x17e (size before relaxing)
 .debug_str     0x00001a55       0xf9 C:/Freescale/CW MCU v10.6/MCU/ARM_GCC_Support/ewl/lib/armv6-m\libm.a(float.o)
                                0x225 (size before relaxing)
 .debug_str     0x00001b4e      0x126 C:/Freescale/CW MCU v10.6/MCU/ARM_GCC_Support/ewl/lib/armv6-m\librt.a(gcc_ctor_dtor.o)
                                0x181 (size before relaxing)
 .debug_str     0x00001c74       0x9c C:/Freescale/CW MCU v10.6/MCU/ARM_GCC_Support/ewl/lib/armv6-m\librt.a(ROMCopy.o)
                                0x13c (size before relaxing)
 .debug_str     0x00001d10       0xf8 C:/Freescale/CW MCU v10.6/MCU/ARM_GCC_Support/ewl/lib/armv6-m\librt.a(__arm_eabi_init.o)
                                0x1b5 (size before relaxing)
 .debug_str     0x00001e08       0x12 C:/Freescale/CW MCU v10.6/MCU/ARM_GCC_Support/ewl/lib/armv6-m\libc.a(errno.o)
                                0x12c (size before relaxing)

.comment        0x00000000       0x79
 .comment       0x00000000       0x79 ./Project_Settings/Startup_Code/kinetis_sysinit.o
                                 0x7a (size before relaxing)
 .comment       0x00000000       0x7a ./Project_Settings/Startup_Code/__arm_start.o
 .comment       0x00000000       0x7a ./Project_Settings/Startup_Code/__arm_end.o
 .comment       0x00000000       0x7a ./Sources/TFC/TFC_arm_cm0.o
 .comment       0x00000000       0x7a ./Sources/TFC/TFC_UART.o
 .comment       0x00000000       0x7a ./Sources/TFC/TFC_Terminal.o
 .comment       0x00000000       0x7a ./Sources/TFC/TFC_Servo.o
 .comment       0x00000000       0x7a ./Sources/TFC/TFC_Queue.o
 .comment       0x00000000       0x7a ./Sources/TFC/TFC_Motor.o
 .comment       0x00000000       0x7a ./Sources/TFC/TFC_LineScanCamera.o
 .comment       0x00000000       0x7a ./Sources/TFC/TFC_CrystalClock.o
 .comment       0x00000000       0x7a ./Sources/TFC/TFC_BoardSupport.o
 .comment       0x00000000       0x7a ./Sources/TFC/TFC_ARM_SysTick.o
 .comment       0x00000000       0x7a ./Sources/TFC/TFC_ADC.o
 .comment       0x00000000       0x7a ./Sources/TFC/TFC.o
 .comment       0x00000000       0x7a ./Sources/main.o
 .comment       0x00000000       0x7a C:/Freescale/CW MCU v10.6/MCU/ARM_GCC_Support/ewl/lib/armv6-m\libc.a(sscanf.o)
 .comment       0x00000000       0x7a C:/Freescale/CW MCU v10.6/MCU/ARM_GCC_Support/ewl/lib/armv6-m\libc.a(vsprintf.o)
 .comment       0x00000000       0x7a C:/Freescale/CW MCU v10.6/MCU/ARM_GCC_Support/ewl/lib/armv6-m\libc.a(vsscanf.o)
 .comment       0x00000000       0x7a C:/Freescale/CW MCU v10.6/MCU/ARM_GCC_Support/ewl/lib/armv6-m\libc.a(exit.o)
 .comment       0x00000000       0x7a C:/Freescale/CW MCU v10.6/MCU/ARM_GCC_Support/ewl/lib/armv6-m\libc.a(memset.o)
 .comment       0x00000000       0x7a C:/Freescale/CW MCU v10.6/MCU/ARM_GCC_Support/ewl/lib/armv6-m\libc.a(strcmp.o)
 .comment       0x00000000       0x7a C:/Freescale/CW MCU v10.6/MCU/ARM_GCC_Support/ewl/lib/armv6-m\libc.a(strcpy.o)
 .comment       0x00000000       0x7a C:/Freescale/CW MCU v10.6/MCU/ARM_GCC_Support/ewl/lib/armv6-m\libc.a(strlen.o)
 .comment       0x00000000       0x7a C:/Freescale/CW MCU v10.6/MCU/ARM_GCC_Support/ewl/lib/armv6-m\libc.a(printformat_.o)
 .comment       0x00000000       0x7a C:/Freescale/CW MCU v10.6/MCU/ARM_GCC_Support/ewl/lib/armv6-m\libc.a(scanformat_.o)
 .comment       0x00000000       0x7a C:/Freescale/CW MCU v10.6/MCU/ARM_GCC_Support/ewl/lib/armv6-m\libc.a(ctype_aeabi.o)
 .comment       0x00000000       0x7a C:/Freescale/CW MCU v10.6/MCU/ARM_GCC_Support/ewl/lib/armv6-m\libc.a(vsnprintf.o)
 .comment       0x00000000       0x7a C:/Freescale/CW MCU v10.6/MCU/ARM_GCC_Support/ewl/lib/armv6-m\libc.a(__strtoul.o)
 .comment       0x00000000       0x7a C:/Freescale/CW MCU v10.6/MCU/ARM_GCC_Support/ewl/lib/armv6-m\libc.a(__filll_mem.o)
 .comment       0x00000000       0x7a C:/Freescale/CW MCU v10.6/MCU/ARM_GCC_Support/ewl/lib/armv6-m\libc.a(memchr.o)
 .comment       0x00000000       0x7a C:/Freescale/CW MCU v10.6/MCU/ARM_GCC_Support/ewl/lib/armv6-m\libc.a(memcpy.o)
 .comment       0x00000000       0x7a C:/Freescale/CW MCU v10.6/MCU/ARM_GCC_Support/ewl/lib/armv6-m\libc.a(strchr.o)
 .comment       0x00000000       0x7a C:/Freescale/CW MCU v10.6/MCU/ARM_GCC_Support/ewl/lib/armv6-m\libm.a(w_sqrt.o)
 .comment       0x00000000       0x7a C:/Freescale/CW MCU v10.6/MCU/ARM_GCC_Support/ewl/lib/armv6-m\libm.a(e_sqrt.o)
 .comment       0x00000000       0x7a C:/Freescale/CW MCU v10.6/MCU/ARM_GCC_Support/ewl/lib/armv6-m\libm.a(float.o)
 .comment       0x00000000       0x7a C:/Freescale/CW MCU v10.6/MCU/ARM_GCC_Support/ewl/lib/armv6-m\librt.a(gcc_ctor_dtor.o)
 .comment       0x00000000       0x7a C:/Freescale/CW MCU v10.6/MCU/ARM_GCC_Support/ewl/lib/armv6-m\librt.a(ROMCopy.o)
 .comment       0x00000000       0x7a C:/Freescale/CW MCU v10.6/MCU/ARM_GCC_Support/ewl/lib/armv6-m\librt.a(__arm_eabi_init.o)
 .comment       0x00000000       0x7a C:/Freescale/CW MCU v10.6/MCU/ARM_GCC_Support/ewl/lib/armv6-m\libc.a(errno.o)

.debug_frame    0x00000000     0x1630
 .debug_frame   0x00000000       0x48 ./Project_Settings/Startup_Code/kinetis_sysinit.o
 .debug_frame   0x00000048       0x4c ./Project_Settings/Startup_Code/__arm_start.o
 .debug_frame   0x00000094       0x30 ./Project_Settings/Startup_Code/__arm_end.o
 .debug_frame   0x000000c4       0xcc ./Sources/TFC/TFC_arm_cm0.o
 .debug_frame   0x00000190       0xe8 ./Sources/TFC/TFC_UART.o
 .debug_frame   0x00000278      0x150 ./Sources/TFC/TFC_Terminal.o
 .debug_frame   0x000003c8       0x90 ./Sources/TFC/TFC_Servo.o
 .debug_frame   0x00000458       0xf4 ./Sources/TFC/TFC_Queue.o
 .debug_frame   0x0000054c       0x54 ./Sources/TFC/TFC_Motor.o
 .debug_frame   0x000005a0       0x50 ./Sources/TFC/TFC_LineScanCamera.o
 .debug_frame   0x000005f0      0x390 ./Sources/TFC/TFC_CrystalClock.o
 .debug_frame   0x00000980       0x6c ./Sources/TFC/TFC_BoardSupport.o
 .debug_frame   0x000009ec       0x70 ./Sources/TFC/TFC_ARM_SysTick.o
 .debug_frame   0x00000a5c      0x128 ./Sources/TFC/TFC_ADC.o
 .debug_frame   0x00000b84       0x48 ./Sources/TFC/TFC.o
 .debug_frame   0x00000bcc       0xd0 ./Sources/main.o
 .debug_frame   0x00000c9c       0x2c C:/Freescale/CW MCU v10.6/MCU/ARM_GCC_Support/ewl/lib/armv6-m\libc.a(sscanf.o)
 .debug_frame   0x00000cc8       0x28 C:/Freescale/CW MCU v10.6/MCU/ARM_GCC_Support/ewl/lib/armv6-m\libc.a(vsprintf.o)
 .debug_frame   0x00000cf0       0x48 C:/Freescale/CW MCU v10.6/MCU/ARM_GCC_Support/ewl/lib/armv6-m\libc.a(vsscanf.o)
 .debug_frame   0x00000d38       0x2c C:/Freescale/CW MCU v10.6/MCU/ARM_GCC_Support/ewl/lib/armv6-m\libc.a(exit.o)
 .debug_frame   0x00000d64       0x28 C:/Freescale/CW MCU v10.6/MCU/ARM_GCC_Support/ewl/lib/armv6-m\libc.a(memset.o)
 .debug_frame   0x00000d8c       0x28 C:/Freescale/CW MCU v10.6/MCU/ARM_GCC_Support/ewl/lib/armv6-m\libc.a(strcmp.o)
 .debug_frame   0x00000db4       0x28 C:/Freescale/CW MCU v10.6/MCU/ARM_GCC_Support/ewl/lib/armv6-m\libc.a(strcpy.o)
 .debug_frame   0x00000ddc       0x28 C:/Freescale/CW MCU v10.6/MCU/ARM_GCC_Support/ewl/lib/armv6-m\libc.a(strlen.o)
 .debug_frame   0x00000e04       0x54 C:/Freescale/CW MCU v10.6/MCU/ARM_GCC_Support/ewl/lib/armv6-m\libc.a(printformat_.o)
 .debug_frame   0x00000e58       0x34 C:/Freescale/CW MCU v10.6/MCU/ARM_GCC_Support/ewl/lib/armv6-m\libc.a(scanformat_.o)
 .debug_frame   0x00000e8c      0x158 C:/Freescale/CW MCU v10.6/MCU/ARM_GCC_Support/ewl/lib/armv6-m\libc.a(ctype_aeabi.o)
 .debug_frame   0x00000fe4       0x4c C:/Freescale/CW MCU v10.6/MCU/ARM_GCC_Support/ewl/lib/armv6-m\libc.a(vsnprintf.o)
 .debug_frame   0x00001030       0x30 C:/Freescale/CW MCU v10.6/MCU/ARM_GCC_Support/ewl/lib/armv6-m\libc.a(__strtoul.o)
 .debug_frame   0x00001060       0x2c C:/Freescale/CW MCU v10.6/MCU/ARM_GCC_Support/ewl/lib/armv6-m\libc.a(__filll_mem.o)
 .debug_frame   0x0000108c       0x28 C:/Freescale/CW MCU v10.6/MCU/ARM_GCC_Support/ewl/lib/armv6-m\libc.a(memchr.o)
 .debug_frame   0x000010b4       0x28 C:/Freescale/CW MCU v10.6/MCU/ARM_GCC_Support/ewl/lib/armv6-m\libc.a(memcpy.o)
 .debug_frame   0x000010dc       0x28 C:/Freescale/CW MCU v10.6/MCU/ARM_GCC_Support/ewl/lib/armv6-m\libc.a(strchr.o)
 .debug_frame   0x00001104       0x28 C:/Freescale/CW MCU v10.6/MCU/ARM_GCC_Support/ewl/lib/armv6-m\libm.a(w_sqrt.o)
 .debug_frame   0x0000112c       0x30 C:/Freescale/CW MCU v10.6/MCU/ARM_GCC_Support/ewl/lib/armv6-m\libm.a(e_sqrt.o)
 .debug_frame   0x0000115c       0x20 c:/freescale/cw mcu v10.6/cross_tools/arm-none-eabi-gcc-4_7_3/bin/../lib/gcc/arm-none-eabi/4.7.3/armv6-m\libgcc.a(_udivsi3.o)
 .debug_frame   0x0000117c       0x20 c:/freescale/cw mcu v10.6/cross_tools/arm-none-eabi-gcc-4_7_3/bin/../lib/gcc/arm-none-eabi/4.7.3/armv6-m\libgcc.a(_divsi3.o)
 .debug_frame   0x0000119c       0x28 c:/freescale/cw mcu v10.6/cross_tools/arm-none-eabi-gcc-4_7_3/bin/../lib/gcc/arm-none-eabi/4.7.3/armv6-m\libgcc.a(_fixunssfsi.o)
 .debug_frame   0x000011c4       0x30 c:/freescale/cw mcu v10.6/cross_tools/arm-none-eabi-gcc-4_7_3/bin/../lib/gcc/arm-none-eabi/4.7.3/armv6-m\libgcc.a(addsf3.o)
 .debug_frame   0x000011f4       0x3c c:/freescale/cw mcu v10.6/cross_tools/arm-none-eabi-gcc-4_7_3/bin/../lib/gcc/arm-none-eabi/4.7.3/armv6-m\libgcc.a(divsf3.o)
 .debug_frame   0x00001230       0x2c c:/freescale/cw mcu v10.6/cross_tools/arm-none-eabi-gcc-4_7_3/bin/../lib/gcc/arm-none-eabi/4.7.3/armv6-m\libgcc.a(eqsf2.o)
 .debug_frame   0x0000125c       0x30 c:/freescale/cw mcu v10.6/cross_tools/arm-none-eabi-gcc-4_7_3/bin/../lib/gcc/arm-none-eabi/4.7.3/armv6-m\libgcc.a(gesf2.o)
 .debug_frame   0x0000128c       0x30 c:/freescale/cw mcu v10.6/cross_tools/arm-none-eabi-gcc-4_7_3/bin/../lib/gcc/arm-none-eabi/4.7.3/armv6-m\libgcc.a(lesf2.o)
 .debug_frame   0x000012bc       0x3c c:/freescale/cw mcu v10.6/cross_tools/arm-none-eabi-gcc-4_7_3/bin/../lib/gcc/arm-none-eabi/4.7.3/armv6-m\libgcc.a(mulsf3.o)
 .debug_frame   0x000012f8       0x30 c:/freescale/cw mcu v10.6/cross_tools/arm-none-eabi-gcc-4_7_3/bin/../lib/gcc/arm-none-eabi/4.7.3/armv6-m\libgcc.a(subsf3.o)
 .debug_frame   0x00001328       0x28 c:/freescale/cw mcu v10.6/cross_tools/arm-none-eabi-gcc-4_7_3/bin/../lib/gcc/arm-none-eabi/4.7.3/armv6-m\libgcc.a(fixsfsi.o)
 .debug_frame   0x00001350       0x2c c:/freescale/cw mcu v10.6/cross_tools/arm-none-eabi-gcc-4_7_3/bin/../lib/gcc/arm-none-eabi/4.7.3/armv6-m\libgcc.a(floatsisf.o)
 .debug_frame   0x0000137c       0x28 c:/freescale/cw mcu v10.6/cross_tools/arm-none-eabi-gcc-4_7_3/bin/../lib/gcc/arm-none-eabi/4.7.3/armv6-m\libgcc.a(floatunsisf.o)
 .debug_frame   0x000013a4       0x3c c:/freescale/cw mcu v10.6/cross_tools/arm-none-eabi-gcc-4_7_3/bin/../lib/gcc/arm-none-eabi/4.7.3/armv6-m\libgcc.a(adddf3.o)
 .debug_frame   0x000013e0       0x3c c:/freescale/cw mcu v10.6/cross_tools/arm-none-eabi-gcc-4_7_3/bin/../lib/gcc/arm-none-eabi/4.7.3/armv6-m\libgcc.a(divdf3.o)
 .debug_frame   0x0000141c       0x3c c:/freescale/cw mcu v10.6/cross_tools/arm-none-eabi-gcc-4_7_3/bin/../lib/gcc/arm-none-eabi/4.7.3/armv6-m\libgcc.a(muldf3.o)
 .debug_frame   0x00001458       0x2c c:/freescale/cw mcu v10.6/cross_tools/arm-none-eabi-gcc-4_7_3/bin/../lib/gcc/arm-none-eabi/4.7.3/armv6-m\libgcc.a(floatunsidf.o)
 .debug_frame   0x00001484       0x2c c:/freescale/cw mcu v10.6/cross_tools/arm-none-eabi-gcc-4_7_3/bin/../lib/gcc/arm-none-eabi/4.7.3/armv6-m\libgcc.a(extendsfdf2.o)
 .debug_frame   0x000014b0       0x30 c:/freescale/cw mcu v10.6/cross_tools/arm-none-eabi-gcc-4_7_3/bin/../lib/gcc/arm-none-eabi/4.7.3/armv6-m\libgcc.a(truncdfsf2.o)
 .debug_frame   0x000014e0       0x40 C:/Freescale/CW MCU v10.6/MCU/ARM_GCC_Support/ewl/lib/armv6-m\librt.a(gcc_ctor_dtor.o)
 .debug_frame   0x00001520       0x54 C:/Freescale/CW MCU v10.6/MCU/ARM_GCC_Support/ewl/lib/armv6-m\librt.a(ROMCopy.o)
 .debug_frame   0x00001574       0xbc C:/Freescale/CW MCU v10.6/MCU/ARM_GCC_Support/ewl/lib/armv6-m\librt.a(__arm_eabi_init.o)
