Archive member included because of file (symbol)

C:/Freescale/CW MCU v10.6/MCU/ARM_GCC_Support/ewl/lib/armv6-m\libc.a(sscanf.o)
                              ./Sources/TFC/TFC_Terminal.o (sscanf)
C:/Freescale/CW MCU v10.6/MCU/ARM_GCC_Support/ewl/lib/armv6-m\libc.a(vsprintf.o)
                              ./Sources/TFC/TFC_Queue.o (vsprintf)
C:/Freescale/CW MCU v10.6/MCU/ARM_GCC_Support/ewl/lib/armv6-m\libc.a(vsscanf.o)
                              C:/Freescale/CW MCU v10.6/MCU/ARM_GCC_Support/ewl/lib/armv6-m\libc.a(sscanf.o) (vsscanf)
C:/Freescale/CW MCU v10.6/MCU/ARM_GCC_Support/ewl/lib/armv6-m\libc.a(exit.o)
                              ./Project_Settings/Startup_Code/__arm_start.o (exit)
C:/Freescale/CW MCU v10.6/MCU/ARM_GCC_Support/ewl/lib/armv6-m\libc.a(memset.o)
                              ./Project_Settings/Startup_Code/__arm_start.o (memset)
C:/Freescale/CW MCU v10.6/MCU/ARM_GCC_Support/ewl/lib/armv6-m\libc.a(strcmp.o)
                              ./Sources/TFC/TFC_Terminal.o (strcmp)
C:/Freescale/CW MCU v10.6/MCU/ARM_GCC_Support/ewl/lib/armv6-m\libc.a(strcpy.o)
                              ./Sources/TFC/TFC_Terminal.o (strcpy)
C:/Freescale/CW MCU v10.6/MCU/ARM_GCC_Support/ewl/lib/armv6-m\libc.a(strlen.o)
                              ./Sources/TFC/TFC_Queue.o (strlen)
C:/Freescale/CW MCU v10.6/MCU/ARM_GCC_Support/ewl/lib/armv6-m\libc.a(printformat_.o)
                              (__pformatter_)
C:/Freescale/CW MCU v10.6/MCU/ARM_GCC_Support/ewl/lib/armv6-m\libc.a(scanformat_.o)
                              (__sformatter)
C:/Freescale/CW MCU v10.6/MCU/ARM_GCC_Support/ewl/lib/armv6-m\libc.a(ctype_aeabi.o)
                              C:/Freescale/CW MCU v10.6/MCU/ARM_GCC_Support/ewl/lib/armv6-m\libc.a(scanformat_.o) (isspace)
C:/Freescale/CW MCU v10.6/MCU/ARM_GCC_Support/ewl/lib/armv6-m\libc.a(vsnprintf.o)
                              C:/Freescale/CW MCU v10.6/MCU/ARM_GCC_Support/ewl/lib/armv6-m\libc.a(vsprintf.o) (vsnprintf)
C:/Freescale/CW MCU v10.6/MCU/ARM_GCC_Support/ewl/lib/armv6-m\libc.a(__strtoul.o)
                              C:/Freescale/CW MCU v10.6/MCU/ARM_GCC_Support/ewl/lib/armv6-m\libc.a(scanformat_.o) (__strtoul)
C:/Freescale/CW MCU v10.6/MCU/ARM_GCC_Support/ewl/lib/armv6-m\libc.a(__filll_mem.o)
                              C:/Freescale/CW MCU v10.6/MCU/ARM_GCC_Support/ewl/lib/armv6-m\libc.a(memset.o) (__fill_mem)
C:/Freescale/CW MCU v10.6/MCU/ARM_GCC_Support/ewl/lib/armv6-m\libc.a(memchr.o)
                              C:/Freescale/CW MCU v10.6/MCU/ARM_GCC_Support/ewl/lib/armv6-m\libc.a(printformat_.o) (memchr)
C:/Freescale/CW MCU v10.6/MCU/ARM_GCC_Support/ewl/lib/armv6-m\libc.a(memcpy.o)
                              C:/Freescale/CW MCU v10.6/MCU/ARM_GCC_Support/ewl/lib/armv6-m\libc.a(scanformat_.o) (memcpy)
C:/Freescale/CW MCU v10.6/MCU/ARM_GCC_Support/ewl/lib/armv6-m\libc.a(strchr.o)
                              C:/Freescale/CW MCU v10.6/MCU/ARM_GCC_Support/ewl/lib/armv6-m\libc.a(printformat_.o) (strchr)
C:/Freescale/CW MCU v10.6/MCU/ARM_GCC_Support/ewl/lib/armv6-m\libm.a(s_atan.o)
                              ./Sources/main.o (atan)
C:/Freescale/CW MCU v10.6/MCU/ARM_GCC_Support/ewl/lib/armv6-m\libm.a(s_cos.o)
                              ./Sources/main.o (cos)
C:/Freescale/CW MCU v10.6/MCU/ARM_GCC_Support/ewl/lib/armv6-m\libm.a(w_pow.o)
                              ./Sources/main.o (pow)
C:/Freescale/CW MCU v10.6/MCU/ARM_GCC_Support/ewl/lib/armv6-m\libm.a(w_sqrt.o)
                              ./Sources/main.o (sqrt)
C:/Freescale/CW MCU v10.6/MCU/ARM_GCC_Support/ewl/lib/armv6-m\libm.a(e_pow.o)
                              C:/Freescale/CW MCU v10.6/MCU/ARM_GCC_Support/ewl/lib/armv6-m\libm.a(w_pow.o) (__ieee754_pow)
C:/Freescale/CW MCU v10.6/MCU/ARM_GCC_Support/ewl/lib/armv6-m\libm.a(e_rem_pio2.o)
                              C:/Freescale/CW MCU v10.6/MCU/ARM_GCC_Support/ewl/lib/armv6-m\libm.a(s_cos.o) (__ieee754_rem_pio2)
C:/Freescale/CW MCU v10.6/MCU/ARM_GCC_Support/ewl/lib/armv6-m\libm.a(e_sqrt.o)
                              C:/Freescale/CW MCU v10.6/MCU/ARM_GCC_Support/ewl/lib/armv6-m\libm.a(w_sqrt.o) (__ieee754_sqrt)
C:/Freescale/CW MCU v10.6/MCU/ARM_GCC_Support/ewl/lib/armv6-m\libm.a(float.o)
                              C:/Freescale/CW MCU v10.6/MCU/ARM_GCC_Support/ewl/lib/armv6-m\libm.a(e_pow.o) (__double_nan)
C:/Freescale/CW MCU v10.6/MCU/ARM_GCC_Support/ewl/lib/armv6-m\libm.a(k_cos.o)
                              C:/Freescale/CW MCU v10.6/MCU/ARM_GCC_Support/ewl/lib/armv6-m\libm.a(s_cos.o) (__kernel_cos)
C:/Freescale/CW MCU v10.6/MCU/ARM_GCC_Support/ewl/lib/armv6-m\libm.a(k_rem_pio2.o)
                              C:/Freescale/CW MCU v10.6/MCU/ARM_GCC_Support/ewl/lib/armv6-m\libm.a(e_rem_pio2.o) (__kernel_rem_pio2)
C:/Freescale/CW MCU v10.6/MCU/ARM_GCC_Support/ewl/lib/armv6-m\libm.a(k_sin.o)
                              C:/Freescale/CW MCU v10.6/MCU/ARM_GCC_Support/ewl/lib/armv6-m\libm.a(s_cos.o) (__kernel_sin)
[...]
Memory Configuration

Name             Origin             Length             Attributes
m_interrupts     0x00000000         0x000000c0         xr
m_cfmprotrom     0x00000400         0x00000010         xr
m_text           0x00000800         0x0001f800         xr
m_data           0x1ffff000         0x00004000         xrw
*default*        0x00000000         0xffffffff

Linker script and memory map

LOAD ./.metadata/.plugins/org.eclipse.cdt.make.core/specs.o
LOAD ./Project_Settings/Startup_Code/kinetis_sysinit.o
LOAD ./Project_Settings/Startup_Code/__arm_start.o
LOAD ./Project_Settings/Startup_Code/__arm_end.o
LOAD ./Sources/TFC/TFC_arm_cm0.o
LOAD ./Sources/TFC/TFC_UART.o
LOAD ./Sources/TFC/TFC_Terminal.o
LOAD ./Sources/TFC/TFC_Servo.o
LOAD ./Sources/TFC/TFC_Queue.o
LOAD ./Sources/TFC/TFC_Motor.o
LOAD ./Sources/TFC/TFC_LineScanCamera.o
LOAD ./Sources/TFC/TFC_CrystalClock.o
LOAD ./Sources/TFC/TFC_BoardSupport.o
LOAD ./Sources/TFC/TFC_ARM_SysTick.o
LOAD ./Sources/TFC/TFC_ADC.o
LOAD ./Sources/TFC/TFC.o
LOAD ./Sources/structc.o
LOAD ./Sources/sa_mtb.o
LOAD ./Sources/main.o
                0x0000744c                __pformatter = __pformatter_
                [0x00007874]                __sformatter = __sformatter
START GROUP
LOAD C:/Freescale/CW MCU v10.6/MCU/ARM_GCC_Support/ewl/lib/armv6-m\libc.a
LOAD C:/Freescale/CW MCU v10.6/MCU/ARM_GCC_Support/ewl/lib/armv6-m\libm.a
LOAD c:/freescale/cw mcu v10.6/cross_tools/arm-none-eabi-gcc-4_7_3/bin/../lib/gcc/arm-none-eabi/4.7.3/armv6-m\libgcc.a
LOAD C:/Freescale/CW MCU v10.6/MCU/ARM_GCC_Support/ewl/lib/armv6-m\librt.a
LOAD C:/Freescale/CW MCU v10.6/MCU/ARM_GCC_Support/ewl/lib/armv6-m\libuart.a
END GROUP
                0x20003000                _estack = 0x20003000
                0x20003000                __SP_INIT = _estack
                0x00000400                __heap_size = 0x400
                0x00000400                __stack_size = 0x400

.interrupts     0x00000000       0xc0
                0x00000000                __vector_table = .
                0x00000000                . = ALIGN (0x4)
 *(.vectortable)
 .vectortable   0x00000000       0xc0 ./Project_Settings/Startup_Code/kinetis_sysinit.o
                0x00000000                InterruptVector
                0x000000c0                . = ALIGN (0x4)

.cfmprotect     0x00000400        0x0
                0x00000400                . = ALIGN (0x4)
 *(.cfmconfig)
                0x00000400                . = ALIGN (0x4)

.text           0x00000800     0x9b30
                0x00000800                . = ALIGN (0x4)
 *(.text)
 .text          0x00000800       0x14 c:/freescale/cw mcu v10.6/cross_tools/arm-none-eabi-gcc-4_7_3/bin/../lib/gcc/arm-none-eabi/4.7.3/armv6-m\libgcc.a(_thumb1_case_sqi.o)
                0x00000800                __gnu_thumb1_case_sqi
 .text          0x00000814       0x14 c:/freescale/cw mcu v10.6/cross_tools/arm-none-eabi-gcc-4_7_3/bin/../lib/gcc/arm-none-eabi/4.7.3/armv6-m\libgcc.a(_thumb1_case_uqi.o)
                0x00000814                __gnu_thumb1_case_uqi
 .text          0x00000828       0x9c c:/freescale/cw mcu v10.6/cross_tools/arm-none-eabi-gcc-4_7_3/bin/../lib/gcc/arm-none-eabi/4.7.3/armv6-m\libgcc.a(_udivsi3.o)
                0x00000828                __aeabi_uidiv
                0x00000828                __udivsi3
                0x000008b0                __aeabi_uidivmod
 .text          0x000008c4       0xc0 c:/freescale/cw mcu v10.6/cross_tools/arm-none-eabi-gcc-4_7_3/bin/../lib/gcc/arm-none-eabi/4.7.3/armv6-m\libgcc.a(_divsi3.o)
                0x000008c4                __divsi3
                0x000008c4                __aeabi_idiv
                0x00000970                __aeabi_idivmod
 .text          0x00000984        0x4 c:/freescale/cw mcu v10.6/cross_tools/arm-none-eabi-gcc-4_7_3/bin/../lib/gcc/arm-none-eabi/4.7.3/armv6-m\libgcc.a(_dvmd_tls.o)
                0x00000984                __aeabi_idiv0
                0x00000984                __aeabi_ldiv0
 .text          0x00000988       0x7c c:/freescale/cw mcu v10.6/cross_tools/arm-none-eabi-gcc-4_7_3/bin/../lib/gcc/arm-none-eabi/4.7.3/armv6-m\libgcc.a(_arm_cmpdf2.o)
                0x00000988                __aeabi_cdrcmple
                0x00000998                __aeabi_cdcmple
                0x00000998                __aeabi_cdcmpeq
                0x000009a8                __aeabi_dcmpeq
                0x000009b4                __aeabi_dcmplt
                0x000009c8                __aeabi_dcmple
                0x000009dc                __aeabi_dcmpgt
                0x000009f0                __aeabi_dcmpge
 .text          0x00000a04       0x74 c:/freescale/cw mcu v10.6/cross_tools/arm-none-eabi-gcc-4_7_3/bin/../lib/gcc/arm-none-eabi/4.7.3/armv6-m\libgcc.a(_arm_cmpsf2.o)
                0x00000a04                __aeabi_cfrcmple
                0x00000a0c                __aeabi_cfcmpeq
                0x00000a0c                __aeabi_cfcmple
                0x00000a1c                __aeabi_fcmpeq
                0x00000a28                __aeabi_fcmplt
                0x00000a3c                __aeabi_fcmple
                0x00000a50                __aeabi_fcmpgt
                0x00000a64                __aeabi_fcmpge
 .text          0x00000a78       0x30 c:/freescale/cw mcu v10.6/cross_tools/arm-none-eabi-gcc-4_7_3/bin/../lib/gcc/arm-none-eabi/4.7.3/armv6-m\libgcc.a(_fixunssfsi.o)
                0x00000a78                __fixunssfsi
                0x00000a78                __aeabi_f2uiz
 .text          0x00000aa8       0x40 c:/freescale/cw mcu v10.6/cross_tools/arm-none-eabi-gcc-4_7_3/bin/../lib/gcc/arm-none-eabi/4.7.3/armv6-m\libgcc.a(_fixunsdfsi.o)
                0x00000aa8                __aeabi_d2uiz
                0x00000aa8                __fixunsdfsi
 .text          0x00000ae8      0x3a4 c:/freescale/cw mcu v10.6/cross_tools/arm-none-eabi-gcc-4_7_3/bin/../lib/gcc/arm-none-eabi/4.7.3/armv6-m\libgcc.a(addsf3.o)
                0x00000ae8                __aeabi_fadd
 .text          0x00000e8c      0x274 c:/freescale/cw mcu v10.6/cross_tools/arm-none-eabi-gcc-4_7_3/bin/../lib/gcc/arm-none-eabi/4.7.3/armv6-m\libgcc.a(divsf3.o)
                0x00000e8c                __aeabi_fdiv
 .text          0x00001100       0x50 c:/freescale/cw mcu v10.6/cross_tools/arm-none-eabi-gcc-4_7_3/bin/../lib/gcc/arm-none-eabi/4.7.3/armv6-m\libgcc.a(eqsf2.o)
                0x00001100                __eqsf2
                0x00001100                __nesf2
 .text          0x00001150       0x90 c:/freescale/cw mcu v10.6/cross_tools/arm-none-eabi-gcc-4_7_3/bin/../lib/gcc/arm-none-eabi/4.7.3/armv6-m\libgcc.a(gesf2.o)
                0x00001150                __gesf2
                0x00001150                __gtsf2
 .text          0x000011e0       0x90 c:/freescale/cw mcu v10.6/cross_tools/arm-none-eabi-gcc-4_7_3/bin/../lib/gcc/arm-none-eabi/4.7.3/armv6-m\libgcc.a(lesf2.o)
                0x000011e0                __ltsf2
                0x000011e0                __lesf2
 .text          0x00001270      0x260 c:/freescale/cw mcu v10.6/cross_tools/arm-none-eabi-gcc-4_7_3/bin/../lib/gcc/arm-none-eabi/4.7.3/armv6-m\libgcc.a(mulsf3.o)
                0x00001270                __aeabi_fmul
 .text          0x000014d0      0x3ac c:/freescale/cw mcu v10.6/cross_tools/arm-none-eabi-gcc-4_7_3/bin/../lib/gcc/arm-none-eabi/4.7.3/armv6-m\libgcc.a(subsf3.o)
                0x000014d0                __aeabi_fsub
 .text          0x0000187c       0x40 c:/freescale/cw mcu v10.6/cross_tools/arm-none-eabi-gcc-4_7_3/bin/../lib/gcc/arm-none-eabi/4.7.3/armv6-m\libgcc.a(fixsfsi.o)
                0x0000187c                __aeabi_f2iz
 .text          0x000018bc       0xa8 c:/freescale/cw mcu v10.6/cross_tools/arm-none-eabi-gcc-4_7_3/bin/../lib/gcc/arm-none-eabi/4.7.3/armv6-m\libgcc.a(floatsisf.o)
                0x000018bc                __aeabi_i2f
 .text          0x00001964       0xa8 c:/freescale/cw mcu v10.6/cross_tools/arm-none-eabi-gcc-4_7_3/bin/../lib/gcc/arm-none-eabi/4.7.3/armv6-m\libgcc.a(floatunsisf.o)
                0x00001964                __aeabi_ui2f
 .text          0x00001a0c      0x758 c:/freescale/cw mcu v10.6/cross_tools/arm-none-eabi-gcc-4_7_3/bin/../lib/gcc/arm-none-eabi/4.7.3/armv6-m\libgcc.a(adddf3.o)
                0x00001a0c                __aeabi_dadd
 .text          0x00002164      0x5b8 c:/freescale/cw mcu v10.6/cross_tools/arm-none-eabi-gcc-4_7_3/bin/../lib/gcc/arm-none-eabi/4.7.3/armv6-m\libgcc.a(divdf3.o)
                0x00002164                __aeabi_ddiv
 .text          0x0000271c       0x7c c:/freescale/cw mcu v10.6/cross_tools/arm-none-eabi-gcc-4_7_3/bin/../lib/gcc/arm-none-eabi/4.7.3/armv6-m\libgcc.a(eqdf2.o)
                0x0000271c                __nedf2
                0x0000271c                __eqdf2
 .text          0x00002798       0xe8 c:/freescale/cw mcu v10.6/cross_tools/arm-none-eabi-gcc-4_7_3/bin/../lib/gcc/arm-none-eabi/4.7.3/armv6-m\libgcc.a(gedf2.o)
                0x00002798                __gedf2
                0x00002798                __gtdf2
 .text          0x00002880       0xd8 c:/freescale/cw mcu v10.6/cross_tools/arm-none-eabi-gcc-4_7_3/bin/../lib/gcc/arm-none-eabi/4.7.3/armv6-m\libgcc.a(ledf2.o)
                0x00002880                __ledf2
                0x00002880                __ltdf2
 .text          0x00002958      0x4e4 c:/freescale/cw mcu v10.6/cross_tools/arm-none-eabi-gcc-4_7_3/bin/../lib/gcc/arm-none-eabi/4.7.3/armv6-m\libgcc.a(muldf3.o)
                0x00002958                __aeabi_dmul
 .text          0x00002e3c      0x6f8 c:/freescale/cw mcu v10.6/cross_tools/arm-none-eabi-gcc-4_7_3/bin/../lib/gcc/arm-none-eabi/4.7.3/armv6-m\libgcc.a(subdf3.o)
                0x00002e3c                __aeabi_dsub
 .text          0x00003534       0x68 c:/freescale/cw mcu v10.6/cross_tools/arm-none-eabi-gcc-4_7_3/bin/../lib/gcc/arm-none-eabi/4.7.3/armv6-m\libgcc.a(fixdfsi.o)
                0x00003534                __aeabi_d2iz
 .text          0x0000359c       0x74 c:/freescale/cw mcu v10.6/cross_tools/arm-none-eabi-gcc-4_7_3/bin/../lib/gcc/arm-none-eabi/4.7.3/armv6-m\libgcc.a(floatsidf.o)
                0x0000359c                __aeabi_i2d
 .text          0x00003610       0x64 c:/freescale/cw mcu v10.6/cross_tools/arm-none-eabi-gcc-4_7_3/bin/../lib/gcc/arm-none-eabi/4.7.3/armv6-m\libgcc.a(floatunsidf.o)
                0x00003610                __aeabi_ui2d
 .text          0x00003674       0xa8 c:/freescale/cw mcu v10.6/cross_tools/arm-none-eabi-gcc-4_7_3/bin/../lib/gcc/arm-none-eabi/4.7.3/armv6-m\libgcc.a(extendsfdf2.o)
                0x00003674                __aeabi_f2d
 .text          0x0000371c      0x134 c:/freescale/cw mcu v10.6/cross_tools/arm-none-eabi-gcc-4_7_3/bin/../lib/gcc/arm-none-eabi/4.7.3/armv6-m\libgcc.a(truncdfsf2.o)
                0x0000371c                __aeabi_d2f
 .text          0x00003850       0x3c c:/freescale/cw mcu v10.6/cross_tools/arm-none-eabi-gcc-4_7_3/bin/../lib/gcc/arm-none-eabi/4.7.3/armv6-m\libgcc.a(_clzsi2.o)
                0x00003850                __clzsi2
 *(.text*)
 .text.Default_Handler
                0x0000388c        0xc ./Project_Settings/Startup_Code/kinetis_sysinit.o
                0x0000388c                RTC_Alarm_IRQHandler
                0x0000388c                I2C0_IRQHandler
                0x0000388c                HardFault_Handler
                0x0000388c                PendSV_Handler
                0x0000388c                NMI_Handler
                0x0000388c                I2C1_IRQHandler
                0x0000388c                UART1_IRQHandler
                0x0000388c                DMA2_IRQHandler
                0x0000388c                TSI0_IRQHandler
                0x0000388c                SPI1_IRQHandler
                0x0000388c                PORTD_IRQHandler
                0x0000388c                LPTimer_IRQHandler
                0x0000388c                RTC_Seconds_IRQHandler
                0x0000388c                MCG_IRQHandler
                0x0000388c                UART2_IRQHandler
                0x0000388c                Default_Handler
                0x0000388c                LLW_IRQHandler
                0x0000388c                SVC_Handler
                0x0000388c                USBOTG_IRQHandler
                0x0000388c                DMA3_IRQHandler
                0x0000388c                DMA0_IRQHandler
                0x0000388c                DAC0_IRQHandler
                0x0000388c                PMC_IRQHandler
                0x0000388c                SPI0_IRQHandler
                0x0000388c                FTM0_IRQHandler
                0x0000388c                PORTA_IRQHandler
                0x0000388c                MCM_IRQHandler
                0x0000388c                FTFL_IRQHandler
                0x0000388c                FTM2_IRQHandler
                0x0000388c                CMP0_IRQHandler
                0x0000388c                DMA1_IRQHandler
 .text.__init_hardware
                0x00003898       0x2c ./Project_Settings/Startup_Code/kinetis_sysinit.o
                0x00003898                __init_hardware
 .text.zero_fill_bss
                0x000038c4       0x24 ./Project_Settings/Startup_Code/__arm_start.o
 .text.__thumb_startup
                0x000038e8       0x30 ./Project_Settings/Startup_Code/__arm_start.o
                0x000038e8                __thumb_startup
 .text._ExitProcess
                0x00003918        0xc ./Project_Settings/Startup_Code/__arm_end.o
                0x00003918                _ExitProcess
 .text.enable_irq
                0x00003924       0x6c ./Sources/TFC/TFC_arm_cm0.o
                0x00003924                enable_irq
 .text.disable_irq
                0x00003990       0x40 ./Sources/TFC/TFC_arm_cm0.o
                0x00003990                disable_irq
 .text.TFC_InitUARTs
                0x000039d0       0xd0 ./Sources/TFC/TFC_UART.o
                0x000039d0                TFC_InitUARTs
 .text.TFC_UART_Process
                0x00003aa0       0x40 ./Sources/TFC/TFC_UART.o
                0x00003aa0                TFC_UART_Process
 .text.UART0_IRQHandler
                0x00003ae0       0x78 ./Sources/TFC/TFC_UART.o
                0x00003ae0                UART0_IRQHandler
 .text.uart0_init
                0x00003b58      0x22c ./Sources/TFC/TFC_UART.o
                0x00003b58                uart0_init
 .text.TerminalBootMsg
                0x00003d84       0x6c ./Sources/TFC/TFC_Terminal.o
                0x00003d84                TerminalBootMsg
 .text.TFC_InitTerminal
                0x00003df0       0x20 ./Sources/TFC/TFC_Terminal.o
                0x00003df0                TFC_InitTerminal
 .text.TerminalCmd_Help
                0x00003e10       0xa4 ./Sources/TFC/TFC_Terminal.o
                0x00003e10                TerminalCmd_Help
 .text.TerminalCmd_E
                0x00003eb4       0x30 ./Sources/TFC/TFC_Terminal.o
                0x00003eb4                TerminalCmd_E
 .text.TerminalCmd_D
                0x00003ee4       0x3c ./Sources/TFC/TFC_Terminal.o
                0x00003ee4                TerminalCmd_D
 .text.TerminalCmd_GetLineScan
                0x00003f20      0x118 ./Sources/TFC/TFC_Terminal.o
                0x00003f20                TerminalCmd_GetLineScan
 .text.TerminalCmd_S
                0x00004038       0xac ./Sources/TFC/TFC_Terminal.o
                0x00004038                TerminalCmd_S
 .text.TerminalCmd_H
                0x000040e4       0xa8 ./Sources/TFC/TFC_Terminal.o
                0x000040e4                TerminalCmd_H
 .text.TFC_ProcessTerminal
                0x0000418c      0x2c0 ./Sources/TFC/TFC_Terminal.o
                0x0000418c                TFC_ProcessTerminal
 *fill*         0x0000444c        0x4 00
 .text.TFC_SetServo
                0x00004450       0x90 ./Sources/TFC/TFC_Servo.o
                0x00004450                TFC_SetServo
 .text.TFC_SetServoDutyCycle
                0x000044e0       0x68 ./Sources/TFC/TFC_Servo.o
                0x000044e0                TFC_SetServoDutyCycle
 .text.FTM1_IRQHandler
                0x00004548       0x40 ./Sources/TFC/TFC_Servo.o
                0x00004548                FTM1_IRQHandler
 .text.TFC_InitServos
                0x00004588       0xd4 ./Sources/TFC/TFC_Servo.o
                0x00004588                TFC_InitServos
 .text.InitByteQueue
                0x0000465c       0x6c ./Sources/TFC/TFC_Queue.o
                0x0000465c                InitByteQueue
 .text.BytesInQueue
                0x000046c8       0x50 ./Sources/TFC/TFC_Queue.o
                0x000046c8                BytesInQueue
 .text.ByteEnqueue
                0x00004718       0x64 ./Sources/TFC/TFC_Queue.o
                0x00004718                ByteEnqueue
 .text.ByteArrayEnqueue
                0x0000477c       0x58 ./Sources/TFC/TFC_Queue.o
                0x0000477c                ByteArrayEnqueue
 .text.Qprintf  0x000047d4       0x50 ./Sources/TFC/TFC_Queue.o
                0x000047d4                Qprintf
 .text.ByteDequeue
                0x00004824       0x5c ./Sources/TFC/TFC_Queue.o
                0x00004824                ByteDequeue
 .text.ForcedByteDequeue
                0x00004880       0x58 ./Sources/TFC/TFC_Queue.o
                0x00004880                ForcedByteDequeue
 .text.TFC_InitMotorPWM
                0x000048d8       0xd4 ./Sources/TFC/TFC_Motor.o
                0x000048d8                TFC_InitMotorPWM
 *fill*         0x000049ac        0x4 00
 .text.TFC_SetMotorPWM
                0x000049b0      0x140 ./Sources/TFC/TFC_Motor.o
                0x000049b0                TFC_SetMotorPWM
 .text.TFC_InitLineScanCamera
                0x00004af0       0xb4 ./Sources/TFC/TFC_LineScanCamera.o
                0x00004af0                TFC_InitLineScanCamera
 *fill*         0x00004ba4        0x4 00
 .text.TFC_SetLineScanExposureTime
                0x00004ba8       0x70 ./Sources/TFC/TFC_LineScanCamera.o
                0x00004ba8                TFC_SetLineScanExposureTime
 .text.TFC_InitClock
                0x00004c18       0x24 ./Sources/TFC/TFC_CrystalClock.o
                0x00004c18                TFC_InitClock
 .text.pll_init
                0x00004c3c      0x548 ./Sources/TFC/TFC_CrystalClock.o
                0x00004c3c                pll_init
 .text.TFC_InitGPIO
                0x00005184       0xb4 ./Sources/TFC/TFC_BoardSupport.o
                0x00005184                TFC_InitGPIO
 .text.TFC_SetBatteryLED_Level
                0x00005238       0x78 ./Sources/TFC/TFC_BoardSupport.o
                0x00005238                TFC_SetBatteryLED_Level
 .text.TFC_GetDIP_Switch
                0x000052b0       0x2c ./Sources/TFC/TFC_BoardSupport.o
                0x000052b0                TFC_GetDIP_Switch
 .text.TFC_InitSysTick
                0x000052dc       0x4c ./Sources/TFC/TFC_ARM_SysTick.o
                0x000052dc                TFC_InitSysTick
 .text.SysTick_Handler
                0x00005328       0x60 ./Sources/TFC/TFC_ARM_SysTick.o
                0x00005328                SysTick_Handler
 .text.ADC_Cal  0x00005388      0x1b4 ./Sources/TFC/TFC_ADC.o
                0x00005388                ADC_Cal
 .text.ADC_Config_Alt
                0x0000553c       0x60 ./Sources/TFC/TFC_ADC.o
                0x0000553c                ADC_Config_Alt
 .text.InitADC0
                0x0000559c       0x90 ./Sources/TFC/TFC_ADC.o
                0x0000559c                InitADC0
 .text.TFC_InitADCs
                0x0000562c       0x70 ./Sources/TFC/TFC_ADC.o
                0x0000562c                TFC_InitADCs
 .text.PIT_IRQHandler
                0x0000569c       0x40 ./Sources/TFC/TFC_ADC.o
                0x0000569c                PIT_IRQHandler
 .text.ADC0_IRQHandler
                0x000056dc      0x224 ./Sources/TFC/TFC_ADC.o
                0x000056dc                ADC0_IRQHandler
 .text.TFC_ReadPot
                0x00005900       0xc0 ./Sources/TFC/TFC_ADC.o
                0x00005900                TFC_ReadPot
 .text.TFC_Init
                0x000059c0       0x44 ./Sources/TFC/TFC.o
                0x000059c0                TFC_Init
 .text.TFC_Task
                0x00005a04       0x10 ./Sources/TFC/TFC.o
                0x00005a04                TFC_Task
 .text.isBlack  0x00005a14       0x3c ./Sources/main.o
                0x00005a14                isBlack
 .text.isWhite  0x00005a50       0x28 ./Sources/main.o
                0x00005a50                isWhite
 .text.isCentrical
                0x00005a78       0x2c ./Sources/main.o
                0x00005a78                isCentrical
 .text.isHill   0x00005aa4       0xb8 ./Sources/main.o
                0x00005aa4                isHill
 .text.isStart  0x00005b5c       0xe8 ./Sources/main.o
                0x00005b5c                isStart
 .text.checkModeChange
                0x00005c44       0x48 ./Sources/main.o
                0x00005c44                checkModeChange
 .text.disableMotor
                0x00005c8c       0x20 ./Sources/main.o
                0x00005c8c                disableMotor
 .text.enableMotor
                0x00005cac       0x14 ./Sources/main.o
                0x00005cac                enableMotor
 .text.resetTicker
                0x00005cc0       0x14 ./Sources/main.o
                0x00005cc0                resetTicker
 *fill*         0x00005cd4        0x4 00
 .text.getInnerSpeed
                0x00005cd8       0xd0 ./Sources/main.o
                0x00005cd8                getInnerSpeed
 .text.IMPROVEDfindBlack
                0x00005da8       0xf0 ./Sources/main.o
                0x00005da8                IMPROVEDfindBlack
 .text.print    0x00005e98       0xd8 ./Sources/main.o
                0x00005e98                print
 .text.calibrateLightSensor
                0x00005f70       0xd0 ./Sources/main.o
                0x00005f70                calibrateLightSensor
 .text.calculateSpeed_II
                0x00006040      0x2f8 ./Sources/main.o
                0x00006040                calculateSpeed_II
 .text.getLineMid
                0x00006338      0x138 ./Sources/main.o
                0x00006338                getLineMid
 .text.getMiddleIndex
                0x00006470       0x2c ./Sources/main.o
                0x00006470                getMiddleIndex
 *fill*         0x0000649c        0x4 00
 .text.calculateSteering
                0x000064a0      0x2e8 ./Sources/main.o
                0x000064a0                calculateSteering
 .text.checkStart
                0x00006788       0x38 ./Sources/main.o
                0x00006788                checkStart
 .text.drive    0x000067c0       0xc8 ./Sources/main.o
                0x000067c0                drive
 .text.driveWithHillRecognition
                0x00006888      0x12c ./Sources/main.o
                0x00006888                driveWithHillRecognition
 .text.setEndOfRound
                0x000069b4       0x60 ./Sources/main.o
                0x000069b4                setEndOfRound
 .text.threshold
                0x00006a14      0x218 ./Sources/main.o
                0x00006a14                threshold
 .text.main     0x00006c2c      0x56c ./Sources/main.o
                0x00006c2c                main
 .text.sscanf   0x00007198       0x18 C:/Freescale/CW MCU v10.6/MCU/ARM_GCC_Support/ewl/lib/armv6-m\libc.a(sscanf.o)
                0x00007198                sscanf
 .text.vsprintf
                0x000071b0       0x12 C:/Freescale/CW MCU v10.6/MCU/ARM_GCC_Support/ewl/lib/armv6-m\libc.a(vsprintf.o)
                0x000071b0                vsprintf
 .text.__StringRead
                0x000071c2       0x3c C:/Freescale/CW MCU v10.6/MCU/ARM_GCC_Support/ewl/lib/armv6-m\libc.a(vsscanf.o)
                0x000071c2                __StringRead
 *fill*         0x000071fe        0x2 00
 .text.vsscanf  0x00007200       0x30 C:/Freescale/CW MCU v10.6/MCU/ARM_GCC_Support/ewl/lib/armv6-m\libc.a(vsscanf.o)
                0x00007200                vsscanf
 .text.exit     0x00007230       0x38 C:/Freescale/CW MCU v10.6/MCU/ARM_GCC_Support/ewl/lib/armv6-m\libc.a(exit.o)
                0x00007230                exit
 .text.memset   0x00007268        0xc C:/Freescale/CW MCU v10.6/MCU/ARM_GCC_Support/ewl/lib/armv6-m\libc.a(memset.o)
                0x00007268                memset
 .text.strcmp   0x00007274       0x1c C:/Freescale/CW MCU v10.6/MCU/ARM_GCC_Support/ewl/lib/armv6-m\libc.a(strcmp.o)
                0x00007274                strcmp
 .text.strcpy   0x00007290       0x10 C:/Freescale/CW MCU v10.6/MCU/ARM_GCC_Support/ewl/lib/armv6-m\libc.a(strcpy.o)
                0x00007290                strcpy
 .text.strlen   0x000072a0       0x10 C:/Freescale/CW MCU v10.6/MCU/ARM_GCC_Support/ewl/lib/armv6-m\libc.a(strlen.o)
                0x000072a0                strlen
 .text.long2str.isra.0
                0x000072b0      0x19c C:/Freescale/CW MCU v10.6/MCU/ARM_GCC_Support/ewl/lib/armv6-m\libc.a(printformat_.o)
 .text.__pformatter_
                0x0000744c      0x428 C:/Freescale/CW MCU v10.6/MCU/ARM_GCC_Support/ewl/lib/armv6-m\libc.a(printformat_.o)
                0x0000744c                __pformatter_
 .text.__sformatter
                0x00007874      0x698 C:/Freescale/CW MCU v10.6/MCU/ARM_GCC_Support/ewl/lib/armv6-m\libc.a(scanformat_.o)
                0x00007874                __sformatter
 .text.isalpha  0x00007f0c       0x20 C:/Freescale/CW MCU v10.6/MCU/ARM_GCC_Support/ewl/lib/armv6-m\libc.a(ctype_aeabi.o)
                0x00007f0c                isalpha
 .text.isspace  0x00007f2c       0x20 C:/Freescale/CW MCU v10.6/MCU/ARM_GCC_Support/ewl/lib/armv6-m\libc.a(ctype_aeabi.o)
                0x00007f2c                isspace
 .text.toupper  0x00007f4c        0xe C:/Freescale/CW MCU v10.6/MCU/ARM_GCC_Support/ewl/lib/armv6-m\libc.a(ctype_aeabi.o)
                0x00007f4c                toupper
 .text.__StringWrite
                0x00007f5a       0x26 C:/Freescale/CW MCU v10.6/MCU/ARM_GCC_Support/ewl/lib/armv6-m\libc.a(vsnprintf.o)
                0x00007f5a                __StringWrite
 .text.vsnprintf
                0x00007f80       0x38 C:/Freescale/CW MCU v10.6/MCU/ARM_GCC_Support/ewl/lib/armv6-m\libc.a(vsnprintf.o)
                0x00007f80                vsnprintf
 .text.__strtoul
                0x00007fb8      0x1ce C:/Freescale/CW MCU v10.6/MCU/ARM_GCC_Support/ewl/lib/armv6-m\libc.a(__strtoul.o)
                0x00007fb8                __strtoul
 .text.__fill_mem
                0x00008186       0x7e C:/Freescale/CW MCU v10.6/MCU/ARM_GCC_Support/ewl/lib/armv6-m\libc.a(__filll_mem.o)
                0x00008186                __fill_mem
 .text.memchr   0x00008204       0x1a C:/Freescale/CW MCU v10.6/MCU/ARM_GCC_Support/ewl/lib/armv6-m\libc.a(memchr.o)
                0x00008204                memchr
 .text.memcpy   0x0000821e       0x12 C:/Freescale/CW MCU v10.6/MCU/ARM_GCC_Support/ewl/lib/armv6-m\libc.a(memcpy.o)
                0x0000821e                memcpy
 .text.strchr   0x00008230       0x1e C:/Freescale/CW MCU v10.6/MCU/ARM_GCC_Support/ewl/lib/armv6-m\libc.a(strchr.o)
                0x00008230                strchr
 *fill*         0x0000824e        0x2 00
 .text.atan     0x00008250      0x358 C:/Freescale/CW MCU v10.6/MCU/ARM_GCC_Support/ewl/lib/armv6-m\libm.a(s_atan.o)
                0x00008250                atan
 .text.cos      0x000085a8       0xa8 C:/Freescale/CW MCU v10.6/MCU/ARM_GCC_Support/ewl/lib/armv6-m\libm.a(s_cos.o)
                0x000085a8                cos
 .text.sqrt     0x00008650        0x8 C:/Freescale/CW MCU v10.6/MCU/ARM_GCC_Support/ewl/lib/armv6-m\libm.a(w_sqrt.o)
                0x00008650                sqrt
 .text.__ieee754_rem_pio2
                0x00008658      0x408 C:/Freescale/CW MCU v10.6/MCU/ARM_GCC_Support/ewl/lib/armv6-m\libm.a(e_rem_pio2.o)
                0x00008658                __ieee754_rem_pio2
 .text.__ieee754_sqrt
                0x00008a60      0x17c C:/Freescale/CW MCU v10.6/MCU/ARM_GCC_Support/ewl/lib/armv6-m\libm.a(e_sqrt.o)
                0x00008a60                __ieee754_sqrt
 *fill*         0x00008bdc        0x4 00
 .text.__kernel_cos
                0x00008be0      0x1e0 C:/Freescale/CW MCU v10.6/MCU/ARM_GCC_Support/ewl/lib/armv6-m\libm.a(k_cos.o)
                0x00008be0                __kernel_cos
 .text.__kernel_rem_pio2
                0x00008dc0      0x730 C:/Freescale/CW MCU v10.6/MCU/ARM_GCC_Support/ewl/lib/armv6-m\libm.a(k_rem_pio2.o)
                0x00008dc0                __kernel_rem_pio2
 .text.__kernel_sin
                0x000094f0      0x178 C:/Freescale/CW MCU v10.6/MCU/ARM_GCC_Support/ewl/lib/armv6-m\libm.a(k_sin.o)
                0x000094f0                __kernel_sin
 .text.__fpclassifyd
                0x00009668       0x38 C:/Freescale/CW MCU v10.6/MCU/ARM_GCC_Support/ewl/lib/armv6-m\libm.a(math_api.o)
                0x00009668                __fpclassifyd
 .text.floor    0x000096a0      0x118 C:/Freescale/CW MCU v10.6/MCU/ARM_GCC_Support/ewl/lib/armv6-m\libm.a(s_floor.o)
                0x000096a0                floor
 .text.scalbn   0x000097b8       0x14 C:/Freescale/CW MCU v10.6/MCU/ARM_GCC_Support/ewl/lib/armv6-m\libm.a(scalbn.o)
                0x000097b8                scalbn
 *fill*         0x000097cc        0x4 00
 .text.frexp    0x000097d0       0x80 C:/Freescale/CW MCU v10.6/MCU/ARM_GCC_Support/ewl/lib/armv6-m\libm.a(s_frexp.o)
                0x000097d0                frexp
 .text.ldexp    0x00009850      0x148 C:/Freescale/CW MCU v10.6/MCU/ARM_GCC_Support/ewl/lib/armv6-m\libm.a(s_ldexp.o)
                0x00009850                ldexp
 .text.__init_cpp
                0x00009998       0x48 C:/Freescale/CW MCU v10.6/MCU/ARM_GCC_Support/ewl/lib/armv6-m\librt.a(gcc_ctor_dtor.o)
                0x00009998                __init_cpp
 .text.__fini_cpp
                0x000099e0       0x34 C:/Freescale/CW MCU v10.6/MCU/ARM_GCC_Support/ewl/lib/armv6-m\librt.a(gcc_ctor_dtor.o)
                0x000099e0                __fini_cpp
 .text.__copy_rom_section
                0x00009a14       0x48 C:/Freescale/CW MCU v10.6/MCU/ARM_GCC_Support/ewl/lib/armv6-m\librt.a(ROMCopy.o)
                0x00009a14                __copy_rom_section
 .text.__copy_rom_sections_to_ram
                0x00009a5c       0x34 C:/Freescale/CW MCU v10.6/MCU/ARM_GCC_Support/ewl/lib/armv6-m\librt.a(ROMCopy.o)
                0x00009a5c                __copy_rom_sections_to_ram
 .text.__destroy_global_chain
                0x00009a90       0x1c C:/Freescale/CW MCU v10.6/MCU/ARM_GCC_Support/ewl/lib/armv6-m\librt.a(__arm_eabi_init.o)
                0x00009a90                __destroy_global_chain
 .text.__init_registers
                0x00009aac       0x1c C:/Freescale/CW MCU v10.6/MCU/ARM_GCC_Support/ewl/lib/armv6-m\librt.a(__arm_eabi_init.o)
                0x00009aac                __init_registers
 .text.__init_user
                0x00009ac8        0x4 C:/Freescale/CW MCU v10.6/MCU/ARM_GCC_Support/ewl/lib/armv6-m\librt.a(__arm_eabi_init.o)
                0x00009ac8                __init_user
 *(.rodata)
 .rodata        0x00009acc      0x364 ./Sources/TFC/TFC_Terminal.o
 .rodata        0x00009e30       0x84 ./Sources/main.o
 .rodata        0x00009eb4       0x40 c:/freescale/cw mcu v10.6/cross_tools/arm-none-eabi-gcc-4_7_3/bin/../lib/gcc/arm-none-eabi/4.7.3/armv6-m\libgcc.a(divsf3.o)
 .rodata        0x00009ef4       0x40 c:/freescale/cw mcu v10.6/cross_tools/arm-none-eabi-gcc-4_7_3/bin/../lib/gcc/arm-none-eabi/4.7.3/armv6-m\libgcc.a(mulsf3.o)
 .rodata        0x00009f34       0x40 c:/freescale/cw mcu v10.6/cross_tools/arm-none-eabi-gcc-4_7_3/bin/../lib/gcc/arm-none-eabi/4.7.3/armv6-m\libgcc.a(divdf3.o)
 .rodata        0x00009f74       0x40 c:/freescale/cw mcu v10.6/cross_tools/arm-none-eabi-gcc-4_7_3/bin/../lib/gcc/arm-none-eabi/4.7.3/armv6-m\libgcc.a(muldf3.o)
 *(.rodata*)
 .rodata.main   0x00009fb4       0x58 ./Sources/main.o
 .rodata.str1.1
                0x0000a00c        0x1 C:/Freescale/CW MCU v10.6/MCU/ARM_GCC_Support/ewl/lib/armv6-m\libc.a(printformat_.o)
 .rodata.CSWTCH.20
                0x0000a00d        0x5 C:/Freescale/CW MCU v10.6/MCU/ARM_GCC_Support/ewl/lib/armv6-m\libc.a(printformat_.o)
 .rodata.CSWTCH.21
                0x0000a012        0x5 C:/Freescale/CW MCU v10.6/MCU/ARM_GCC_Support/ewl/lib/armv6-m\libc.a(printformat_.o)
 .rodata.__aeabi_ctype_table_C
                0x0000a017      0x101 C:/Freescale/CW MCU v10.6/MCU/ARM_GCC_Support/ewl/lib/armv6-m\libc.a(ctype_aeabi.o)
                0x0000a017                __aeabi_ctype_table_C
 .rodata.atanlo
                0x0000a118       0x20 C:/Freescale/CW MCU v10.6/MCU/ARM_GCC_Support/ewl/lib/armv6-m\libm.a(s_atan.o)
 .rodata.atanhi
                0x0000a138       0x20 C:/Freescale/CW MCU v10.6/MCU/ARM_GCC_Support/ewl/lib/armv6-m\libm.a(s_atan.o)
 .rodata.npio2_hw
                0x0000a158       0x80 C:/Freescale/CW MCU v10.6/MCU/ARM_GCC_Support/ewl/lib/armv6-m\libm.a(e_rem_pio2.o)
 .rodata.two_over_pi
                0x0000a1d8      0x108 C:/Freescale/CW MCU v10.6/MCU/ARM_GCC_Support/ewl/lib/armv6-m\libm.a(e_rem_pio2.o)
 .rodata.init_jk
                0x0000a2e0       0x10 C:/Freescale/CW MCU v10.6/MCU/ARM_GCC_Support/ewl/lib/armv6-m\libm.a(k_rem_pio2.o)
 .rodata.PIo2   0x0000a2f0       0x40 C:/Freescale/CW MCU v10.6/MCU/ARM_GCC_Support/ewl/lib/armv6-m\libm.a(k_rem_pio2.o)
 *(.glue_7)
 .glue_7        0x00000000        0x0 linker stubs
 *(.glue_7t)
 .glue_7t       0x00000000        0x0 linker stubs
 *(.eh_frame)
 *(.init)
 *(.fini)
                0x0000a330                . = ALIGN (0x4)
                0x0000a330                _etext = .

.vfp11_veneer   0x0000a330        0x0
 .vfp11_veneer  0x00000000        0x0 linker stubs

.v4_bx          0x0000a330        0x0
 .v4_bx         0x00000000        0x0 linker stubs

.iplt           0x0000a330        0x0
 .iplt          0x00000000        0x0 ./.metadata/.plugins/org.eclipse.cdt.make.core/specs.o

.rel.dyn        0x0000a330        0x0
 .rel.iplt      0x00000000        0x0 ./.metadata/.plugins/org.eclipse.cdt.make.core/specs.o

.ARM.extab
 *(.ARM.extab* .gnu.linkonce.armextab.*)

.ARM            0x0000a330        0x0
                0x0000a330                __exidx_start = .
 *(.ARM.exidx*)
                0x0000a330                __exidx_end = .

.ctors          0x0000a330        0x0
                0x0000a330                __CTOR_LIST__ = .
 *crtbegin.o(.ctors)
 *(EXCLUDE_FILE(*crtend.o) .ctors)
 *(SORT(.ctors.*))
 *(.ctors)
                0x0000a330                __CTOR_END__ = .

.dtors          0x0000a330        0x0
                0x0000a330                __DTOR_LIST__ = .
 *crtbegin.o(.dtors)
 *(EXCLUDE_FILE(*crtend.o) .dtors)
 *(SORT(.dtors.*))
 *(.dtors)
                0x0000a330                __DTOR_END__ = .

.preinit_array  0x0000a330        0x0
                0x0000a330                PROVIDE (__preinit_array_start, .)
 *(.preinit_array*)
                0x0000a330                PROVIDE (__preinit_array_end, .)

.init_array     0x0000a330        0x0
                0x0000a330                PROVIDE (__init_array_start, .)
 *(SORT(.init_array.*))
 *(.init_array*)
                0x0000a330                PROVIDE (__init_array_end, .)

.fini_array     0x0000a330        0x0
                0x0000a330                PROVIDE (__fini_array_start, .)
 *(SORT(.fini_array.*))
 *(.fini_array*)
                0x0000a330                PROVIDE (__fini_array_end, .)
                0x0000a330                ___ROM_AT = .

.mtb            0x1ffff000        0x0
                0x1ffff000                . = ALIGN (0x8)
                0x1ffff000                _mtb_start = .
 *(.mtb_buf)
                0x1ffff000                . = ALIGN (0x8)
                0x1ffff000                _mtb_end = .

.data           0x1ffff000       0x58 load address 0x0000a330
                0x1ffff000                . = ALIGN (0x4)
                0x1ffff000                _sdata = .
 *(.data)
 *(.data*)
 .data.MyTerminalCallbackRecords
                0x1ffff000       0x48 ./Sources/TFC/TFC_Terminal.o
                0x1ffff000                MyTerminalCallbackRecords
 .data.border   0x1ffff048        0x4 ./Sources/main.o
                0x1ffff048                border
 .data.ttl      0x1ffff04c        0x2 ./Sources/main.o
                0x1ffff04c                ttl
 *fill*         0x1ffff04e        0x2 00
 .data.__double_nan
                0x1ffff050        0x8 C:/Freescale/CW MCU v10.6/MCU/ARM_GCC_Support/ewl/lib/armv6-m\libm.a(float.o)
                0x1ffff050                __double_nan
                0x1ffff058                . = ALIGN (0x4)
                0x1ffff058                _edata = .
                0x00000058                ___data_size = (_edata - _sdata)

.igot.plt       0x1ffff058        0x0 load address 0x0000a388
 .igot.plt      0x00000000        0x0 ./.metadata/.plugins/org.eclipse.cdt.make.core/specs.o
                0x1ffff058                . = ALIGN (0x4)

.bss            0x1ffff058      0xebc load address 0x0000a388
                0x1ffff058                __START_BSS = .
                0x1ffff058                PROVIDE (__bss_start__, __START_BSS)
 *(.bss)
 *(.bss*)
 .bss.argv      0x1ffff058        0x4 ./Project_Settings/Startup_Code/__arm_start.o
 .bss.StringBuffer
                0x1ffff05c      0x100 ./Sources/TFC/TFC_Queue.o
 .bss.LineScanImageReady
                0x1ffff15c        0x1 ./Sources/TFC/TFC_LineScanCamera.o
                0x1ffff15c                LineScanImageReady
 *fill*         0x1ffff15d        0x3 00
 .bss.DelayTimerTick
                0x1ffff160        0x4 ./Sources/TFC/TFC_ARM_SysTick.o
 .bss.CurrentADC_State
                0x1ffff164        0x1 ./Sources/TFC/TFC_ADC.o
 .bss.CurrentLineScanPixel
                0x1ffff165        0x1 ./Sources/TFC/TFC_ADC.o
                0x1ffff165                CurrentLineScanPixel
 .bss.CurrentLineScanChannel
                0x1ffff166        0x1 ./Sources/TFC/TFC_ADC.o
                0x1ffff166                CurrentLineScanChannel
 *fill*         0x1ffff167        0x1 00
 .bss.old_diff  0x1ffff168        0x4 ./Sources/main.o
                0x1ffff168                old_diff
 .bss.derivative
                0x1ffff16c        0x4 ./Sources/main.o
                0x1ffff16c                derivative
 .bss.proportional
                0x1ffff170        0x4 ./Sources/main.o
                0x1ffff170                proportional
 .bss.integral  0x1ffff174        0x4 ./Sources/main.o
                0x1ffff174                integral
 .bss.integrald
                0x1ffff178        0x4 ./Sources/main.o
                0x1ffff178                integrald
 .bss.rate      0x1ffff17c        0x4 ./Sources/main.o
                0x1ffff17c                rate
 .bss.prevposition
                0x1ffff180        0x4 ./Sources/main.o
                0x1ffff180                prevposition
 .bss.control   0x1ffff184        0x4 ./Sources/main.o
                0x1ffff184                control
 .bss.speed     0x1ffff188        0x4 ./Sources/main.o
                0x1ffff188                speed
 .bss.overStart
                0x1ffff18c        0x1 ./Sources/main.o
                0x1ffff18c                overStart
 *fill*         0x1ffff18d        0x1 00
 .bss.lastMode  0x1ffff18e        0x2 ./Sources/main.o
                0x1ffff18e                lastMode
 .bss.angle     0x1ffff190        0x4 ./Sources/main.o
                0x1ffff190                angle
 .bss.hill      0x1ffff194        0x1 ./Sources/main.o
                0x1ffff194                hill
 *fill*         0x1ffff195        0x1 00
 .bss.startCounter
                0x1ffff196        0x2 ./Sources/main.o
                0x1ffff196                startCounter
 .bss.hillCounter
                0x1ffff198        0x2 ./Sources/main.o
                0x1ffff198                hillCounter
 .bss.hillBrakeCounter
                0x1ffff19a        0x2 ./Sources/main.o
                0x1ffff19a                hillBrakeCounter
 .bss.brakeCounter
                0x1ffff19c        0x2 ./Sources/main.o
                0x1ffff19c                brakeCounter
 .bss.straightCounter
                0x1ffff19e        0x2 ./Sources/main.o
                0x1ffff19e                straightCounter
 .bss.cameraImageCounter
                0x1ffff1a0        0x2 ./Sources/main.o
                0x1ffff1a0                cameraImageCounter
 .bss.endOfRoundCounter
                0x1ffff1a2        0x2 ./Sources/main.o
                0x1ffff1a2                endOfRoundCounter
 .bss.brakeDelayCounter
                0x1ffff1a4        0x2 ./Sources/main.o
                0x1ffff1a4                brakeDelayCounter
 .bss.startLeft
                0x1ffff1a6        0x1 ./Sources/main.o
                0x1ffff1a6                startLeft
 .bss.startRight
                0x1ffff1a7        0x1 ./Sources/main.o
                0x1ffff1a7                startRight
 .bss.straightCounterMax
                0x1ffff1a8        0x2 ./Sources/main.o
                0x1ffff1a8                straightCounterMax
 *fill*         0x1ffff1aa        0x2 00
 .bss.__stdio_exit
                0x1ffff1ac        0x4 C:/Freescale/CW MCU v10.6/MCU/ARM_GCC_Support/ewl/lib/armv6-m\libc.a(exit.o)
                0x1ffff1ac                __stdio_exit
 .bss.__console_exit
                0x1ffff1b0        0x4 C:/Freescale/CW MCU v10.6/MCU/ARM_GCC_Support/ewl/lib/armv6-m\libc.a(exit.o)
                0x1ffff1b0                __console_exit
 .bss.__S_romp  0x1ffff1b4        0xc C:/Freescale/CW MCU v10.6/MCU/ARM_GCC_Support/ewl/lib/armv6-m\librt.a(ROMCopy.o)
 .bss.__global_destructor_chain
                0x1ffff1c0        0x4 C:/Freescale/CW MCU v10.6/MCU/ARM_GCC_Support/ewl/lib/armv6-m\librt.a(__arm_eabi_init.o)
                0x1ffff1c0                __global_destructor_chain
 *(COMMON)
 COMMON         0x1ffff1c4      0x898 ./Sources/TFC/TFC_UART.o
                0x1ffff1c4                SDA_SERIAL_INCOMING_QUEUE
                0x1ffff1d0                SDA_SERIAL_OUTGOING_QUEUE
                0x1ffff1dc                SDA_SERIAL_INCOMING_QUEUE_Storage
                0x1ffff25c                SDA_SERIAL_OUTGOING_QUEUE_Storage
 COMMON         0x1ffffa5c       0x86 ./Sources/TFC/TFC_Terminal.o
                0x1ffffa5c                CmdFound
                0x1ffffa5d                NextCharIn
                0x1ffffa60                TerminalLineBuf
                0x1ffffaa0                TerminalArgs
                0x1ffffac0                TerminalCmdBuf
                0x1ffffae1                TerminalPos
 COMMON         0x1ffffae2        0x1 ./Sources/TFC/TFC_Servo.o
                0x1ffffae2                ServoTickVar
 *fill*         0x1ffffae3        0x1 00
 COMMON         0x1ffffae4      0x414 ./Sources/TFC/TFC_LineScanCamera.o
                0x1ffffae4                LineScanWorkingBuffer
                0x1ffffae8                LineScanImage1
                0x1ffffaec                LineScanImage0Buffer
                0x1ffffcec                LineScanImage0WorkingBuffer
                0x1ffffcf0                LineScanImage1Buffer
                0x1ffffef0                LineScanImage0
                0x1ffffef4                LineScanImage1WorkingBuffer
 COMMON         0x1ffffef8       0x10 ./Sources/TFC/TFC_ARM_SysTick.o
                0x1ffffef8                TFC_Ticker
 COMMON         0x1fffff08        0x6 ./Sources/TFC/TFC_ADC.o
                0x1fffff08                PotADC_Value
                0x1fffff0c                BatSenseADC_Value
 *fill*         0x1fffff0e        0x2 00
 COMMON         0x1fffff10        0x4 C:/Freescale/CW MCU v10.6/MCU/ARM_GCC_Support/ewl/lib/armv6-m\libc.a(errno.o)
                0x1fffff10                errno
                0x1fffff14                . = ALIGN (0x4)
                0x1fffff14                __END_BSS = .
                0x1fffff14                PROVIDE (__bss_end__, __END_BSS)
                0x0000a388                _romp_at = (___ROM_AT + SIZEOF (.data))

.romp           0x1fffff14       0x18 load address 0x0000a388
                0x0000a388                __S_romp = _romp_at
                0x1fffff14        0x4 LONG 0xa330 ___ROM_AT
                0x1fffff18        0x4 LONG 0x1ffff000 _sdata
                0x1fffff1c        0x4 LONG 0x58 ___data_size
                0x1fffff20        0x4 LONG 0x0
                0x1fffff24        0x4 LONG 0x0
                0x1fffff28        0x4 LONG 0x0

._user_heap_stack
                0x1fffff2c      0x800 load address 0x0000a3a0
                0x1fffff2c                . = ALIGN (0x4)
                0x1fffff2c                PROVIDE (end, .)
                0x1fffff2c                PROVIDE (_end, .)
                0x1fffff2c                __heap_addr = .
                0x2000032c                . = (. + __heap_size)
 *fill*         0x1fffff2c      0x400 00
                0x2000072c                . = (. + __stack_size)
 *fill*         0x2000032c      0x400 00
                0x2000072c                . = ALIGN (0x4)

.ARM.attributes
                0x00000000       0x31
 *(.ARM.attributes)
 .ARM.attributes
                0x00000000       0x31 ./Project_Settings/Startup_Code/kinetis_sysinit.o
 .ARM.attributes
                0x00000031       0x31 ./Project_Settings/Startup_Code/__arm_start.o
 .ARM.attributes
                0x00000062       0x31 ./Project_Settings/Startup_Code/__arm_end.o
 .ARM.attributes
                0x00000093       0x31 ./Sources/TFC/TFC_arm_cm0.o
 .ARM.attributes
                0x000000c4       0x31 ./Sources/TFC/TFC_UART.o
 .ARM.attributes
                0x000000f5       0x31 ./Sources/TFC/TFC_Terminal.o
 .ARM.attributes
                0x00000126       0x31 ./Sources/TFC/TFC_Servo.o
 .ARM.attributes
                0x00000157       0x31 ./Sources/TFC/TFC_Queue.o
 .ARM.attributes
                0x00000188       0x31 ./Sources/TFC/TFC_Motor.o
 .ARM.attributes
                0x000001b9       0x31 ./Sources/TFC/TFC_LineScanCamera.o
 .ARM.attributes
                0x000001ea       0x31 ./Sources/TFC/TFC_CrystalClock.o
 .ARM.attributes
                0x0000021b       0x31 ./Sources/TFC/TFC_BoardSupport.o
 .ARM.attributes
                0x0000024c       0x31 ./Sources/TFC/TFC_ARM_SysTick.o
 .ARM.attributes
                0x0000027d       0x31 ./Sources/TFC/TFC_ADC.o
 .ARM.attributes
                0x000002ae       0x31 ./Sources/TFC/TFC.o
 .ARM.attributes
                0x000002df       0x31 ./Sources/main.o
 .ARM.attributes
                0x00000310       0x31 C:/Freescale/CW MCU v10.6/MCU/ARM_GCC_Support/ewl/lib/armv6-m\libc.a(sscanf.o)
 .ARM.attributes
                0x00000341       0x31 C:/Freescale/CW MCU v10.6/MCU/ARM_GCC_Support/ewl/lib/armv6-m\libc.a(vsprintf.o)
 .ARM.attributes
                0x00000372       0x31 C:/Freescale/CW MCU v10.6/MCU/ARM_GCC_Support/ewl/lib/armv6-m\libc.a(vsscanf.o)
 .ARM.attributes
                0x000003a3       0x31 C:/Freescale/CW MCU v10.6/MCU/ARM_GCC_Support/ewl/lib/armv6-m\libc.a(exit.o)
 .ARM.attributes
                0x000003d4       0x31 C:/Freescale/CW MCU v10.6/MCU/ARM_GCC_Support/ewl/lib/armv6-m\libc.a(memset.o)
 .ARM.attributes
                0x00000405       0x31 C:/Freescale/CW MCU v10.6/MCU/ARM_GCC_Support/ewl/lib/armv6-m\libc.a(strcmp.o)
 .ARM.attributes
                0x00000436       0x31 C:/Freescale/CW MCU v10.6/MCU/ARM_GCC_Support/ewl/lib/armv6-m\libc.a(strcpy.o)
 .ARM.attributes
                0x00000467       0x31 C:/Freescale/CW MCU v10.6/MCU/ARM_GCC_Support/ewl/lib/armv6-m\libc.a(strlen.o)
 .ARM.attributes
                0x00000498       0x31 C:/Freescale/CW MCU v10.6/MCU/ARM_GCC_Support/ewl/lib/armv6-m\libc.a(printformat_.o)
 .ARM.attributes
                0x000004c9       0x31 C:/Freescale/CW MCU v10.6/MCU/ARM_GCC_Support/ewl/lib/armv6-m\libc.a(scanformat_.o)
 .ARM.attributes
                0x000004fa       0x31 C:/Freescale/CW MCU v10.6/MCU/ARM_GCC_Support/ewl/lib/armv6-m\libc.a(ctype_aeabi.o)
 .ARM.attributes
                0x0000052b       0x31 C:/Freescale/CW MCU v10.6/MCU/ARM_GCC_Support/ewl/lib/armv6-m\libc.a(vsnprintf.o)
 .ARM.attributes
                0x0000055c       0x31 C:/Freescale/CW MCU v10.6/MCU/ARM_GCC_Support/ewl/lib/armv6-m\libc.a(__strtoul.o)
 .ARM.attributes
                0x0000058d       0x31 C:/Freescale/CW MCU v10.6/MCU/ARM_GCC_Support/ewl/lib/armv6-m\libc.a(__filll_mem.o)
 .ARM.attributes
                0x000005be       0x31 C:/Freescale/CW MCU v10.6/MCU/ARM_GCC_Support/ewl/lib/armv6-m\libc.a(memchr.o)
 .ARM.attributes
                0x000005ef       0x31 C:/Freescale/CW MCU v10.6/MCU/ARM_GCC_Support/ewl/lib/armv6-m\libc.a(memcpy.o)
 .ARM.attributes
                0x00000620       0x31 C:/Freescale/CW MCU v10.6/MCU/ARM_GCC_Support/ewl/lib/armv6-m\libc.a(strchr.o)
 .ARM.attributes
                0x00000651       0x31 C:/Freescale/CW MCU v10.6/MCU/ARM_GCC_Support/ewl/lib/armv6-m\libm.a(s_atan.o)
 .ARM.attributes
                0x00000682       0x31 C:/Freescale/CW MCU v10.6/MCU/ARM_GCC_Support/ewl/lib/armv6-m\libm.a(s_cos.o)
 .ARM.attributes
                0x000006b3       0x31 C:/Freescale/CW MCU v10.6/MCU/ARM_GCC_Support/ewl/lib/armv6-m\libm.a(w_sqrt.o)
 .ARM.attributes
                0x000006e4       0x31 C:/Freescale/CW MCU v10.6/MCU/ARM_GCC_Support/ewl/lib/armv6-m\libm.a(e_rem_pio2.o)
 .ARM.attributes
                0x00000715       0x31 C:/Freescale/CW MCU v10.6/MCU/ARM_GCC_Support/ewl/lib/armv6-m\libm.a(e_sqrt.o)
 .ARM.attributes
                0x00000746       0x31 C:/Freescale/CW MCU v10.6/MCU/ARM_GCC_Support/ewl/lib/armv6-m\libm.a(float.o)
 .ARM.attributes
                0x00000777       0x31 C:/Freescale/CW MCU v10.6/MCU/ARM_GCC_Support/ewl/lib/armv6-m\libm.a(k_cos.o)
 .ARM.attributes
                0x000007a8       0x31 C:/Freescale/CW MCU v10.6/MCU/ARM_GCC_Support/ewl/lib/armv6-m\libm.a(k_rem_pio2.o)
 .ARM.attributes
                0x000007d9       0x31 C:/Freescale/CW MCU v10.6/MCU/ARM_GCC_Support/ewl/lib/armv6-m\libm.a(k_sin.o)
 .ARM.attributes
                0x0000080a       0x31 C:/Freescale/CW MCU v10.6/MCU/ARM_GCC_Support/ewl/lib/armv6-m\libm.a(math_api.o)
 .ARM.attributes
                0x0000083b       0x31 C:/Freescale/CW MCU v10.6/MCU/ARM_GCC_Support/ewl/lib/armv6-m\libm.a(s_floor.o)
 .ARM.attributes
                0x0000086c       0x31 C:/Freescale/CW MCU v10.6/MCU/ARM_GCC_Support/ewl/lib/armv6-m\libm.a(scalbn.o)
 .ARM.attributes
                0x0000089d       0x31 C:/Freescale/CW MCU v10.6/MCU/ARM_GCC_Support/ewl/lib/armv6-m\libm.a(s_frexp.o)
 .ARM.attributes
                0x000008ce       0x31 C:/Freescale/CW MCU v10.6/MCU/ARM_GCC_Support/ewl/lib/armv6-m\libm.a(s_ldexp.o)
 .ARM.attributes
                0x000008ff       0x1e c:/freescale/cw mcu v10.6/cross_tools/arm-none-eabi-gcc-4_7_3/bin/../lib/gcc/arm-none-eabi/4.7.3/armv6-m\libgcc.a(_thumb1_case_sqi.o)
 .ARM.attributes
                0x0000091d       0x1e c:/freescale/cw mcu v10.6/cross_tools/arm-none-eabi-gcc-4_7_3/bin/../lib/gcc/arm-none-eabi/4.7.3/armv6-m\libgcc.a(_thumb1_case_uqi.o)
 .ARM.attributes
                0x0000093b       0x1e c:/freescale/cw mcu v10.6/cross_tools/arm-none-eabi-gcc-4_7_3/bin/../lib/gcc/arm-none-eabi/4.7.3/armv6-m\libgcc.a(_udivsi3.o)
 .ARM.attributes
                0x00000959       0x1e c:/freescale/cw mcu v10.6/cross_tools/arm-none-eabi-gcc-4_7_3/bin/../lib/gcc/arm-none-eabi/4.7.3/armv6-m\libgcc.a(_divsi3.o)
 .ARM.attributes
                0x00000977       0x1e c:/freescale/cw mcu v10.6/cross_tools/arm-none-eabi-gcc-4_7_3/bin/../lib/gcc/arm-none-eabi/4.7.3/armv6-m\libgcc.a(_dvmd_tls.o)
 .ARM.attributes
                0x00000995       0x1e c:/freescale/cw mcu v10.6/cross_tools/arm-none-eabi-gcc-4_7_3/bin/../lib/gcc/arm-none-eabi/4.7.3/armv6-m\libgcc.a(_arm_cmpdf2.o)
 .ARM.attributes
                0x000009b3       0x1e c:/freescale/cw mcu v10.6/cross_tools/arm-none-eabi-gcc-4_7_3/bin/../lib/gcc/arm-none-eabi/4.7.3/armv6-m\libgcc.a(_arm_cmpsf2.o)
 .ARM.attributes
                0x000009d1       0x2c c:/freescale/cw mcu v10.6/cross_tools/arm-none-eabi-gcc-4_7_3/bin/../lib/gcc/arm-none-eabi/4.7.3/armv6-m\libgcc.a(_fixunssfsi.o)
 .ARM.attributes
                0x000009fd       0x2c c:/freescale/cw mcu v10.6/cross_tools/arm-none-eabi-gcc-4_7_3/bin/../lib/gcc/arm-none-eabi/4.7.3/armv6-m\libgcc.a(_fixunsdfsi.o)
 .ARM.attributes
                0x00000a29       0x2c c:/freescale/cw mcu v10.6/cross_tools/arm-none-eabi-gcc-4_7_3/bin/../lib/gcc/arm-none-eabi/4.7.3/armv6-m\libgcc.a(addsf3.o)
 .ARM.attributes
                0x00000a55       0x2c c:/freescale/cw mcu v10.6/cross_tools/arm-none-eabi-gcc-4_7_3/bin/../lib/gcc/arm-none-eabi/4.7.3/armv6-m\libgcc.a(divsf3.o)
 .ARM.attributes
                0x00000a81       0x2c c:/freescale/cw mcu v10.6/cross_tools/arm-none-eabi-gcc-4_7_3/bin/../lib/gcc/arm-none-eabi/4.7.3/armv6-m\libgcc.a(eqsf2.o)
 .ARM.attributes
                0x00000aad       0x2c c:/freescale/cw mcu v10.6/cross_tools/arm-none-eabi-gcc-4_7_3/bin/../lib/gcc/arm-none-eabi/4.7.3/armv6-m\libgcc.a(gesf2.o)
 .ARM.attributes
                0x00000ad9       0x2c c:/freescale/cw mcu v10.6/cross_tools/arm-none-eabi-gcc-4_7_3/bin/../lib/gcc/arm-none-eabi/4.7.3/armv6-m\libgcc.a(lesf2.o)
 .ARM.attributes
                0x00000b05       0x2c c:/freescale/cw mcu v10.6/cross_tools/arm-none-eabi-gcc-4_7_3/bin/../lib/gcc/arm-none-eabi/4.7.3/armv6-m\libgcc.a(mulsf3.o)
 .ARM.attributes
                0x00000b31       0x2c c:/freescale/cw mcu v10.6/cross_tools/arm-none-eabi-gcc-4_7_3/bin/../lib/gcc/arm-none-eabi/4.7.3/armv6-m\libgcc.a(subsf3.o)
 .ARM.attributes
                0x00000b5d       0x2c c:/freescale/cw mcu v10.6/cross_tools/arm-none-eabi-gcc-4_7_3/bin/../lib/gcc/arm-none-eabi/4.7.3/armv6-m\libgcc.a(fixsfsi.o)
 .ARM.attributes
                0x00000b89       0x2c c:/freescale/cw mcu v10.6/cross_tools/arm-none-eabi-gcc-4_7_3/bin/../lib/gcc/arm-none-eabi/4.7.3/armv6-m\libgcc.a(floatsisf.o)
 .ARM.attributes
                0x00000bb5       0x2c c:/freescale/cw mcu v10.6/cross_tools/arm-none-eabi-gcc-4_7_3/bin/../lib/gcc/arm-none-eabi/4.7.3/armv6-m\libgcc.a(floatunsisf.o)
 .ARM.attributes
                0x00000be1       0x2c c:/freescale/cw mcu v10.6/cross_tools/arm-none-eabi-gcc-4_7_3/bin/../lib/gcc/arm-none-eabi/4.7.3/armv6-m\libgcc.a(adddf3.o)
 .ARM.attributes
                0x00000c0d       0x2c c:/freescale/cw mcu v10.6/cross_tools/arm-none-eabi-gcc-4_7_3/bin/../lib/gcc/arm-none-eabi/4.7.3/armv6-m\libgcc.a(divdf3.o)
 .ARM.attributes
                0x00000c39       0x2c c:/freescale/cw mcu v10.6/cross_tools/arm-none-eabi-gcc-4_7_3/bin/../lib/gcc/arm-none-eabi/4.7.3/armv6-m\libgcc.a(eqdf2.o)
 .ARM.attributes
                0x00000c65       0x2c c:/freescale/cw mcu v10.6/cross_tools/arm-none-eabi-gcc-4_7_3/bin/../lib/gcc/arm-none-eabi/4.7.3/armv6-m\libgcc.a(gedf2.o)
 .ARM.attributes
                0x00000c91       0x2c c:/freescale/cw mcu v10.6/cross_tools/arm-none-eabi-gcc-4_7_3/bin/../lib/gcc/arm-none-eabi/4.7.3/armv6-m\libgcc.a(ledf2.o)
 .ARM.attributes
                0x00000cbd       0x2c c:/freescale/cw mcu v10.6/cross_tools/arm-none-eabi-gcc-4_7_3/bin/../lib/gcc/arm-none-eabi/4.7.3/armv6-m\libgcc.a(muldf3.o)
 .ARM.attributes
                0x00000ce9       0x2c c:/freescale/cw mcu v10.6/cross_tools/arm-none-eabi-gcc-4_7_3/bin/../lib/gcc/arm-none-eabi/4.7.3/armv6-m\libgcc.a(subdf3.o)
 .ARM.attributes
                0x00000d15       0x2c c:/freescale/cw mcu v10.6/cross_tools/arm-none-eabi-gcc-4_7_3/bin/../lib/gcc/arm-none-eabi/4.7.3/armv6-m\libgcc.a(fixdfsi.o)
 .ARM.attributes
                0x00000d41       0x2c c:/freescale/cw mcu v10.6/cross_tools/arm-none-eabi-gcc-4_7_3/bin/../lib/gcc/arm-none-eabi/4.7.3/armv6-m\libgcc.a(floatsidf.o)
 .ARM.attributes
                0x00000d6d       0x2c c:/freescale/cw mcu v10.6/cross_tools/arm-none-eabi-gcc-4_7_3/bin/../lib/gcc/arm-none-eabi/4.7.3/armv6-m\libgcc.a(floatunsidf.o)
 .ARM.attributes
                0x00000d99       0x2c c:/freescale/cw mcu v10.6/cross_tools/arm-none-eabi-gcc-4_7_3/bin/../lib/gcc/arm-none-eabi/4.7.3/armv6-m\libgcc.a(extendsfdf2.o)
 .ARM.attributes
                0x00000dc5       0x2c c:/freescale/cw mcu v10.6/cross_tools/arm-none-eabi-gcc-4_7_3/bin/../lib/gcc/arm-none-eabi/4.7.3/armv6-m\libgcc.a(truncdfsf2.o)
 .ARM.attributes
                0x00000df1       0x1e c:/freescale/cw mcu v10.6/cross_tools/arm-none-eabi-gcc-4_7_3/bin/../lib/gcc/arm-none-eabi/4.7.3/armv6-m\libgcc.a(_clzsi2.o)
 .ARM.attributes
                0x00000e0f       0x31 C:/Freescale/CW MCU v10.6/MCU/ARM_GCC_Support/ewl/lib/armv6-m\librt.a(gcc_ctor_dtor.o)
 .ARM.attributes
                0x00000e40       0x31 C:/Freescale/CW MCU v10.6/MCU/ARM_GCC_Support/ewl/lib/armv6-m\librt.a(ROMCopy.o)
 .ARM.attributes
                0x00000e71       0x31 C:/Freescale/CW MCU v10.6/MCU/ARM_GCC_Support/ewl/lib/armv6-m\librt.a(__arm_eabi_init.o)
 .ARM.attributes
                0x00000ea2       0x31 C:/Freescale/CW MCU v10.6/MCU/ARM_GCC_Support/ewl/lib/armv6-m\libc.a(errno.o)
OUTPUT(FRDM-TRC.elf elf32-littlearm)

.debug_info     0x00000000     0x988a
 .debug_info    0x00000000      0x447 ./Project_Settings/Startup_Code/kinetis_sysinit.o
 .debug_info    0x00000447      0x12a ./Project_Settings/Startup_Code/__arm_start.o
 .debug_info    0x00000571       0x54 ./Project_Settings/Startup_Code/__arm_end.o
 .debug_info    0x000005c5      0x3cb ./Sources/TFC/TFC_arm_cm0.o
 .debug_info    0x00000990      0x860 ./Sources/TFC/TFC_UART.o
 .debug_info    0x000011f0      0x4a9 ./Sources/TFC/TFC_Terminal.o
 .debug_info    0x00001699      0x622 ./Sources/TFC/TFC_Servo.o
 .debug_info    0x00001cbb      0x317 ./Sources/TFC/TFC_Queue.o
 .debug_info    0x00001fd2      0x49f ./Sources/TFC/TFC_Motor.o
 .debug_info    0x00002471      0x5d5 ./Sources/TFC/TFC_LineScanCamera.o
 .debug_info    0x00002a46      0xdbd ./Sources/TFC/TFC_CrystalClock.o
 .debug_info    0x00003803      0x43b ./Sources/TFC/TFC_BoardSupport.o
 .debug_info    0x00003c3e      0x1b1 ./Sources/TFC/TFC_ARM_SysTick.o
 .debug_info    0x00003def      0xb45 ./Sources/TFC/TFC_ADC.o
 .debug_info    0x00004934      0x13d ./Sources/TFC/TFC.o
 .debug_info    0x00004a71      0xc10 ./Sources/main.o
 .debug_info    0x00005681      0x118 C:/Freescale/CW MCU v10.6/MCU/ARM_GCC_Support/ewl/lib/armv6-m\libc.a(sscanf.o)
 .debug_info    0x00005799      0x12a C:/Freescale/CW MCU v10.6/MCU/ARM_GCC_Support/ewl/lib/armv6-m\libc.a(vsprintf.o)
 .debug_info    0x000058c3      0x253 C:/Freescale/CW MCU v10.6/MCU/ARM_GCC_Support/ewl/lib/armv6-m\libc.a(vsscanf.o)
 .debug_info    0x00005b16       0xe8 C:/Freescale/CW MCU v10.6/MCU/ARM_GCC_Support/ewl/lib/armv6-m\libc.a(exit.o)
 .debug_info    0x00005bfe       0xec C:/Freescale/CW MCU v10.6/MCU/ARM_GCC_Support/ewl/lib/armv6-m\libc.a(memset.o)
 .debug_info    0x00005cea      0x114 C:/Freescale/CW MCU v10.6/MCU/ARM_GCC_Support/ewl/lib/armv6-m\libc.a(strcmp.o)
 .debug_info    0x00005dfe      0x109 C:/Freescale/CW MCU v10.6/MCU/ARM_GCC_Support/ewl/lib/armv6-m\libc.a(strcpy.o)
 .debug_info    0x00005f07       0xea C:/Freescale/CW MCU v10.6/MCU/ARM_GCC_Support/ewl/lib/armv6-m\libc.a(strlen.o)
 .debug_info    0x00005ff1      0x50d C:/Freescale/CW MCU v10.6/MCU/ARM_GCC_Support/ewl/lib/armv6-m\libc.a(printformat_.o)
 .debug_info    0x000064fe      0x568 C:/Freescale/CW MCU v10.6/MCU/ARM_GCC_Support/ewl/lib/armv6-m\libc.a(scanformat_.o)
 .debug_info    0x00006a66      0x313 C:/Freescale/CW MCU v10.6/MCU/ARM_GCC_Support/ewl/lib/armv6-m\libc.a(ctype_aeabi.o)
 .debug_info    0x00006d79      0x205 C:/Freescale/CW MCU v10.6/MCU/ARM_GCC_Support/ewl/lib/armv6-m\libc.a(vsnprintf.o)
 .debug_info    0x00006f7e      0x1d6 C:/Freescale/CW MCU v10.6/MCU/ARM_GCC_Support/ewl/lib/armv6-m\libc.a(__strtoul.o)
 .debug_info    0x00007154      0x137 C:/Freescale/CW MCU v10.6/MCU/ARM_GCC_Support/ewl/lib/armv6-m\libc.a(__filll_mem.o)
 .debug_info    0x0000728b      0x121 C:/Freescale/CW MCU v10.6/MCU/ARM_GCC_Support/ewl/lib/armv6-m\libc.a(memchr.o)
 .debug_info    0x000073ac      0x10f C:/Freescale/CW MCU v10.6/MCU/ARM_GCC_Support/ewl/lib/armv6-m\libc.a(memcpy.o)
 .debug_info    0x000074bb      0x10b C:/Freescale/CW MCU v10.6/MCU/ARM_GCC_Support/ewl/lib/armv6-m\libc.a(strchr.o)
 .debug_info    0x000075c6      0x23a C:/Freescale/CW MCU v10.6/MCU/ARM_GCC_Support/ewl/lib/armv6-m\libm.a(s_atan.o)
 .debug_info    0x00007800      0x1a0 C:/Freescale/CW MCU v10.6/MCU/ARM_GCC_Support/ewl/lib/armv6-m\libm.a(s_cos.o)
 .debug_info    0x000079a0       0xb3 C:/Freescale/CW MCU v10.6/MCU/ARM_GCC_Support/ewl/lib/armv6-m\libm.a(w_sqrt.o)
 .debug_info    0x00007a53      0x343 C:/Freescale/CW MCU v10.6/MCU/ARM_GCC_Support/ewl/lib/armv6-m\libm.a(e_rem_pio2.o)
 .debug_info    0x00007d96      0x266 C:/Freescale/CW MCU v10.6/MCU/ARM_GCC_Support/ewl/lib/armv6-m\libm.a(e_sqrt.o)
 .debug_info    0x00007ffc      0x1e4 C:/Freescale/CW MCU v10.6/MCU/ARM_GCC_Support/ewl/lib/armv6-m\libm.a(float.o)
 .debug_info    0x000081e0      0x22d C:/Freescale/CW MCU v10.6/MCU/ARM_GCC_Support/ewl/lib/armv6-m\libm.a(k_cos.o)
 .debug_info    0x0000840d      0x30a C:/Freescale/CW MCU v10.6/MCU/ARM_GCC_Support/ewl/lib/armv6-m\libm.a(k_rem_pio2.o)
 .debug_info    0x00008717      0x222 C:/Freescale/CW MCU v10.6/MCU/ARM_GCC_Support/ewl/lib/armv6-m\libm.a(k_sin.o)
 .debug_info    0x00008939      0x305 C:/Freescale/CW MCU v10.6/MCU/ARM_GCC_Support/ewl/lib/armv6-m\libm.a(math_api.o)
 .debug_info    0x00008c3e      0x1a9 C:/Freescale/CW MCU v10.6/MCU/ARM_GCC_Support/ewl/lib/armv6-m\libm.a(s_floor.o)
 .debug_info    0x00008de7       0xf9 C:/Freescale/CW MCU v10.6/MCU/ARM_GCC_Support/ewl/lib/armv6-m\libm.a(scalbn.o)
 .debug_info    0x00008ee0      0x1a1 C:/Freescale/CW MCU v10.6/MCU/ARM_GCC_Support/ewl/lib/armv6-m\libm.a(s_frexp.o)
 .debug_info    0x00009081      0x1e2 C:/Freescale/CW MCU v10.6/MCU/ARM_GCC_Support/ewl/lib/armv6-m\libm.a(s_ldexp.o)
 .debug_info    0x00009263      0x136 C:/Freescale/CW MCU v10.6/MCU/ARM_GCC_Support/ewl/lib/armv6-m\librt.a(gcc_ctor_dtor.o)
 .debug_info    0x00009399      0x19b C:/Freescale/CW MCU v10.6/MCU/ARM_GCC_Support/ewl/lib/armv6-m\librt.a(ROMCopy.o)
 .debug_info    0x00009534      0x2b9 C:/Freescale/CW MCU v10.6/MCU/ARM_GCC_Support/ewl/lib/armv6-m\librt.a(__arm_eabi_init.o)
 .debug_info    0x000097ed       0x9d C:/Freescale/CW MCU v10.6/MCU/ARM_GCC_Support/ewl/lib/armv6-m\libc.a(errno.o)

.debug_abbrev   0x00000000     0x2dd1
 .debug_abbrev  0x00000000       0xe7 ./Project_Settings/Startup_Code/kinetis_sysinit.o
 .debug_abbrev  0x000000e7       0x92 ./Project_Settings/Startup_Code/__arm_start.o
 .debug_abbrev  0x00000179       0x4c ./Project_Settings/Startup_Code/__arm_end.o
 .debug_abbrev  0x000001c5      0x102 ./Sources/TFC/TFC_arm_cm0.o
 .debug_abbrev  0x000002c7      0x180 ./Sources/TFC/TFC_UART.o
 .debug_abbrev  0x00000447      0x143 ./Sources/TFC/TFC_Terminal.o
 .debug_abbrev  0x0000058a      0x116 ./Sources/TFC/TFC_Servo.o
 .debug_abbrev  0x000006a0      0x107 ./Sources/TFC/TFC_Queue.o
 .debug_abbrev  0x000007a7       0xed ./Sources/TFC/TFC_Motor.o
 .debug_abbrev  0x00000894      0x10f ./Sources/TFC/TFC_LineScanCamera.o
 .debug_abbrev  0x000009a3      0x1a0 ./Sources/TFC/TFC_CrystalClock.o
 .debug_abbrev  0x00000b43      0x106 ./Sources/TFC/TFC_BoardSupport.o
 .debug_abbrev  0x00000c49       0xfb ./Sources/TFC/TFC_ARM_SysTick.o
 .debug_abbrev  0x00000d44      0x1d5 ./Sources/TFC/TFC_ADC.o
 .debug_abbrev  0x00000f19       0x83 ./Sources/TFC/TFC.o
 .debug_abbrev  0x00000f9c      0x239 ./Sources/main.o
 .debug_abbrev  0x000011d5       0xb1 C:/Freescale/CW MCU v10.6/MCU/ARM_GCC_Support/ewl/lib/armv6-m\libc.a(sscanf.o)
 .debug_abbrev  0x00001286       0x9d C:/Freescale/CW MCU v10.6/MCU/ARM_GCC_Support/ewl/lib/armv6-m\libc.a(vsprintf.o)
 .debug_abbrev  0x00001323      0x15f C:/Freescale/CW MCU v10.6/MCU/ARM_GCC_Support/ewl/lib/armv6-m\libc.a(vsscanf.o)
 .debug_abbrev  0x00001482       0x7a C:/Freescale/CW MCU v10.6/MCU/ARM_GCC_Support/ewl/lib/armv6-m\libc.a(exit.o)
 .debug_abbrev  0x000014fc       0x62 C:/Freescale/CW MCU v10.6/MCU/ARM_GCC_Support/ewl/lib/armv6-m\libc.a(memset.o)
 .debug_abbrev  0x0000155e       0x89 C:/Freescale/CW MCU v10.6/MCU/ARM_GCC_Support/ewl/lib/armv6-m\libc.a(strcmp.o)
 .debug_abbrev  0x000015e7       0x78 C:/Freescale/CW MCU v10.6/MCU/ARM_GCC_Support/ewl/lib/armv6-m\libc.a(strcpy.o)
 .debug_abbrev  0x0000165f       0x7a C:/Freescale/CW MCU v10.6/MCU/ARM_GCC_Support/ewl/lib/armv6-m\libc.a(strlen.o)
 .debug_abbrev  0x000016d9      0x200 C:/Freescale/CW MCU v10.6/MCU/ARM_GCC_Support/ewl/lib/armv6-m\libc.a(printformat_.o)
 .debug_abbrev  0x000018d9      0x1f0 C:/Freescale/CW MCU v10.6/MCU/ARM_GCC_Support/ewl/lib/armv6-m\libc.a(scanformat_.o)
 .debug_abbrev  0x00001ac9       0x9e C:/Freescale/CW MCU v10.6/MCU/ARM_GCC_Support/ewl/lib/armv6-m\libc.a(ctype_aeabi.o)
 .debug_abbrev  0x00001b67       0xf0 C:/Freescale/CW MCU v10.6/MCU/ARM_GCC_Support/ewl/lib/armv6-m\libc.a(vsnprintf.o)
 .debug_abbrev  0x00001c57       0xc2 C:/Freescale/CW MCU v10.6/MCU/ARM_GCC_Support/ewl/lib/armv6-m\libc.a(__strtoul.o)
 .debug_abbrev  0x00001d19       0x78 C:/Freescale/CW MCU v10.6/MCU/ARM_GCC_Support/ewl/lib/armv6-m\libc.a(__filll_mem.o)
 .debug_abbrev  0x00001d91       0x95 C:/Freescale/CW MCU v10.6/MCU/ARM_GCC_Support/ewl/lib/armv6-m\libc.a(memchr.o)
 .debug_abbrev  0x00001e26       0x95 C:/Freescale/CW MCU v10.6/MCU/ARM_GCC_Support/ewl/lib/armv6-m\libc.a(memcpy.o)
 .debug_abbrev  0x00001ebb       0x7a C:/Freescale/CW MCU v10.6/MCU/ARM_GCC_Support/ewl/lib/armv6-m\libc.a(strchr.o)
 .debug_abbrev  0x00001f35       0xed C:/Freescale/CW MCU v10.6/MCU/ARM_GCC_Support/ewl/lib/armv6-m\libm.a(s_atan.o)
 .debug_abbrev  0x00002022       0xd7 C:/Freescale/CW MCU v10.6/MCU/ARM_GCC_Support/ewl/lib/armv6-m\libm.a(s_cos.o)
 .debug_abbrev  0x000020f9       0x59 C:/Freescale/CW MCU v10.6/MCU/ARM_GCC_Support/ewl/lib/armv6-m\libm.a(w_sqrt.o)
 .debug_abbrev  0x00002152       0xfc C:/Freescale/CW MCU v10.6/MCU/ARM_GCC_Support/ewl/lib/armv6-m\libm.a(e_rem_pio2.o)
 .debug_abbrev  0x0000224e      0x10b C:/Freescale/CW MCU v10.6/MCU/ARM_GCC_Support/ewl/lib/armv6-m\libm.a(e_sqrt.o)
 .debug_abbrev  0x00002359       0x56 C:/Freescale/CW MCU v10.6/MCU/ARM_GCC_Support/ewl/lib/armv6-m\libm.a(float.o)
 .debug_abbrev  0x000023af       0xcc C:/Freescale/CW MCU v10.6/MCU/ARM_GCC_Support/ewl/lib/armv6-m\libm.a(k_cos.o)
 .debug_abbrev  0x0000247b       0xf3 C:/Freescale/CW MCU v10.6/MCU/ARM_GCC_Support/ewl/lib/armv6-m\libm.a(k_rem_pio2.o)
 .debug_abbrev  0x0000256e       0xea C:/Freescale/CW MCU v10.6/MCU/ARM_GCC_Support/ewl/lib/armv6-m\libm.a(k_sin.o)
 .debug_abbrev  0x00002658       0xe8 C:/Freescale/CW MCU v10.6/MCU/ARM_GCC_Support/ewl/lib/armv6-m\libm.a(math_api.o)
 .debug_abbrev  0x00002740       0xbf C:/Freescale/CW MCU v10.6/MCU/ARM_GCC_Support/ewl/lib/armv6-m\libm.a(s_floor.o)
 .debug_abbrev  0x000027ff       0x86 C:/Freescale/CW MCU v10.6/MCU/ARM_GCC_Support/ewl/lib/armv6-m\libm.a(scalbn.o)
 .debug_abbrev  0x00002885       0xce C:/Freescale/CW MCU v10.6/MCU/ARM_GCC_Support/ewl/lib/armv6-m\libm.a(s_frexp.o)
 .debug_abbrev  0x00002953       0xce C:/Freescale/CW MCU v10.6/MCU/ARM_GCC_Support/ewl/lib/armv6-m\libm.a(s_ldexp.o)
 .debug_abbrev  0x00002a21       0x99 C:/Freescale/CW MCU v10.6/MCU/ARM_GCC_Support/ewl/lib/armv6-m\librt.a(gcc_ctor_dtor.o)
 .debug_abbrev  0x00002aba      0x120 C:/Freescale/CW MCU v10.6/MCU/ARM_GCC_Support/ewl/lib/armv6-m\librt.a(ROMCopy.o)
 .debug_abbrev  0x00002bda      0x1b3 C:/Freescale/CW MCU v10.6/MCU/ARM_GCC_Support/ewl/lib/armv6-m\librt.a(__arm_eabi_init.o)
 .debug_abbrev  0x00002d8d       0x44 C:/Freescale/CW MCU v10.6/MCU/ARM_GCC_Support/ewl/lib/armv6-m\libc.a(errno.o)

.debug_loc      0x00000000     0x5b30
 .debug_loc     0x00000000       0x58 ./Project_Settings/Startup_Code/kinetis_sysinit.o
 .debug_loc     0x00000058       0x2c ./Project_Settings/Startup_Code/__arm_start.o
 .debug_loc     0x00000084       0x38 ./Project_Settings/Startup_Code/__arm_end.o
 .debug_loc     0x000000bc      0x138 ./Sources/TFC/TFC_arm_cm0.o
 .debug_loc     0x000001f4      0x170 ./Sources/TFC/TFC_UART.o
 .debug_loc     0x00000364      0x218 ./Sources/TFC/TFC_Terminal.o
 .debug_loc     0x0000057c       0xc8 ./Sources/TFC/TFC_Servo.o
 .debug_loc     0x00000644      0x194 ./Sources/TFC/TFC_Queue.o
 .debug_loc     0x000007d8       0x64 ./Sources/TFC/TFC_Motor.o
 .debug_loc     0x0000083c       0x64 ./Sources/TFC/TFC_LineScanCamera.o
 .debug_loc     0x000008a0      0x614 ./Sources/TFC/TFC_CrystalClock.o
 .debug_loc     0x00000eb4       0x9c ./Sources/TFC/TFC_BoardSupport.o
 .debug_loc     0x00000f50       0xa8 ./Sources/TFC/TFC_ARM_SysTick.o
 .debug_loc     0x00000ff8      0x1d4 ./Sources/TFC/TFC_ADC.o
 .debug_loc     0x000011cc       0x58 ./Sources/TFC/TFC.o
 .debug_loc     0x00001224      0x658 ./Sources/main.o
 .debug_loc     0x0000187c       0x3f C:/Freescale/CW MCU v10.6/MCU/ARM_GCC_Support/ewl/lib/armv6-m\libc.a(sscanf.o)
 .debug_loc     0x000018bb       0x64 C:/Freescale/CW MCU v10.6/MCU/ARM_GCC_Support/ewl/lib/armv6-m\libc.a(vsprintf.o)
 .debug_loc     0x0000191f      0x16c C:/Freescale/CW MCU v10.6/MCU/ARM_GCC_Support/ewl/lib/armv6-m\libc.a(vsscanf.o)
 .debug_loc     0x00001a8b       0x3e C:/Freescale/CW MCU v10.6/MCU/ARM_GCC_Support/ewl/lib/armv6-m\libc.a(exit.o)
 .debug_loc     0x00001ac9       0x6f C:/Freescale/CW MCU v10.6/MCU/ARM_GCC_Support/ewl/lib/armv6-m\libc.a(memset.o)
 .debug_loc     0x00001b38       0x64 C:/Freescale/CW MCU v10.6/MCU/ARM_GCC_Support/ewl/lib/armv6-m\libc.a(strcmp.o)
 .debug_loc     0x00001b9c       0x20 C:/Freescale/CW MCU v10.6/MCU/ARM_GCC_Support/ewl/lib/armv6-m\libc.a(strcpy.o)
 .debug_loc     0x00001bbc       0x33 C:/Freescale/CW MCU v10.6/MCU/ARM_GCC_Support/ewl/lib/armv6-m\libc.a(strlen.o)
 .debug_loc     0x00001bef     0x104b C:/Freescale/CW MCU v10.6/MCU/ARM_GCC_Support/ewl/lib/armv6-m\libc.a(printformat_.o)
 .debug_loc     0x00002c3a      0x9d8 C:/Freescale/CW MCU v10.6/MCU/ARM_GCC_Support/ewl/lib/armv6-m\libc.a(scanformat_.o)
 .debug_loc     0x00003612      0x30d C:/Freescale/CW MCU v10.6/MCU/ARM_GCC_Support/ewl/lib/armv6-m\libc.a(ctype_aeabi.o)
 .debug_loc     0x0000391f      0x105 C:/Freescale/CW MCU v10.6/MCU/ARM_GCC_Support/ewl/lib/armv6-m\libc.a(vsnprintf.o)
 .debug_loc     0x00003a24      0x305 C:/Freescale/CW MCU v10.6/MCU/ARM_GCC_Support/ewl/lib/armv6-m\libc.a(__strtoul.o)
 .debug_loc     0x00003d29      0x14a C:/Freescale/CW MCU v10.6/MCU/ARM_GCC_Support/ewl/lib/armv6-m\libc.a(__filll_mem.o)
 .debug_loc     0x00003e73       0x77 C:/Freescale/CW MCU v10.6/MCU/ARM_GCC_Support/ewl/lib/armv6-m\libc.a(memchr.o)
 .debug_loc     0x00003eea       0x59 C:/Freescale/CW MCU v10.6/MCU/ARM_GCC_Support/ewl/lib/armv6-m\libc.a(memcpy.o)
 .debug_loc     0x00003f43       0xaf C:/Freescale/CW MCU v10.6/MCU/ARM_GCC_Support/ewl/lib/armv6-m\libc.a(strchr.o)
 .debug_loc     0x00003ff2      0x2dd C:/Freescale/CW MCU v10.6/MCU/ARM_GCC_Support/ewl/lib/armv6-m\libm.a(s_atan.o)
 .debug_loc     0x000042cf       0xc8 C:/Freescale/CW MCU v10.6/MCU/ARM_GCC_Support/ewl/lib/armv6-m\libm.a(s_cos.o)
 .debug_loc     0x00004397       0x38 C:/Freescale/CW MCU v10.6/MCU/ARM_GCC_Support/ewl/lib/armv6-m\libm.a(w_sqrt.o)
 .debug_loc     0x000043cf      0x316 C:/Freescale/CW MCU v10.6/MCU/ARM_GCC_Support/ewl/lib/armv6-m\libm.a(e_rem_pio2.o)
 .debug_loc     0x000046e5      0x220 C:/Freescale/CW MCU v10.6/MCU/ARM_GCC_Support/ewl/lib/armv6-m\libm.a(e_sqrt.o)
 .debug_loc     0x00004905      0x10a C:/Freescale/CW MCU v10.6/MCU/ARM_GCC_Support/ewl/lib/armv6-m\libm.a(k_cos.o)
 .debug_loc     0x00004a0f      0x66c C:/Freescale/CW MCU v10.6/MCU/ARM_GCC_Support/ewl/lib/armv6-m\libm.a(k_rem_pio2.o)
 .debug_loc     0x0000507b       0xf4 C:/Freescale/CW MCU v10.6/MCU/ARM_GCC_Support/ewl/lib/armv6-m\libm.a(k_sin.o)
 .debug_loc     0x0000516f      0x2d7 C:/Freescale/CW MCU v10.6/MCU/ARM_GCC_Support/ewl/lib/armv6-m\libm.a(math_api.o)
 .debug_loc     0x00005446      0x143 C:/Freescale/CW MCU v10.6/MCU/ARM_GCC_Support/ewl/lib/armv6-m\libm.a(s_floor.o)
 .debug_loc     0x00005589       0x6e C:/Freescale/CW MCU v10.6/MCU/ARM_GCC_Support/ewl/lib/armv6-m\libm.a(scalbn.o)
 .debug_loc     0x000055f7       0xc1 C:/Freescale/CW MCU v10.6/MCU/ARM_GCC_Support/ewl/lib/armv6-m\libm.a(s_frexp.o)
 .debug_loc     0x000056b8      0x16b C:/Freescale/CW MCU v10.6/MCU/ARM_GCC_Support/ewl/lib/armv6-m\libm.a(s_ldexp.o)
 .debug_loc     0x00005823       0x9d C:/Freescale/CW MCU v10.6/MCU/ARM_GCC_Support/ewl/lib/armv6-m\librt.a(gcc_ctor_dtor.o)
 .debug_loc     0x000058c0       0xd9 C:/Freescale/CW MCU v10.6/MCU/ARM_GCC_Support/ewl/lib/armv6-m\librt.a(ROMCopy.o)
 .debug_loc     0x00005999      0x197 C:/Freescale/CW MCU v10.6/MCU/ARM_GCC_Support/ewl/lib/armv6-m\librt.a(__arm_eabi_init.o)

.debug_aranges  0x00000000      0xa98
 .debug_aranges
                0x00000000       0x28 ./Project_Settings/Startup_Code/kinetis_sysinit.o
 .debug_aranges
                0x00000028       0x30 ./Project_Settings/Startup_Code/__arm_start.o
 .debug_aranges
                0x00000058       0x20 ./Project_Settings/Startup_Code/__arm_end.o
 .debug_aranges
                0x00000078       0x48 ./Sources/TFC/TFC_arm_cm0.o
 .debug_aranges
                0x000000c0       0x50 ./Sources/TFC/TFC_UART.o
 .debug_aranges
                0x00000110       0x68 ./Sources/TFC/TFC_Terminal.o
 .debug_aranges
                0x00000178       0x38 ./Sources/TFC/TFC_Servo.o
 .debug_aranges
                0x000001b0       0x50 ./Sources/TFC/TFC_Queue.o
 .debug_aranges
                0x00000200       0x28 ./Sources/TFC/TFC_Motor.o
 .debug_aranges
                0x00000228       0x28 ./Sources/TFC/TFC_LineScanCamera.o
 .debug_aranges
                0x00000250       0xf8 ./Sources/TFC/TFC_CrystalClock.o
 .debug_aranges
                0x00000348       0x30 ./Sources/TFC/TFC_BoardSupport.o
 .debug_aranges
                0x00000378       0x30 ./Sources/TFC/TFC_ARM_SysTick.o
 .debug_aranges
                0x000003a8       0x60 ./Sources/TFC/TFC_ADC.o
 .debug_aranges
                0x00000408       0x28 ./Sources/TFC/TFC.o
 .debug_aranges
                0x00000430      0x108 ./Sources/main.o
 .debug_aranges
                0x00000538       0x20 C:/Freescale/CW MCU v10.6/MCU/ARM_GCC_Support/ewl/lib/armv6-m\libc.a(sscanf.o)
 .debug_aranges
                0x00000558       0x20 C:/Freescale/CW MCU v10.6/MCU/ARM_GCC_Support/ewl/lib/armv6-m\libc.a(vsprintf.o)
 .debug_aranges
                0x00000578       0x28 C:/Freescale/CW MCU v10.6/MCU/ARM_GCC_Support/ewl/lib/armv6-m\libc.a(vsscanf.o)
 .debug_aranges
                0x000005a0       0x20 C:/Freescale/CW MCU v10.6/MCU/ARM_GCC_Support/ewl/lib/armv6-m\libc.a(exit.o)
 .debug_aranges
                0x000005c0       0x20 C:/Freescale/CW MCU v10.6/MCU/ARM_GCC_Support/ewl/lib/armv6-m\libc.a(memset.o)
 .debug_aranges
                0x000005e0       0x20 C:/Freescale/CW MCU v10.6/MCU/ARM_GCC_Support/ewl/lib/armv6-m\libc.a(strcmp.o)
 .debug_aranges
                0x00000600       0x20 C:/Freescale/CW MCU v10.6/MCU/ARM_GCC_Support/ewl/lib/armv6-m\libc.a(strcpy.o)
 .debug_aranges
                0x00000620       0x20 C:/Freescale/CW MCU v10.6/MCU/ARM_GCC_Support/ewl/lib/armv6-m\libc.a(strlen.o)
 .debug_aranges
                0x00000640       0x28 C:/Freescale/CW MCU v10.6/MCU/ARM_GCC_Support/ewl/lib/armv6-m\libc.a(printformat_.o)
 .debug_aranges
                0x00000668       0x20 C:/Freescale/CW MCU v10.6/MCU/ARM_GCC_Support/ewl/lib/armv6-m\libc.a(scanformat_.o)
 .debug_aranges
                0x00000688       0x88 C:/Freescale/CW MCU v10.6/MCU/ARM_GCC_Support/ewl/lib/armv6-m\libc.a(ctype_aeabi.o)
 .debug_aranges
                0x00000710       0x28 C:/Freescale/CW MCU v10.6/MCU/ARM_GCC_Support/ewl/lib/armv6-m\libc.a(vsnprintf.o)
 .debug_aranges
                0x00000738       0x20 C:/Freescale/CW MCU v10.6/MCU/ARM_GCC_Support/ewl/lib/armv6-m\libc.a(__strtoul.o)
 .debug_aranges
                0x00000758       0x20 C:/Freescale/CW MCU v10.6/MCU/ARM_GCC_Support/ewl/lib/armv6-m\libc.a(__filll_mem.o)
 .debug_aranges
                0x00000778       0x20 C:/Freescale/CW MCU v10.6/MCU/ARM_GCC_Support/ewl/lib/armv6-m\libc.a(memchr.o)
 .debug_aranges
                0x00000798       0x20 C:/Freescale/CW MCU v10.6/MCU/ARM_GCC_Support/ewl/lib/armv6-m\libc.a(memcpy.o)
 .debug_aranges
                0x000007b8       0x20 C:/Freescale/CW MCU v10.6/MCU/ARM_GCC_Support/ewl/lib/armv6-m\libc.a(strchr.o)
 .debug_aranges
                0x000007d8       0x20 C:/Freescale/CW MCU v10.6/MCU/ARM_GCC_Support/ewl/lib/armv6-m\libm.a(s_atan.o)
 .debug_aranges
                0x000007f8       0x20 C:/Freescale/CW MCU v10.6/MCU/ARM_GCC_Support/ewl/lib/armv6-m\libm.a(s_cos.o)
 .debug_aranges
                0x00000818       0x20 C:/Freescale/CW MCU v10.6/MCU/ARM_GCC_Support/ewl/lib/armv6-m\libm.a(w_sqrt.o)
 .debug_aranges
                0x00000838       0x20 C:/Freescale/CW MCU v10.6/MCU/ARM_GCC_Support/ewl/lib/armv6-m\libm.a(e_rem_pio2.o)
 .debug_aranges
                0x00000858       0x20 C:/Freescale/CW MCU v10.6/MCU/ARM_GCC_Support/ewl/lib/armv6-m\libm.a(e_sqrt.o)
 .debug_aranges
                0x00000878       0x18 C:/Freescale/CW MCU v10.6/MCU/ARM_GCC_Support/ewl/lib/armv6-m\libm.a(float.o)
 .debug_aranges
                0x00000890       0x20 C:/Freescale/CW MCU v10.6/MCU/ARM_GCC_Support/ewl/lib/armv6-m\libm.a(k_cos.o)
 .debug_aranges
                0x000008b0       0x20 C:/Freescale/CW MCU v10.6/MCU/ARM_GCC_Support/ewl/lib/armv6-m\libm.a(k_rem_pio2.o)
 .debug_aranges
                0x000008d0       0x20 C:/Freescale/CW MCU v10.6/MCU/ARM_GCC_Support/ewl/lib/armv6-m\libm.a(k_sin.o)
 .debug_aranges
                0x000008f0       0x60 C:/Freescale/CW MCU v10.6/MCU/ARM_GCC_Support/ewl/lib/armv6-m\libm.a(math_api.o)
 .debug_aranges
                0x00000950       0x20 C:/Freescale/CW MCU v10.6/MCU/ARM_GCC_Support/ewl/lib/armv6-m\libm.a(s_floor.o)
 .debug_aranges
                0x00000970       0x20 C:/Freescale/CW MCU v10.6/MCU/ARM_GCC_Support/ewl/lib/armv6-m\libm.a(scalbn.o)
 .debug_aranges
                0x00000990       0x20 C:/Freescale/CW MCU v10.6/MCU/ARM_GCC_Support/ewl/lib/armv6-m\libm.a(s_frexp.o)
 .debug_aranges
                0x000009b0       0x20 C:/Freescale/CW MCU v10.6/MCU/ARM_GCC_Support/ewl/lib/armv6-m\libm.a(s_ldexp.o)
 .debug_aranges
                0x000009d0       0x28 C:/Freescale/CW MCU v10.6/MCU/ARM_GCC_Support/ewl/lib/armv6-m\librt.a(gcc_ctor_dtor.o)
 .debug_aranges
                0x000009f8       0x30 C:/Freescale/CW MCU v10.6/MCU/ARM_GCC_Support/ewl/lib/armv6-m\librt.a(ROMCopy.o)
 .debug_aranges
                0x00000a28       0x58 C:/Freescale/CW MCU v10.6/MCU/ARM_GCC_Support/ewl/lib/armv6-m\librt.a(__arm_eabi_init.o)
 .debug_aranges
                0x00000a80       0x18 C:/Freescale/CW MCU v10.6/MCU/ARM_GCC_Support/ewl/lib/armv6-m\libc.a(errno.o)

.debug_macinfo  0x00000000   0x241bc4
 .debug_macinfo
                0x00000000    0x264f0 ./Project_Settings/Startup_Code/kinetis_sysinit.o
 .debug_macinfo
                0x000264f0     0x3e6d ./Project_Settings/Startup_Code/__arm_start.o
 .debug_macinfo
                0x0002a35d     0x3456 ./Project_Settings/Startup_Code/__arm_end.o
 .debug_macinfo
                0x0002d7b3    0x26567 ./Sources/TFC/TFC_arm_cm0.o
 .debug_macinfo
                0x00053d1a    0x29185 ./Sources/TFC/TFC_UART.o
 .debug_macinfo
                0x0007ce9f    0x29219 ./Sources/TFC/TFC_Terminal.o
 .debug_macinfo
                0x000a60b8    0x2924e ./Sources/TFC/TFC_Servo.o
 .debug_macinfo
                0x000cf306    0x29185 ./Sources/TFC/TFC_Queue.o
 .debug_macinfo
                0x000f848b    0x29232 ./Sources/TFC/TFC_Motor.o
 .debug_macinfo
                0x001216bd    0x29185 ./Sources/TFC/TFC_LineScanCamera.o
 .debug_macinfo
                0x0014a842    0x2927c ./Sources/TFC/TFC_CrystalClock.o
 .debug_macinfo
                0x00173abe    0x29185 ./Sources/TFC/TFC_BoardSupport.o
 .debug_macinfo
                0x0019cc43    0x29185 ./Sources/TFC/TFC_ARM_SysTick.o
 .debug_macinfo
                0x001c5dc8    0x29a48 ./Sources/TFC/TFC_ADC.o
 .debug_macinfo
                0x001ef810    0x29185 ./Sources/TFC/TFC.o
 .debug_macinfo
                0x00218995    0x2922f ./Sources/main.o

.debug_line     0x00000000     0x6ecd
 .debug_line    0x00000000      0x20b ./Project_Settings/Startup_Code/kinetis_sysinit.o
 .debug_line    0x0000020b      0x28e ./Project_Settings/Startup_Code/__arm_start.o
 .debug_line    0x00000499      0x266 ./Project_Settings/Startup_Code/__arm_end.o
 .debug_line    0x000006ff      0x278 ./Sources/TFC/TFC_arm_cm0.o
 .debug_line    0x00000977      0x516 ./Sources/TFC/TFC_UART.o
 .debug_line    0x00000e8d      0x58a ./Sources/TFC/TFC_Terminal.o
 .debug_line    0x00001417      0x4a3 ./Sources/TFC/TFC_Servo.o
 .debug_line    0x000018ba      0x4f0 ./Sources/TFC/TFC_Queue.o
 .debug_line    0x00001daa      0x497 ./Sources/TFC/TFC_Motor.o
 .debug_line    0x00002241      0x47f ./Sources/TFC/TFC_LineScanCamera.o
 .debug_line    0x000026c0      0xbb1 ./Sources/TFC/TFC_CrystalClock.o
 .debug_line    0x00003271      0x49d ./Sources/TFC/TFC_BoardSupport.o
 .debug_line    0x0000370e      0x491 ./Sources/TFC/TFC_ARM_SysTick.o
 .debug_line    0x00003b9f      0x583 ./Sources/TFC/TFC_ADC.o
 .debug_line    0x00004122      0x46a ./Sources/TFC/TFC.o
 .debug_line    0x0000458c      0x8e1 ./Sources/main.o
 .debug_line    0x00004e6d       0x92 C:/Freescale/CW MCU v10.6/MCU/ARM_GCC_Support/ewl/lib/armv6-m\libc.a(sscanf.o)
 .debug_line    0x00004eff       0x94 C:/Freescale/CW MCU v10.6/MCU/ARM_GCC_Support/ewl/lib/armv6-m\libc.a(vsprintf.o)
 .debug_line    0x00004f93       0xc8 C:/Freescale/CW MCU v10.6/MCU/ARM_GCC_Support/ewl/lib/armv6-m\libc.a(vsscanf.o)
 .debug_line    0x0000505b       0x8d C:/Freescale/CW MCU v10.6/MCU/ARM_GCC_Support/ewl/lib/armv6-m\libc.a(exit.o)
 .debug_line    0x000050e8       0x90 C:/Freescale/CW MCU v10.6/MCU/ARM_GCC_Support/ewl/lib/armv6-m\libc.a(memset.o)
 .debug_line    0x00005178       0x83 C:/Freescale/CW MCU v10.6/MCU/ARM_GCC_Support/ewl/lib/armv6-m\libc.a(strcmp.o)
 .debug_line    0x000051fb       0x7d C:/Freescale/CW MCU v10.6/MCU/ARM_GCC_Support/ewl/lib/armv6-m\libc.a(strcpy.o)
 .debug_line    0x00005278       0x85 C:/Freescale/CW MCU v10.6/MCU/ARM_GCC_Support/ewl/lib/armv6-m\libc.a(strlen.o)
 .debug_line    0x000052fd      0x2c3 C:/Freescale/CW MCU v10.6/MCU/ARM_GCC_Support/ewl/lib/armv6-m\libc.a(printformat_.o)
 .debug_line    0x000055c0      0x2be C:/Freescale/CW MCU v10.6/MCU/ARM_GCC_Support/ewl/lib/armv6-m\libc.a(scanformat_.o)
 .debug_line    0x0000587e      0x1be C:/Freescale/CW MCU v10.6/MCU/ARM_GCC_Support/ewl/lib/armv6-m\libc.a(ctype_aeabi.o)
 .debug_line    0x00005a3c       0xd4 C:/Freescale/CW MCU v10.6/MCU/ARM_GCC_Support/ewl/lib/armv6-m\libc.a(vsnprintf.o)
 .debug_line    0x00005b10      0x11e C:/Freescale/CW MCU v10.6/MCU/ARM_GCC_Support/ewl/lib/armv6-m\libc.a(__strtoul.o)
 .debug_line    0x00005c2e       0xf6 C:/Freescale/CW MCU v10.6/MCU/ARM_GCC_Support/ewl/lib/armv6-m\libc.a(__filll_mem.o)
 .debug_line    0x00005d24       0x9f C:/Freescale/CW MCU v10.6/MCU/ARM_GCC_Support/ewl/lib/armv6-m\libc.a(memchr.o)
 .debug_line    0x00005dc3       0x8b C:/Freescale/CW MCU v10.6/MCU/ARM_GCC_Support/ewl/lib/armv6-m\libc.a(memcpy.o)
 .debug_line    0x00005e4e       0x7d C:/Freescale/CW MCU v10.6/MCU/ARM_GCC_Support/ewl/lib/armv6-m\libc.a(strchr.o)
 .debug_line    0x00005ecb       0xee C:/Freescale/CW MCU v10.6/MCU/ARM_GCC_Support/ewl/lib/armv6-m\libm.a(s_atan.o)
 .debug_line    0x00005fb9       0xc7 C:/Freescale/CW MCU v10.6/MCU/ARM_GCC_Support/ewl/lib/armv6-m\libm.a(s_cos.o)
 .debug_line    0x00006080       0x74 C:/Freescale/CW MCU v10.6/MCU/ARM_GCC_Support/ewl/lib/armv6-m\libm.a(w_sqrt.o)
 .debug_line    0x000060f4      0x121 C:/Freescale/CW MCU v10.6/MCU/ARM_GCC_Support/ewl/lib/armv6-m\libm.a(e_rem_pio2.o)
 .debug_line    0x00006215      0x121 C:/Freescale/CW MCU v10.6/MCU/ARM_GCC_Support/ewl/lib/armv6-m\libm.a(e_sqrt.o)
 .debug_line    0x00006336       0x60 C:/Freescale/CW MCU v10.6/MCU/ARM_GCC_Support/ewl/lib/armv6-m\libm.a(float.o)
 .debug_line    0x00006396       0xbe C:/Freescale/CW MCU v10.6/MCU/ARM_GCC_Support/ewl/lib/armv6-m\libm.a(k_cos.o)
 .debug_line    0x00006454      0x300 C:/Freescale/CW MCU v10.6/MCU/ARM_GCC_Support/ewl/lib/armv6-m\libm.a(k_rem_pio2.o)
 .debug_line    0x00006754       0xb4 C:/Freescale/CW MCU v10.6/MCU/ARM_GCC_Support/ewl/lib/armv6-m\libm.a(k_sin.o)
 .debug_line    0x00006808      0x173 C:/Freescale/CW MCU v10.6/MCU/ARM_GCC_Support/ewl/lib/armv6-m\libm.a(math_api.o)
 .debug_line    0x0000697b       0xcf C:/Freescale/CW MCU v10.6/MCU/ARM_GCC_Support/ewl/lib/armv6-m\libm.a(s_floor.o)
 .debug_line    0x00006a4a       0x77 C:/Freescale/CW MCU v10.6/MCU/ARM_GCC_Support/ewl/lib/armv6-m\libm.a(scalbn.o)
 .debug_line    0x00006ac1       0xb9 C:/Freescale/CW MCU v10.6/MCU/ARM_GCC_Support/ewl/lib/armv6-m\libm.a(s_frexp.o)
 .debug_line    0x00006b7a       0xc6 C:/Freescale/CW MCU v10.6/MCU/ARM_GCC_Support/ewl/lib/armv6-m\libm.a(s_ldexp.o)
 .debug_line    0x00006c40       0x6c C:/Freescale/CW MCU v10.6/MCU/ARM_GCC_Support/ewl/lib/armv6-m\librt.a(gcc_ctor_dtor.o)
 .debug_line    0x00006cac       0xbd C:/Freescale/CW MCU v10.6/MCU/ARM_GCC_Support/ewl/lib/armv6-m\librt.a(ROMCopy.o)
 .debug_line    0x00006d69      0x117 C:/Freescale/CW MCU v10.6/MCU/ARM_GCC_Support/ewl/lib/armv6-m\librt.a(__arm_eabi_init.o)
 .debug_line    0x00006e80       0x4d C:/Freescale/CW MCU v10.6/MCU/ARM_GCC_Support/ewl/lib/armv6-m\libc.a(errno.o)

.debug_str      0x00000000     0x23a5
 .debug_str     0x00000000      0x28c ./Project_Settings/Startup_Code/kinetis_sysinit.o
                                0x2b3 (size before relaxing)
 .debug_str     0x0000028c       0x85 ./Project_Settings/Startup_Code/__arm_start.o
                                0x18d (size before relaxing)
 .debug_str     0x00000311       0x41 ./Project_Settings/Startup_Code/__arm_end.o
                                 0xc4 (size before relaxing)
 .debug_str     0x00000352       0xa4 ./Sources/TFC/TFC_arm_cm0.o
                                0x22d (size before relaxing)
 .debug_str     0x000003f6      0x435 ./Sources/TFC/TFC_UART.o
                                0x65c (size before relaxing)
 .debug_str     0x0000082b      0x1e9 ./Sources/TFC/TFC_Terminal.o
                                0x393 (size before relaxing)
 .debug_str     0x00000a14       0xb2 ./Sources/TFC/TFC_Servo.o
                                0x538 (size before relaxing)
 .debug_str     0x00000ac6       0xa4 ./Sources/TFC/TFC_Queue.o
                                0x231 (size before relaxing)
 .debug_str     0x00000b6a       0x4a ./Sources/TFC/TFC_Motor.o
                                0x2ca (size before relaxing)
 .debug_str     0x00000bb4      0x133 ./Sources/TFC/TFC_LineScanCamera.o
                                0x3d7 (size before relaxing)
 .debug_str     0x00000ce7      0x23f ./Sources/TFC/TFC_CrystalClock.o
                                0x472 (size before relaxing)
 .debug_str     0x00000f26       0x6b ./Sources/TFC/TFC_BoardSupport.o
                                0x2e8 (size before relaxing)
 .debug_str     0x00000f91       0x9a ./Sources/TFC/TFC_ARM_SysTick.o
                                0x1cc (size before relaxing)
 .debug_str     0x0000102b      0x204 ./Sources/TFC/TFC_ADC.o
                                0x798 (size before relaxing)
 .debug_str     0x0000122f       0x27 ./Sources/TFC/TFC.o
                                0x18a (size before relaxing)
 .debug_str     0x00001256      0x398 ./Sources/main.o
                                0x5d6 (size before relaxing)
 .debug_str     0x000015ee       0x32 C:/Freescale/CW MCU v10.6/MCU/ARM_GCC_Support/ewl/lib/armv6-m\libc.a(sscanf.o)
                                0x161 (size before relaxing)
 .debug_str     0x00001620       0x1e C:/Freescale/CW MCU v10.6/MCU/ARM_GCC_Support/ewl/lib/armv6-m\libc.a(vsprintf.o)
                                0x167 (size before relaxing)
 .debug_str     0x0000163e       0x9c C:/Freescale/CW MCU v10.6/MCU/ARM_GCC_Support/ewl/lib/armv6-m\libc.a(vsscanf.o)
                                0x1e5 (size before relaxing)
 .debug_str     0x000016da       0x2e C:/Freescale/CW MCU v10.6/MCU/ARM_GCC_Support/ewl/lib/armv6-m\libc.a(exit.o)
                                0x157 (size before relaxing)
 .debug_str     0x00001708       0x23 C:/Freescale/CW MCU v10.6/MCU/ARM_GCC_Support/ewl/lib/armv6-m\libc.a(memset.o)
                                0x140 (size before relaxing)
 .debug_str     0x0000172b       0x26 C:/Freescale/CW MCU v10.6/MCU/ARM_GCC_Support/ewl/lib/armv6-m\libc.a(strcmp.o)
                                0x152 (size before relaxing)
 .debug_str     0x00001751       0x1c C:/Freescale/CW MCU v10.6/MCU/ARM_GCC_Support/ewl/lib/armv6-m\libc.a(strcpy.o)
                                0x142 (size before relaxing)
 .debug_str     0x0000176d       0x1c C:/Freescale/CW MCU v10.6/MCU/ARM_GCC_Support/ewl/lib/armv6-m\libc.a(strlen.o)
                                0x140 (size before relaxing)
 .debug_str     0x00001789      0x21d C:/Freescale/CW MCU v10.6/MCU/ARM_GCC_Support/ewl/lib/armv6-m\libc.a(printformat_.o)
                                0x3b3 (size before relaxing)
 .debug_str     0x000019a6      0x14b C:/Freescale/CW MCU v10.6/MCU/ARM_GCC_Support/ewl/lib/armv6-m\libc.a(scanformat_.o)
                                0x3f9 (size before relaxing)
 .debug_str     0x00001af1       0x9d C:/Freescale/CW MCU v10.6/MCU/ARM_GCC_Support/ewl/lib/armv6-m\libc.a(ctype_aeabi.o)
                                0x1bc (size before relaxing)
 .debug_str     0x00001b8e       0x7c C:/Freescale/CW MCU v10.6/MCU/ARM_GCC_Support/ewl/lib/armv6-m\libc.a(vsnprintf.o)
                                0x1cc (size before relaxing)
 .debug_str     0x00001c0a       0x5b C:/Freescale/CW MCU v10.6/MCU/ARM_GCC_Support/ewl/lib/armv6-m\libc.a(__strtoul.o)
                                0x1fb (size before relaxing)
 .debug_str     0x00001c65       0x25 C:/Freescale/CW MCU v10.6/MCU/ARM_GCC_Support/ewl/lib/armv6-m\libc.a(__filll_mem.o)
                                0x152 (size before relaxing)
 .debug_str     0x00001c8a       0x1c C:/Freescale/CW MCU v10.6/MCU/ARM_GCC_Support/ewl/lib/armv6-m\libc.a(memchr.o)
                                0x148 (size before relaxing)
 .debug_str     0x00001ca6       0x1c C:/Freescale/CW MCU v10.6/MCU/ARM_GCC_Support/ewl/lib/armv6-m\libc.a(memcpy.o)
                                0x138 (size before relaxing)
 .debug_str     0x00001cc2       0x1c C:/Freescale/CW MCU v10.6/MCU/ARM_GCC_Support/ewl/lib/armv6-m\libc.a(strchr.o)
                                0x137 (size before relaxing)
 .debug_str     0x00001cde       0x39 C:/Freescale/CW MCU v10.6/MCU/ARM_GCC_Support/ewl/lib/armv6-m\libm.a(s_atan.o)
                                0x161 (size before relaxing)
 .debug_str     0x00001d17       0x11 C:/Freescale/CW MCU v10.6/MCU/ARM_GCC_Support/ewl/lib/armv6-m\libm.a(s_cos.o)
                                0x14d (size before relaxing)
 .debug_str     0x00001d28       0x12 C:/Freescale/CW MCU v10.6/MCU/ARM_GCC_Support/ewl/lib/armv6-m\libm.a(w_sqrt.o)
                                0x12b (size before relaxing)
 .debug_str     0x00001d3a       0x83 C:/Freescale/CW MCU v10.6/MCU/ARM_GCC_Support/ewl/lib/armv6-m\libm.a(e_rem_pio2.o)
                                0x1bf (size before relaxing)
 .debug_str     0x00001dbd       0x34 C:/Freescale/CW MCU v10.6/MCU/ARM_GCC_Support/ewl/lib/armv6-m\libm.a(e_sqrt.o)
                                0x17e (size before relaxing)
 .debug_str     0x00001df1       0xf9 C:/Freescale/CW MCU v10.6/MCU/ARM_GCC_Support/ewl/lib/armv6-m\libm.a(float.o)
                                0x225 (size before relaxing)
 .debug_str     0x00001eea       0x1e C:/Freescale/CW MCU v10.6/MCU/ARM_GCC_Support/ewl/lib/armv6-m\libm.a(k_cos.o)
                                0x151 (size before relaxing)
 .debug_str     0x00001f08       0x57 C:/Freescale/CW MCU v10.6/MCU/ARM_GCC_Support/ewl/lib/armv6-m\libm.a(k_rem_pio2.o)
                                0x196 (size before relaxing)
 .debug_str     0x00001f5f       0x1e C:/Freescale/CW MCU v10.6/MCU/ARM_GCC_Support/ewl/lib/armv6-m\libm.a(k_sin.o)
                                0x156 (size before relaxing)
 .debug_str     0x00001f7d       0xe0 C:/Freescale/CW MCU v10.6/MCU/ARM_GCC_Support/ewl/lib/armv6-m\libm.a(math_api.o)
                                0x228 (size before relaxing)
 .debug_str     0x0000205d       0x19 C:/Freescale/CW MCU v10.6/MCU/ARM_GCC_Support/ewl/lib/armv6-m\libm.a(s_floor.o)
                                0x14c (size before relaxing)
 .debug_str     0x00002076       0x25 C:/Freescale/CW MCU v10.6/MCU/ARM_GCC_Support/ewl/lib/armv6-m\libm.a(scalbn.o)
                                0x13f (size before relaxing)
 .debug_str     0x0000209b       0x24 C:/Freescale/CW MCU v10.6/MCU/ARM_GCC_Support/ewl/lib/armv6-m\libm.a(s_frexp.o)
                                0x15d (size before relaxing)
 .debug_str     0x000020bf       0x20 C:/Freescale/CW MCU v10.6/MCU/ARM_GCC_Support/ewl/lib/armv6-m\libm.a(s_ldexp.o)
                                0x164 (size before relaxing)
 .debug_str     0x000020df      0x126 C:/Freescale/CW MCU v10.6/MCU/ARM_GCC_Support/ewl/lib/armv6-m\librt.a(gcc_ctor_dtor.o)
                                0x181 (size before relaxing)
 .debug_str     0x00002205       0x96 C:/Freescale/CW MCU v10.6/MCU/ARM_GCC_Support/ewl/lib/armv6-m\librt.a(ROMCopy.o)
                                0x13c (size before relaxing)
 .debug_str     0x0000229b       0xf8 C:/Freescale/CW MCU v10.6/MCU/ARM_GCC_Support/ewl/lib/armv6-m\librt.a(__arm_eabi_init.o)
                                0x1b5 (size before relaxing)
 .debug_str     0x00002393       0x12 C:/Freescale/CW MCU v10.6/MCU/ARM_GCC_Support/ewl/lib/armv6-m\libc.a(errno.o)
                                0x12c (size before relaxing)

.comment        0x00000000       0x79
 .comment       0x00000000       0x79 ./Project_Settings/Startup_Code/kinetis_sysinit.o
                                 0x7a (size before relaxing)
 .comment       0x00000000       0x7a ./Project_Settings/Startup_Code/__arm_start.o
 .comment       0x00000000       0x7a ./Project_Settings/Startup_Code/__arm_end.o
 .comment       0x00000000       0x7a ./Sources/TFC/TFC_arm_cm0.o
 .comment       0x00000000       0x7a ./Sources/TFC/TFC_UART.o
 .comment       0x00000000       0x7a ./Sources/TFC/TFC_Terminal.o
 .comment       0x00000000       0x7a ./Sources/TFC/TFC_Servo.o
 .comment       0x00000000       0x7a ./Sources/TFC/TFC_Queue.o
 .comment       0x00000000       0x7a ./Sources/TFC/TFC_Motor.o
 .comment       0x00000000       0x7a ./Sources/TFC/TFC_LineScanCamera.o
 .comment       0x00000000       0x7a ./Sources/TFC/TFC_CrystalClock.o
 .comment       0x00000000       0x7a ./Sources/TFC/TFC_BoardSupport.o